Archive member included to satisfy reference by file (symbol)

c:/progra~2/gnuarm~1/102021~1.10/bin/../lib/gcc/arm-none-eabi/10.3.1/thumb/v6-m/nofp\libgcc.a(_dvmd_tls.o)
                              CMakeFiles/nrf_rc_link.dir/C_/Users/aspen/Code/pico-sdk/src/rp2_common/pico_divider/divider.S.obj (__aeabi_idiv0)
c:/progra~2/gnuarm~1/102021~1.10/bin/../lib/gcc/arm-none-eabi/10.3.1/../../../../arm-none-eabi/lib/thumb/v6-m/nofp\libc.a(lib_a-calloc.o)
                              CMakeFiles/nrf_rc_link.dir/C_/Users/aspen/Code/pico-sdk/src/rp2_common/pico_malloc/pico_malloc.c.obj (calloc)
c:/progra~2/gnuarm~1/102021~1.10/bin/../lib/gcc/arm-none-eabi/10.3.1/../../../../arm-none-eabi/lib/thumb/v6-m/nofp\libc.a(lib_a-callocr.o)
                              c:/progra~2/gnuarm~1/102021~1.10/bin/../lib/gcc/arm-none-eabi/10.3.1/../../../../arm-none-eabi/lib/thumb/v6-m/nofp\libc.a(lib_a-calloc.o) (_calloc_r)
c:/progra~2/gnuarm~1/102021~1.10/bin/../lib/gcc/arm-none-eabi/10.3.1/../../../../arm-none-eabi/lib/thumb/v6-m/nofp\libc.a(lib_a-errno.o)
                              c:/progra~2/gnuarm~1/102021~1.10/bin/../lib/gcc/arm-none-eabi/10.3.1/../../../../arm-none-eabi/lib/thumb/v6-m/nofp\libc.a(lib_a-callocr.o) (__errno)
c:/progra~2/gnuarm~1/102021~1.10/bin/../lib/gcc/arm-none-eabi/10.3.1/../../../../arm-none-eabi/lib/thumb/v6-m/nofp\libc.a(lib_a-impure.o)
                              c:/progra~2/gnuarm~1/102021~1.10/bin/../lib/gcc/arm-none-eabi/10.3.1/../../../../arm-none-eabi/lib/thumb/v6-m/nofp\libc.a(lib_a-calloc.o) (_impure_ptr)
c:/progra~2/gnuarm~1/102021~1.10/bin/../lib/gcc/arm-none-eabi/10.3.1/../../../../arm-none-eabi/lib/thumb/v6-m/nofp\libc.a(lib_a-init.o)
                              c:/progra~2/gnuarm~1/102021~1.10/bin/../lib/gcc/arm-none-eabi/10.3.1/../../../../arm-none-eabi/lib/thumb/v6-m/nofp/crt0.o (__libc_init_array)
c:/progra~2/gnuarm~1/102021~1.10/bin/../lib/gcc/arm-none-eabi/10.3.1/../../../../arm-none-eabi/lib/thumb/v6-m/nofp\libc.a(lib_a-malloc.o)
                              CMakeFiles/nrf_rc_link.dir/C_/Users/aspen/Code/pico-sdk/src/rp2_common/pico_malloc/pico_malloc.c.obj (malloc)
c:/progra~2/gnuarm~1/102021~1.10/bin/../lib/gcc/arm-none-eabi/10.3.1/../../../../arm-none-eabi/lib/thumb/v6-m/nofp\libc.a(lib_a-mallocr.o)
                              c:/progra~2/gnuarm~1/102021~1.10/bin/../lib/gcc/arm-none-eabi/10.3.1/../../../../arm-none-eabi/lib/thumb/v6-m/nofp\libc.a(lib_a-callocr.o) (_malloc_r)
c:/progra~2/gnuarm~1/102021~1.10/bin/../lib/gcc/arm-none-eabi/10.3.1/../../../../arm-none-eabi/lib/thumb/v6-m/nofp\libc.a(lib_a-mlock.o)
                              c:/progra~2/gnuarm~1/102021~1.10/bin/../lib/gcc/arm-none-eabi/10.3.1/../../../../arm-none-eabi/lib/thumb/v6-m/nofp\libc.a(lib_a-mallocr.o) (__malloc_lock)
c:/progra~2/gnuarm~1/102021~1.10/bin/../lib/gcc/arm-none-eabi/10.3.1/../../../../arm-none-eabi/lib/thumb/v6-m/nofp\libc.a(lib_a-realloc.o)
                              CMakeFiles/nrf_rc_link.dir/C_/Users/aspen/Code/pico-sdk/src/rp2_common/pico_malloc/pico_malloc.c.obj (realloc)
c:/progra~2/gnuarm~1/102021~1.10/bin/../lib/gcc/arm-none-eabi/10.3.1/../../../../arm-none-eabi/lib/thumb/v6-m/nofp\libc.a(lib_a-reallocr.o)
                              c:/progra~2/gnuarm~1/102021~1.10/bin/../lib/gcc/arm-none-eabi/10.3.1/../../../../arm-none-eabi/lib/thumb/v6-m/nofp\libc.a(lib_a-realloc.o) (_realloc_r)
c:/progra~2/gnuarm~1/102021~1.10/bin/../lib/gcc/arm-none-eabi/10.3.1/../../../../arm-none-eabi/lib/thumb/v6-m/nofp\libc.a(lib_a-sbrkr.o)
                              c:/progra~2/gnuarm~1/102021~1.10/bin/../lib/gcc/arm-none-eabi/10.3.1/../../../../arm-none-eabi/lib/thumb/v6-m/nofp\libc.a(lib_a-mallocr.o) (_sbrk_r)
c:/progra~2/gnuarm~1/102021~1.10/bin/../lib/gcc/arm-none-eabi/10.3.1/../../../../arm-none-eabi/lib/thumb/v6-m/nofp\libc.a(lib_a-strcmp.o)
                              CMakeFiles/nrf_rc_link.dir/nrf_rc_link.c.obj (strcmp)
c:/progra~2/gnuarm~1/102021~1.10/bin/../lib/gcc/arm-none-eabi/10.3.1/../../../../arm-none-eabi/lib/thumb/v6-m/nofp\libc.a(lib_a-strlen-stub.o)
                              CMakeFiles/nrf_rc_link.dir/nrf_rc_link.c.obj (strlen)
c:/progra~2/gnuarm~1/102021~1.10/bin/../lib/gcc/arm-none-eabi/10.3.1/../../../../arm-none-eabi/lib/thumb/v6-m/nofp\libc.a(lib_a-freer.o)
                              c:/progra~2/gnuarm~1/102021~1.10/bin/../lib/gcc/arm-none-eabi/10.3.1/../../../../arm-none-eabi/lib/thumb/v6-m/nofp\libc.a(lib_a-malloc.o) (_free_r)
c:/progra~2/gnuarm~1/102021~1.10/bin/../lib/gcc/arm-none-eabi/10.3.1/../../../../arm-none-eabi/lib/thumb/v6-m/nofp\libc.a(lib_a-lock.o)
                              c:/progra~2/gnuarm~1/102021~1.10/bin/../lib/gcc/arm-none-eabi/10.3.1/../../../../arm-none-eabi/lib/thumb/v6-m/nofp\libc.a(lib_a-mlock.o) (__retarget_lock_acquire_recursive)
c:/progra~2/gnuarm~1/102021~1.10/bin/../lib/gcc/arm-none-eabi/10.3.1/../../../../arm-none-eabi/lib/thumb/v6-m/nofp\libc.a(lib_a-memmove.o)
[...]
Memory Configuration

Name             Origin             Length             Attributes
FLASH            0x10000000         0x00200000         xr
RAM              0x20000000         0x00040000         xrw
SCRATCH_X        0x20040000         0x00001000         xrw
SCRATCH_Y        0x20041000         0x00001000         xrw
*default*        0x00000000         0xffffffff

Linker script and memory map

LOAD c:/progra~2/gnuarm~1/102021~1.10/bin/../lib/gcc/arm-none-eabi/10.3.1/thumb/v6-m/nofp/crti.o
LOAD c:/progra~2/gnuarm~1/102021~1.10/bin/../lib/gcc/arm-none-eabi/10.3.1/thumb/v6-m/nofp/crtbegin.o
LOAD c:/progra~2/gnuarm~1/102021~1.10/bin/../lib/gcc/arm-none-eabi/10.3.1/../../../../arm-none-eabi/lib/thumb/v6-m/nofp/crt0.o

.flash_begin    0x10000000        0x0
                0x10000000                __flash_binary_start = .

.boot2          0x10000000      0x100
                0x10000000                __boot2_start__ = .
 *(.boot2)
 .boot2         0x10000000      0x100 C:\Users\aspen\AppData\Local\Temp\ccSIPu7E.o
                0x10000100                __boot2_end__ = .
                0x00000001                ASSERT (((__boot2_end__ - __boot2_start__) == 0x100), ERROR: Pico second stage bootloader must be 256 bytes in size)

.text           0x10000100     0x7d10
                0x10000100                __logical_binary_start = .
 *(.vectors)
 .vectors       0x10000100       0xd4 CMakeFiles/nrf_rc_link.dir/C_/Users/aspen/Code/pico-sdk/src/rp2_common/pico_standard_link/crt0.S.obj
                0x10000100                __VECTOR_TABLE
                0x10000100                __vectors
                0x100001c0                isr_invalid
                0x100001c0                __default_isrs_start
                0x100001c2                isr_nmi
                0x100001c4                isr_hardfault
                0x100001c6                isr_svcall
                0x100001c8                isr_pendsv
                0x100001ca                isr_systick
                0x100001cc                isr_irq23
                0x100001cc                isr_irq18
                0x100001cc                isr_irq11
                0x100001cc                isr_irq28
                0x100001cc                isr_irq19
                0x100001cc                isr_irq0
                0x100001cc                isr_irq6
                0x100001cc                isr_irq5
                0x100001cc                isr_irq12
                0x100001cc                isr_irq22
                0x100001cc                isr_irq31
                0x100001cc                isr_irq17
                0x100001cc                isr_irq27
                0x100001cc                isr_irq30
                0x100001cc                isr_irq2
                0x100001cc                isr_irq10
                0x100001cc                isr_irq8
                0x100001cc                isr_irq24
                0x100001cc                isr_irq1
                0x100001cc                isr_irq7
                0x100001cc                isr_irq21
                0x100001cc                isr_irq20
                0x100001cc                isr_irq15
                0x100001cc                isr_irq25
                0x100001cc                isr_irq13
                0x100001cc                __unhandled_user_irq
                0x100001cc                isr_irq4
                0x100001cc                isr_irq16
                0x100001cc                isr_irq29
                0x100001cc                isr_irq26
                0x100001cc                __default_isrs_end
                0x100001cc                isr_irq3
                0x100001cc                isr_irq14
                0x100001cc                isr_irq9
                0x100001d2                unhandled_user_irq_num_in_r0
 *(.binary_info_header)
 .binary_info_header
                0x100001d4       0x14 CMakeFiles/nrf_rc_link.dir/C_/Users/aspen/Code/pico-sdk/src/rp2_common/pico_standard_link/crt0.S.obj
                0x100001e8                __binary_info_header_end = .
 *(.reset)
 .reset         0x100001e8       0xa0 CMakeFiles/nrf_rc_link.dir/C_/Users/aspen/Code/pico-sdk/src/rp2_common/pico_standard_link/crt0.S.obj
                0x100001e8                _entry_point
 .reset         0x10000288       0x30 CMakeFiles/nrf_rc_link.dir/C_/Users/aspen/Code/pico-sdk/src/rp2_common/pico_standard_link/binary_info.c.obj
 *(.init)
 .init          0x100002b8        0x4 c:/progra~2/gnuarm~1/102021~1.10/bin/../lib/gcc/arm-none-eabi/10.3.1/thumb/v6-m/nofp/crti.o
                0x100002b8                _init
 *(EXCLUDE_FILE(*libm.a: *libc.a:*lib_a-mem*.o *libgcc.a:) .text*)
 .text          0x100002bc       0x48 c:/progra~2/gnuarm~1/102021~1.10/bin/../lib/gcc/arm-none-eabi/10.3.1/thumb/v6-m/nofp/crtbegin.o
 .text.startup.main
                0x10000304      0x1e0 CMakeFiles/nrf_rc_link.dir/nrf_rc_link.c.obj
                0x10000304                main
 .text.nrf_driver_configure
                0x100004e4       0xdc CMakeFiles/nrf_rc_link.dir/lib/nrf24l01/nrf24_driver.c.obj
                0x100004e4                nrf_driver_configure
 .text.nrf_driver_tx_destination
                0x100005c0       0xa0 CMakeFiles/nrf_rc_link.dir/lib/nrf24l01/nrf24_driver.c.obj
                0x100005c0                nrf_driver_tx_destination
 .text.nrf_driver_read_packet
                0x10000660      0x12c CMakeFiles/nrf_rc_link.dir/lib/nrf24l01/nrf24_driver.c.obj
                0x10000660                nrf_driver_read_packet
 .text.nrf_driver_rf_channel
                0x1000078c       0x48 CMakeFiles/nrf_rc_link.dir/lib/nrf24l01/nrf24_driver.c.obj
                0x1000078c                nrf_driver_rf_channel
 .text.nrf_driver_rf_data_rate
                0x100007d4       0x84 CMakeFiles/nrf_rc_link.dir/lib/nrf24l01/nrf24_driver.c.obj
                0x100007d4                nrf_driver_rf_data_rate
 .text.nrf_driver_receiver_mode
                0x10000858       0xe4 CMakeFiles/nrf_rc_link.dir/lib/nrf24l01/nrf24_driver.c.obj
                0x10000858                nrf_driver_receiver_mode
 .text.nrf_driver_auto_retransmission
                0x1000093c       0x5c CMakeFiles/nrf_rc_link.dir/lib/nrf24l01/nrf24_driver.c.obj
                0x1000093c                nrf_driver_auto_retransmission
 .text.nrf_driver_initialise
                0x10000998      0x21c CMakeFiles/nrf_rc_link.dir/lib/nrf24l01/nrf24_driver.c.obj
                0x10000998                nrf_driver_initialise
 .text.nrf_driver_rf_power
                0x10000bb4       0x84 CMakeFiles/nrf_rc_link.dir/lib/nrf24l01/nrf24_driver.c.obj
                0x10000bb4                nrf_driver_rf_power
 .text.nrf_driver_standby_mode
                0x10000c38       0x88 CMakeFiles/nrf_rc_link.dir/lib/nrf24l01/nrf24_driver.c.obj
                0x10000c38                nrf_driver_standby_mode
 .text.nrf_driver_payload_size
                0x10000cc0       0xc8 CMakeFiles/nrf_rc_link.dir/lib/nrf24l01/nrf24_driver.c.obj
                0x10000cc0                nrf_driver_payload_size
 .text.nrf_driver_is_packet
                0x10000d88      0x110 CMakeFiles/nrf_rc_link.dir/lib/nrf24l01/nrf24_driver.c.obj
                0x10000d88                nrf_driver_is_packet
 .text.nrf_driver_rx_destination
                0x10000e98      0x174 CMakeFiles/nrf_rc_link.dir/lib/nrf24l01/nrf24_driver.c.obj
                0x10000e98                nrf_driver_rx_destination
 .text.nrf_driver_dyn_payloads_enable
                0x1000100c       0xac CMakeFiles/nrf_rc_link.dir/lib/nrf24l01/nrf24_driver.c.obj
                0x1000100c                nrf_driver_dyn_payloads_enable
 .text.nrf_driver_dyn_payloads_disable
                0x100010b8       0xa8 CMakeFiles/nrf_rc_link.dir/lib/nrf24l01/nrf24_driver.c.obj
                0x100010b8                nrf_driver_dyn_payloads_disable
 .text.nrf_driver_send_packet
                0x10001160      0x314 CMakeFiles/nrf_rc_link.dir/lib/nrf24l01/nrf24_driver.c.obj
                0x10001160                nrf_driver_send_packet
 .text.nrf_driver_create_client
                0x10001474       0x84 CMakeFiles/nrf_rc_link.dir/lib/nrf24l01/nrf24_driver.c.obj
                0x10001474                nrf_driver_create_client
 .text.spi_manager_init_spi
                0x100014f8       0x34 CMakeFiles/nrf_rc_link.dir/lib/nrf24l01/spi_manager/spi_manager.c.obj
                0x100014f8                spi_manager_init_spi
 .text.spi_manager_deinit_spi
                0x1000152c        0x8 CMakeFiles/nrf_rc_link.dir/lib/nrf24l01/spi_manager/spi_manager.c.obj
                0x1000152c                spi_manager_deinit_spi
 .text.spi_manager_transfer
                0x10001534       0x38 CMakeFiles/nrf_rc_link.dir/lib/nrf24l01/spi_manager/spi_manager.c.obj
                0x10001534                spi_manager_transfer
 .text.csn_put_high
                0x1000156c        0xc CMakeFiles/nrf_rc_link.dir/lib/nrf24l01/pin_manager/pin_manager.c.obj
                0x1000156c                csn_put_high
 .text.csn_put_low
                0x10001578        0xc CMakeFiles/nrf_rc_link.dir/lib/nrf24l01/pin_manager/pin_manager.c.obj
                0x10001578                csn_put_low
 .text.ce_put_high
                0x10001584        0xc CMakeFiles/nrf_rc_link.dir/lib/nrf24l01/pin_manager/pin_manager.c.obj
                0x10001584                ce_put_high
 .text.ce_put_low
                0x10001590        0xc CMakeFiles/nrf_rc_link.dir/lib/nrf24l01/pin_manager/pin_manager.c.obj
                0x10001590                ce_put_low
 .text.pin_manager_configure
                0x1000159c       0xb8 CMakeFiles/nrf_rc_link.dir/lib/nrf24l01/pin_manager/pin_manager.c.obj
                0x1000159c                pin_manager_configure
 .text.gpio_set_function
                0x10001654       0x30 CMakeFiles/nrf_rc_link.dir/C_/Users/aspen/Code/pico-sdk/src/rp2_common/hardware_gpio/gpio.c.obj
                0x10001654                gpio_set_function
 .text.gpio_init
                0x10001684       0x3c CMakeFiles/nrf_rc_link.dir/C_/Users/aspen/Code/pico-sdk/src/rp2_common/hardware_gpio/gpio.c.obj
                0x10001684                gpio_init
 .text.running_on_fpga
                0x100016c0       0x10 CMakeFiles/nrf_rc_link.dir/C_/Users/aspen/Code/pico-sdk/src/rp2_common/pico_platform/platform.c.obj
                0x100016c0                running_on_fpga
 .text.hw_claim_or_assert
                0x100016d0       0x44 CMakeFiles/nrf_rc_link.dir/C_/Users/aspen/Code/pico-sdk/src/rp2_common/hardware_claim/claim.c.obj
                0x100016d0                hw_claim_or_assert
 .text.hw_claim_unused_from_range
                0x10001714       0x9c CMakeFiles/nrf_rc_link.dir/C_/Users/aspen/Code/pico-sdk/src/rp2_common/hardware_claim/claim.c.obj
                0x10001714                hw_claim_unused_from_range
 .text.spin_locks_reset
                0x100017b0       0x1c CMakeFiles/nrf_rc_link.dir/C_/Users/aspen/Code/pico-sdk/src/rp2_common/hardware_sync/sync.c.obj
                0x100017b0                spin_locks_reset
 .text.next_striped_spin_lock_num
                0x100017cc       0x18 CMakeFiles/nrf_rc_link.dir/C_/Users/aspen/Code/pico-sdk/src/rp2_common/hardware_sync/sync.c.obj
                0x100017cc                next_striped_spin_lock_num
 .text.spin_lock_claim_unused
                0x100017e4       0x20 CMakeFiles/nrf_rc_link.dir/C_/Users/aspen/Code/pico-sdk/src/rp2_common/hardware_sync/sync.c.obj
                0x100017e4                spin_lock_claim_unused
 .text.irq_set_enabled
                0x10001804       0x24 CMakeFiles/nrf_rc_link.dir/C_/Users/aspen/Code/pico-sdk/src/rp2_common/hardware_irq/irq.c.obj
                0x10001804                irq_set_enabled
 .text.irq_set_pending
                0x10001828       0x10 CMakeFiles/nrf_rc_link.dir/C_/Users/aspen/Code/pico-sdk/src/rp2_common/hardware_irq/irq.c.obj
                0x10001828                irq_set_pending
 .text.irq_has_shared_handler
                0x10001838       0x2c CMakeFiles/nrf_rc_link.dir/C_/Users/aspen/Code/pico-sdk/src/rp2_common/hardware_irq/irq.c.obj
                0x10001838                irq_has_shared_handler
 .text.irq_get_vtable_handler
                0x10001864       0x10 CMakeFiles/nrf_rc_link.dir/C_/Users/aspen/Code/pico-sdk/src/rp2_common/hardware_irq/irq.c.obj
                0x10001864                irq_get_vtable_handler
 .text.irq_set_exclusive_handler
                0x10001874       0x54 CMakeFiles/nrf_rc_link.dir/C_/Users/aspen/Code/pico-sdk/src/rp2_common/hardware_irq/irq.c.obj
                0x10001874                irq_set_exclusive_handler
 .text.irq_add_shared_handler
                0x100018c8      0x1e8 CMakeFiles/nrf_rc_link.dir/C_/Users/aspen/Code/pico-sdk/src/rp2_common/hardware_irq/irq.c.obj
                0x100018c8                irq_add_shared_handler
 .text.irq_remove_handler
                0x10001ab0      0x1b0 CMakeFiles/nrf_rc_link.dir/C_/Users/aspen/Code/pico-sdk/src/rp2_common/hardware_irq/irq.c.obj
                0x10001ab0                irq_remove_handler
 .text.irq_add_tail_to_free_list
                0x10001c60       0xb4 CMakeFiles/nrf_rc_link.dir/C_/Users/aspen/Code/pico-sdk/src/rp2_common/hardware_irq/irq.c.obj
                0x10001c60                irq_add_tail_to_free_list
 .text.irq_init_priorities
                0x10001d14       0x24 CMakeFiles/nrf_rc_link.dir/C_/Users/aspen/Code/pico-sdk/src/rp2_common/hardware_irq/irq.c.obj
                0x10001d14                irq_init_priorities
 .text.user_irq_claim_unused
                0x10001d38       0x28 CMakeFiles/nrf_rc_link.dir/C_/Users/aspen/Code/pico-sdk/src/rp2_common/hardware_irq/irq.c.obj
                0x10001d38                user_irq_claim_unused
 .text.lock_init
                0x10001d60       0x10 CMakeFiles/nrf_rc_link.dir/C_/Users/aspen/Code/pico-sdk/src/common/pico_sync/lock_core.c.obj
                0x10001d60                lock_init
 .text.mutex_init
                0x10001d70       0x1c CMakeFiles/nrf_rc_link.dir/C_/Users/aspen/Code/pico-sdk/src/common/pico_sync/mutex.c.obj
                0x10001d70                mutex_init
 .text.recursive_mutex_init
                0x10001d8c       0x1c CMakeFiles/nrf_rc_link.dir/C_/Users/aspen/Code/pico-sdk/src/common/pico_sync/mutex.c.obj
                0x10001d8c                recursive_mutex_init
 .text.critical_section_init
                0x10001da8       0x20 CMakeFiles/nrf_rc_link.dir/C_/Users/aspen/Code/pico-sdk/src/common/pico_sync/critical_section.c.obj
                0x10001da8                critical_section_init
 .text.critical_section_init_with_lock_num
                0x10001dc8       0x14 CMakeFiles/nrf_rc_link.dir/C_/Users/aspen/Code/pico-sdk/src/common/pico_sync/critical_section.c.obj
                0x10001dc8                critical_section_init_with_lock_num
 .text.timer_pool_entry_comparator
                0x10001ddc       0x34 CMakeFiles/nrf_rc_link.dir/C_/Users/aspen/Code/pico-sdk/src/common/pico_time/time.c.obj
                0x10001ddc                timer_pool_entry_comparator
 .text.sleep_until_callback
                0x10001e10       0x30 CMakeFiles/nrf_rc_link.dir/C_/Users/aspen/Code/pico-sdk/src/common/pico_time/time.c.obj
 .text.add_alarm_under_lock.isra.0
                0x10001e40      0x100 CMakeFiles/nrf_rc_link.dir/C_/Users/aspen/Code/pico-sdk/src/common/pico_time/time.c.obj
 .text.alarm_pool_alarm_callback
                0x10001f40      0x1bc CMakeFiles/nrf_rc_link.dir/C_/Users/aspen/Code/pico-sdk/src/common/pico_time/time.c.obj
 .text.alarm_pool_init_default
                0x100020fc       0x6c CMakeFiles/nrf_rc_link.dir/C_/Users/aspen/Code/pico-sdk/src/common/pico_time/time.c.obj
                0x100020fc                alarm_pool_init_default
 .text.alarm_pool_get_default
                0x10002168        0x8 CMakeFiles/nrf_rc_link.dir/C_/Users/aspen/Code/pico-sdk/src/common/pico_time/time.c.obj
                0x10002168                alarm_pool_get_default
 .text.alarm_pool_add_alarm_at
                0x10002170      0x178 CMakeFiles/nrf_rc_link.dir/C_/Users/aspen/Code/pico-sdk/src/common/pico_time/time.c.obj
                0x10002170                alarm_pool_add_alarm_at
 .text.alarm_pool_core_num
                0x100022e8        0x4 CMakeFiles/nrf_rc_link.dir/C_/Users/aspen/Code/pico-sdk/src/common/pico_time/time.c.obj
                0x100022e8                alarm_pool_core_num
 .text.sleep_until
                0x100022ec       0xc4 CMakeFiles/nrf_rc_link.dir/C_/Users/aspen/Code/pico-sdk/src/common/pico_time/time.c.obj
                0x100022ec                sleep_until
 .text.sleep_us
                0x100023b0       0x24 CMakeFiles/nrf_rc_link.dir/C_/Users/aspen/Code/pico-sdk/src/common/pico_time/time.c.obj
                0x100023b0                sleep_us
 .text.sleep_ms
                0x100023d4       0x34 CMakeFiles/nrf_rc_link.dir/C_/Users/aspen/Code/pico-sdk/src/common/pico_time/time.c.obj
                0x100023d4                sleep_ms
 .text.best_effort_wfe_or_timeout
                0x10002408       0xd4 CMakeFiles/nrf_rc_link.dir/C_/Users/aspen/Code/pico-sdk/src/common/pico_time/time.c.obj
                0x10002408                best_effort_wfe_or_timeout
 .text.hardware_alarm_irq_handler
                0x100024dc       0xbc CMakeFiles/nrf_rc_link.dir/C_/Users/aspen/Code/pico-sdk/src/rp2_common/hardware_timer/timer.c.obj
 .text.hardware_alarm_claim
                0x10002598       0x18 CMakeFiles/nrf_rc_link.dir/C_/Users/aspen/Code/pico-sdk/src/rp2_common/hardware_timer/timer.c.obj
                0x10002598                hardware_alarm_claim
 .text.time_us_64
                0x100025b0       0x14 CMakeFiles/nrf_rc_link.dir/C_/Users/aspen/Code/pico-sdk/src/rp2_common/hardware_timer/timer.c.obj
                0x100025b0                time_us_64
 .text.busy_wait_until
                0x100025c4       0x20 CMakeFiles/nrf_rc_link.dir/C_/Users/aspen/Code/pico-sdk/src/rp2_common/hardware_timer/timer.c.obj
                0x100025c4                busy_wait_until
 .text.hardware_alarm_set_callback
                0x100025e4       0x8c CMakeFiles/nrf_rc_link.dir/C_/Users/aspen/Code/pico-sdk/src/rp2_common/hardware_timer/timer.c.obj
                0x100025e4                hardware_alarm_set_callback
 .text.hardware_alarm_set_target
                0x10002670       0xd4 CMakeFiles/nrf_rc_link.dir/C_/Users/aspen/Code/pico-sdk/src/rp2_common/hardware_timer/timer.c.obj
                0x10002670                hardware_alarm_set_target
 .text.hardware_alarm_cancel
                0x10002744       0x3c CMakeFiles/nrf_rc_link.dir/C_/Users/aspen/Code/pico-sdk/src/rp2_common/hardware_timer/timer.c.obj
                0x10002744                hardware_alarm_cancel
 .text.ph_merge_nodes
                0x10002780       0x68 CMakeFiles/nrf_rc_link.dir/C_/Users/aspen/Code/pico-sdk/src/common/pico_util/pheap.c.obj
 .text.ph_post_alloc_init
                0x100027e8       0x3c CMakeFiles/nrf_rc_link.dir/C_/Users/aspen/Code/pico-sdk/src/common/pico_util/pheap.c.obj
                0x100027e8                ph_post_alloc_init
 .text.ph_merge_two_pass
                0x10002824       0x90 CMakeFiles/nrf_rc_link.dir/C_/Users/aspen/Code/pico-sdk/src/common/pico_util/pheap.c.obj
                0x10002824                ph_merge_two_pass
 .text.ph_remove_any_head
                0x100028b4      0x100 CMakeFiles/nrf_rc_link.dir/C_/Users/aspen/Code/pico-sdk/src/common/pico_util/pheap.c.obj
 .text.ph_remove_head
                0x100029b4      0x104 CMakeFiles/nrf_rc_link.dir/C_/Users/aspen/Code/pico-sdk/src/common/pico_util/pheap.c.obj
                0x100029b4                ph_remove_head
 .text.ph_remove_and_free_node
                0x10002ab8       0x7c CMakeFiles/nrf_rc_link.dir/C_/Users/aspen/Code/pico-sdk/src/common/pico_util/pheap.c.obj
                0x10002ab8                ph_remove_and_free_node
 .text.clocks_init
                0x10002b34      0x2d0 CMakeFiles/nrf_rc_link.dir/C_/Users/aspen/Code/pico-sdk/src/rp2_common/hardware_clocks/clocks.c.obj
                0x10002b34                clocks_init
 .text.clock_get_hz
                0x10002e04        0xc CMakeFiles/nrf_rc_link.dir/C_/Users/aspen/Code/pico-sdk/src/rp2_common/hardware_clocks/clocks.c.obj
                0x10002e04                clock_get_hz
 .text.pll_init
                0x10002e10       0xa0 CMakeFiles/nrf_rc_link.dir/C_/Users/aspen/Code/pico-sdk/src/rp2_common/hardware_pll/pll.c.obj
                0x10002e10                pll_init
 .text.watchdog_start_tick
                0x10002eb0       0x10 CMakeFiles/nrf_rc_link.dir/C_/Users/aspen/Code/pico-sdk/src/rp2_common/hardware_watchdog/watchdog.c.obj
                0x10002eb0                watchdog_start_tick
 .text.watchdog_reboot
                0x10002ec0       0x98 CMakeFiles/nrf_rc_link.dir/C_/Users/aspen/Code/pico-sdk/src/rp2_common/hardware_watchdog/watchdog.c.obj
                0x10002ec0                watchdog_reboot
 .text.xosc_init
                0x10002f58       0x28 CMakeFiles/nrf_rc_link.dir/C_/Users/aspen/Code/pico-sdk/src/rp2_common/hardware_xosc/xosc.c.obj
                0x10002f58                xosc_init
 .text.runtime_init
                0x10002f80       0xf0 CMakeFiles/nrf_rc_link.dir/C_/Users/aspen/Code/pico-sdk/src/rp2_common/pico_runtime/runtime.c.obj
                0x10002f80                runtime_init
 .text._exit    0x10003070        0x4 CMakeFiles/nrf_rc_link.dir/C_/Users/aspen/Code/pico-sdk/src/rp2_common/pico_runtime/runtime.c.obj
                0x10003070                _exit
 .text.exit     0x10003074        0x8 CMakeFiles/nrf_rc_link.dir/C_/Users/aspen/Code/pico-sdk/src/rp2_common/pico_runtime/runtime.c.obj
                0x10003074                exit
 .text.panic    0x1000307c       0x30 CMakeFiles/nrf_rc_link.dir/C_/Users/aspen/Code/pico-sdk/src/rp2_common/pico_runtime/runtime.c.obj
                0x1000307c                panic
 .text.hard_assertion_failure
                0x100030ac        0xc CMakeFiles/nrf_rc_link.dir/C_/Users/aspen/Code/pico-sdk/src/rp2_common/pico_runtime/runtime.c.obj
                0x100030ac                hard_assertion_failure
 .text._out_null
                0x100030b8        0x4 CMakeFiles/nrf_rc_link.dir/C_/Users/aspen/Code/pico-sdk/src/rp2_common/pico_printf/printf.c.obj
 .text._out_rev
                0x100030bc       0x9c CMakeFiles/nrf_rc_link.dir/C_/Users/aspen/Code/pico-sdk/src/rp2_common/pico_printf/printf.c.obj
 .text._ntoa_format
                0x10003158      0x1cc CMakeFiles/nrf_rc_link.dir/C_/Users/aspen/Code/pico-sdk/src/rp2_common/pico_printf/printf.c.obj
 .text._out_char
                0x10003324       0x10 CMakeFiles/nrf_rc_link.dir/C_/Users/aspen/Code/pico-sdk/src/rp2_common/pico_printf/printf.c.obj
 .text._out_fct
                0x10003334       0x10 CMakeFiles/nrf_rc_link.dir/C_/Users/aspen/Code/pico-sdk/src/rp2_common/pico_printf/printf.c.obj
 .text._etoa    0x10003344      0x44c CMakeFiles/nrf_rc_link.dir/C_/Users/aspen/Code/pico-sdk/src/rp2_common/pico_printf/printf.c.obj
 .text._ftoa    0x10003790      0x398 CMakeFiles/nrf_rc_link.dir/C_/Users/aspen/Code/pico-sdk/src/rp2_common/pico_printf/printf.c.obj
 .text._vsnprintf
                0x10003b28      0xb04 CMakeFiles/nrf_rc_link.dir/C_/Users/aspen/Code/pico-sdk/src/rp2_common/pico_printf/printf.c.obj
 .text.vfctprintf
                0x1000462c       0x20 CMakeFiles/nrf_rc_link.dir/C_/Users/aspen/Code/pico-sdk/src/rp2_common/pico_printf/printf.c.obj
                0x1000462c                vfctprintf
 .text.weak_raw_vprintf
                0x1000464c       0x30 CMakeFiles/nrf_rc_link.dir/C_/Users/aspen/Code/pico-sdk/src/rp2_common/pico_printf/printf.c.obj
                0x1000464c                weak_raw_vprintf
 .text          0x1000467c       0x10 CMakeFiles/nrf_rc_link.dir/C_/Users/aspen/Code/pico-sdk/src/rp2_common/pico_bit_ops/bit_ops_aeabi.S.obj
 .text.rom_func_lookup
                0x1000468c       0x10 CMakeFiles/nrf_rc_link.dir/C_/Users/aspen/Code/pico-sdk/src/rp2_common/pico_bootrom/bootrom.c.obj
                0x1000468c                rom_func_lookup
 .text.rom_data_lookup
                0x1000469c       0x10 CMakeFiles/nrf_rc_link.dir/C_/Users/aspen/Code/pico-sdk/src/rp2_common/pico_bootrom/bootrom.c.obj
                0x1000469c                rom_data_lookup
 .text.rom_funcs_lookup
                0x100046ac       0x44 CMakeFiles/nrf_rc_link.dir/C_/Users/aspen/Code/pico-sdk/src/rp2_common/pico_bootrom/bootrom.c.obj
                0x100046ac                rom_funcs_lookup
 .text.__wrap___aeabi_idiv
                0x100046f0       0x50 CMakeFiles/nrf_rc_link.dir/C_/Users/aspen/Code/pico-sdk/src/rp2_common/pico_divider/divider.S.obj
                0x100046f0                __wrap___aeabi_idivmod
                0x100046f0                divmod_s32s32
                0x100046f0                div_s32s32
                0x100046f0                __wrap___aeabi_idiv
                0x100046f8                divmod_s32s32_unsafe
                0x10004724                divmod_s32s32_savestate
 .text.__wrap___aeabi_uidiv
                0x10004740       0x4c CMakeFiles/nrf_rc_link.dir/C_/Users/aspen/Code/pico-sdk/src/rp2_common/pico_divider/divider.S.obj
                0x10004740                __wrap___aeabi_uidiv
                0x10004740                __wrap___aeabi_uidivmod
                0x10004740                div_u32u32
                0x10004740                divmod_u32u32
                0x10004748                divmod_u32u32_unsafe
                0x10004770                divmod_u32u32_savestate
 .text.__wrap___aeabi_ldiv
                0x1000478c      0x424 CMakeFiles/nrf_rc_link.dir/C_/Users/aspen/Code/pico-sdk/src/rp2_common/pico_divider/divider.S.obj
                0x1000478c                div_s64s64
                0x1000478c                divmod_s64s64
                0x1000478c                __wrap___aeabi_ldivmod
                0x100047bc                divmod_u64u64
                0x100047bc                div_u64u64
                0x100047bc                __wrap___aeabi_uldivmod
                0x100047cc                divmod_u64u64_savestate
                0x100047ec                divmod_s64s64_unsafe
                0x10004874                divmod_u64u64_unsafe
 .text.__wrap___aeabi_darithmetic
                0x10004bb0       0x80 CMakeFiles/nrf_rc_link.dir/C_/Users/aspen/Code/pico-sdk/src/rp2_common/pico_double/double_aeabi.S.obj
                0x10004bb0                __wrap___aeabi_drsub
                0x10004bb6                __wrap___aeabi_dsub
                0x10004bc8                __wrap___aeabi_dadd
                0x10004bda                __wrap___aeabi_ddiv
                0x10004c16                __wrap___aeabi_dmul
 .text.__wrap___aeabi_cdcmple
                0x10004c30       0x6c CMakeFiles/nrf_rc_link.dir/C_/Users/aspen/Code/pico-sdk/src/rp2_common/pico_double/double_aeabi.S.obj
                0x10004c30                __wrap___aeabi_cdrcmple
                0x10004c40                __wrap___aeabi_cdcmpeq
                0x10004c40                __wrap___aeabi_cdcmple
 .text.__wrap___aeabi_dcmplt
                0x10004c9c        0xc CMakeFiles/nrf_rc_link.dir/C_/Users/aspen/Code/pico-sdk/src/rp2_common/pico_double/double_aeabi.S.obj
                0x10004c9c                __wrap___aeabi_dcmplt
 .text.__wrap___aeabi_dcmple
                0x10004ca8       0x10 CMakeFiles/nrf_rc_link.dir/C_/Users/aspen/Code/pico-sdk/src/rp2_common/pico_double/double_aeabi.S.obj
                0x10004ca8                __wrap___aeabi_dcmple
 .text.__wrap___aeabi_dcmpge
                0x10004cb8       0x10 CMakeFiles/nrf_rc_link.dir/C_/Users/aspen/Code/pico-sdk/src/rp2_common/pico_double/double_aeabi.S.obj
                0x10004cb8                __wrap___aeabi_dcmpge
 .text.__wrap___aeabi_dcmpgt
                0x10004cc8        0xa CMakeFiles/nrf_rc_link.dir/C_/Users/aspen/Code/pico-sdk/src/rp2_common/pico_double/double_aeabi.S.obj
                0x10004cc8                __wrap___aeabi_dcmpgt
 .text.__wrap___aeabi_dcmpun
                0x10004cd2       0x1c CMakeFiles/nrf_rc_link.dir/C_/Users/aspen/Code/pico-sdk/src/rp2_common/pico_double/double_aeabi.S.obj
                0x10004cd2                __wrap___aeabi_dcmpun
 *fill*         0x10004cee        0x2 
 .text.__wrap___aeabi_i2d
                0x10004cf0       0x38 CMakeFiles/nrf_rc_link.dir/C_/Users/aspen/Code/pico-sdk/src/rp2_common/pico_double/double_aeabi.S.obj
                0x10004cf0                __wrap___aeabi_ui2d
                0x10004cf8                __wrap___aeabi_i2d
 .text.__wrap___aeabi_d2iz
                0x10004d28       0x48 CMakeFiles/nrf_rc_link.dir/C_/Users/aspen/Code/pico-sdk/src/rp2_common/pico_double/double_aeabi.S.obj
                0x10004d28                double2int_z
                0x10004d28                __wrap___aeabi_d2iz
 .text.__wrap___aeabi_d2uiz
                0x10004d70       0x18 CMakeFiles/nrf_rc_link.dir/C_/Users/aspen/Code/pico-sdk/src/rp2_common/pico_double/double_aeabi.S.obj
                0x10004d70                __wrap___aeabi_d2uiz
                0x10004d70                double2uint
 .text.__aeabi_double_init
                0x10004d88       0x94 CMakeFiles/nrf_rc_link.dir/C_/Users/aspen/Code/pico-sdk/src/rp2_common/pico_double/double_init_rom.c.obj
                0x10004d88                __aeabi_double_init
 .text.double_table_shim_on_use_helper
                0x10004e1c       0x2c CMakeFiles/nrf_rc_link.dir/C_/Users/aspen/Code/pico-sdk/src/rp2_common/pico_double/double_v1_rom_shim.S.obj
                0x10004e1c                double_table_shim_on_use_helper
 .text.__wrap___aeabi_dsub
                0x10004e48       0x10 CMakeFiles/nrf_rc_link.dir/C_/Users/aspen/Code/pico-sdk/src/rp2_common/pico_double/double_v1_rom_shim.S.obj
                0x10004e48                drsub_shim
                0x10004e4e                dsub_shim
 .text.dadd_shim
                0x10004e58      0x15c CMakeFiles/nrf_rc_link.dir/C_/Users/aspen/Code/pico-sdk/src/rp2_common/pico_double/double_v1_rom_shim.S.obj
                0x10004e58                dadd_shim
 .text.dmul_shim
                0x10004fb4      0x15c CMakeFiles/nrf_rc_link.dir/C_/Users/aspen/Code/pico-sdk/src/rp2_common/pico_double/double_v1_rom_shim.S.obj
                0x10004fb4                dmul_shim
 .text.ddiv_shim
                0x10005110      0x1b0 CMakeFiles/nrf_rc_link.dir/C_/Users/aspen/Code/pico-sdk/src/rp2_common/pico_double/double_v1_rom_shim.S.obj
                0x10005110                ddiv_shim
 .text.double2uint_shim
                0x100052c0        0xe CMakeFiles/nrf_rc_link.dir/C_/Users/aspen/Code/pico-sdk/src/rp2_common/pico_double/double_v1_rom_shim.S.obj
                0x100052c0                double2uint_shim
                0x100052c2                double2ufix_shim
 *fill*         0x100052ce        0x2 
 .text.double2uint64_shim
                0x100052d0       0x70 CMakeFiles/nrf_rc_link.dir/C_/Users/aspen/Code/pico-sdk/src/rp2_common/pico_double/double_v1_rom_shim.S.obj
                0x100052d0                double2uint64_shim
                0x100052d2                double2ufix64_shim
                0x100052f2                d2fix_a
 .text.dunpacks
                0x10005340       0x3c CMakeFiles/nrf_rc_link.dir/C_/Users/aspen/Code/pico-sdk/src/rp2_common/pico_double/double_v1_rom_shim.S.obj
                0x10005340                dunpacks
 .text.__aeabi_lmul
                0x1000537c       0x32 CMakeFiles/nrf_rc_link.dir/C_/Users/aspen/Code/pico-sdk/src/rp2_common/pico_int64_ops/pico_int64_ops_aeabi.S.obj
                0x1000537c                __wrap___aeabi_lmul
 *fill*         0x100053ae        0x2 
 .text.__aeabi_float_init
                0x100053b0       0x64 CMakeFiles/nrf_rc_link.dir/C_/Users/aspen/Code/pico-sdk/src/rp2_common/pico_float/float_init_rom.c.obj
                0x100053b0                __aeabi_float_init
 .text.float_table_shim_on_use_helper
                0x10005414       0x2c CMakeFiles/nrf_rc_link.dir/C_/Users/aspen/Code/pico-sdk/src/rp2_common/pico_float/float_v1_rom_shim.S.obj
                0x10005414                float_table_shim_on_use_helper
 .text          0x10005440       0x10 CMakeFiles/nrf_rc_link.dir/C_/Users/aspen/Code/pico-sdk/src/rp2_common/pico_mem_ops/mem_ops_aeabi.S.obj
                0x10005440                __aeabi_mem_init
 .text.memset   0x10005450        0xc CMakeFiles/nrf_rc_link.dir/C_/Users/aspen/Code/pico-sdk/src/rp2_common/pico_mem_ops/mem_ops_aeabi.S.obj
                0x10005450                __wrap_memset
 .text.memcpy   0x1000545c        0xc CMakeFiles/nrf_rc_link.dir/C_/Users/aspen/Code/pico-sdk/src/rp2_common/pico_mem_ops/mem_ops_aeabi.S.obj
                0x1000545c                __wrap_memcpy
                0x1000545c                __wrap___aeabi_memcpy
 .text.stdio_out_chars_no_crlf
                0x10005468       0x10 CMakeFiles/nrf_rc_link.dir/C_/Users/aspen/Code/pico-sdk/src/rp2_common/pico_stdio/stdio.c.obj
 .text.stdio_out_chars_crlf
                0x10005478       0xb4 CMakeFiles/nrf_rc_link.dir/C_/Users/aspen/Code/pico-sdk/src/rp2_common/pico_stdio/stdio.c.obj
 .text.stdio_buffered_printer
                0x1000552c       0x64 CMakeFiles/nrf_rc_link.dir/C_/Users/aspen/Code/pico-sdk/src/rp2_common/pico_stdio/stdio.c.obj
 .text.stdio_put_string.isra.0
                0x10005590       0xfc CMakeFiles/nrf_rc_link.dir/C_/Users/aspen/Code/pico-sdk/src/rp2_common/pico_stdio/stdio.c.obj
 .text.__wrap_putchar
                0x1000568c       0x98 CMakeFiles/nrf_rc_link.dir/C_/Users/aspen/Code/pico-sdk/src/rp2_common/pico_stdio/stdio.c.obj
                0x1000568c                __wrap_putchar
 .text.__wrap_puts
                0x10005724       0x3c CMakeFiles/nrf_rc_link.dir/C_/Users/aspen/Code/pico-sdk/src/rp2_common/pico_stdio/stdio.c.obj
                0x10005724                __wrap_puts
 .text.stdio_set_driver_enabled
                0x10005760       0x30 CMakeFiles/nrf_rc_link.dir/C_/Users/aspen/Code/pico-sdk/src/rp2_common/pico_stdio/stdio.c.obj
                0x10005760                stdio_set_driver_enabled
 .text.__wrap_vprintf
                0x10005790       0xd8 CMakeFiles/nrf_rc_link.dir/C_/Users/aspen/Code/pico-sdk/src/rp2_common/pico_stdio/stdio.c.obj
                0x10005790                __wrap_vprintf
 .text.__wrap_printf
                0x10005868       0x18 CMakeFiles/nrf_rc_link.dir/C_/Users/aspen/Code/pico-sdk/src/rp2_common/pico_stdio/stdio.c.obj
                0x10005868                __wrap_printf
 .text.stdio_init_all
                0x10005880        0x8 CMakeFiles/nrf_rc_link.dir/C_/Users/aspen/Code/pico-sdk/src/rp2_common/pico_stdio/stdio.c.obj
                0x10005880                stdio_init_all
 .text.resetd_init
                0x10005888        0x4 CMakeFiles/nrf_rc_link.dir/C_/Users/aspen/Code/pico-sdk/src/rp2_common/pico_stdio_usb/reset_interface.c.obj
 .text.resetd_reset
                0x1000588c        0xc CMakeFiles/nrf_rc_link.dir/C_/Users/aspen/Code/pico-sdk/src/rp2_common/pico_stdio_usb/reset_interface.c.obj
 .text.resetd_open
                0x10005898       0x28 CMakeFiles/nrf_rc_link.dir/C_/Users/aspen/Code/pico-sdk/src/rp2_common/pico_stdio_usb/reset_interface.c.obj
 .text.resetd_xfer_cb
                0x100058c0        0x4 CMakeFiles/nrf_rc_link.dir/C_/Users/aspen/Code/pico-sdk/src/rp2_common/pico_stdio_usb/reset_interface.c.obj
 .text.resetd_control_xfer_cb
                0x100058c4       0x64 CMakeFiles/nrf_rc_link.dir/C_/Users/aspen/Code/pico-sdk/src/rp2_common/pico_stdio_usb/reset_interface.c.obj
 .text.usbd_app_driver_get_cb
                0x10005928        0xc CMakeFiles/nrf_rc_link.dir/C_/Users/aspen/Code/pico-sdk/src/rp2_common/pico_stdio_usb/reset_interface.c.obj
                0x10005928                usbd_app_driver_get_cb
 .text.tud_cdc_line_coding_cb
                0x10005934       0x34 CMakeFiles/nrf_rc_link.dir/C_/Users/aspen/Code/pico-sdk/src/rp2_common/pico_stdio_usb/reset_interface.c.obj
                0x10005934                tud_cdc_line_coding_cb
 .text.stdio_usb_set_chars_available_callback
                0x10005968       0x14 CMakeFiles/nrf_rc_link.dir/C_/Users/aspen/Code/pico-sdk/src/rp2_common/pico_stdio_usb/stdio_usb.c.obj
                0x10005968                stdio_usb_set_chars_available_callback
 .text.usb_irq  0x1000597c       0x10 CMakeFiles/nrf_rc_link.dir/C_/Users/aspen/Code/pico-sdk/src/rp2_common/pico_stdio_usb/stdio_usb.c.obj
 .text.timer_task
                0x1000598c       0x54 CMakeFiles/nrf_rc_link.dir/C_/Users/aspen/Code/pico-sdk/src/rp2_common/pico_stdio_usb/stdio_usb.c.obj
 .text.stdio_usb_in_chars
                0x100059e0       0x90 CMakeFiles/nrf_rc_link.dir/C_/Users/aspen/Code/pico-sdk/src/rp2_common/pico_stdio_usb/stdio_usb.c.obj
                0x100059e0                stdio_usb_in_chars
 .text.stdio_usb_out_chars
                0x10005a70      0x100 CMakeFiles/nrf_rc_link.dir/C_/Users/aspen/Code/pico-sdk/src/rp2_common/pico_stdio_usb/stdio_usb.c.obj
 .text.low_priority_worker_irq
                0x10005b70       0xa8 CMakeFiles/nrf_rc_link.dir/C_/Users/aspen/Code/pico-sdk/src/rp2_common/pico_stdio_usb/stdio_usb.c.obj
 .text.tud_cdc_rx_cb
                0x10005c18       0x20 CMakeFiles/nrf_rc_link.dir/C_/Users/aspen/Code/pico-sdk/src/rp2_common/pico_stdio_usb/stdio_usb.c.obj
                0x10005c18                tud_cdc_rx_cb
 .text.stdio_usb_init
                0x10005c38       0xdc CMakeFiles/nrf_rc_link.dir/C_/Users/aspen/Code/pico-sdk/src/rp2_common/pico_stdio_usb/stdio_usb.c.obj
                0x10005c38                stdio_usb_init
 .text.tud_descriptor_device_cb
                0x10005d14        0x8 CMakeFiles/nrf_rc_link.dir/C_/Users/aspen/Code/pico-sdk/src/rp2_common/pico_stdio_usb/stdio_usb_descriptors.c.obj
                0x10005d14                tud_descriptor_device_cb
 .text.tud_descriptor_configuration_cb
                0x10005d1c        0x8 CMakeFiles/nrf_rc_link.dir/C_/Users/aspen/Code/pico-sdk/src/rp2_common/pico_stdio_usb/stdio_usb_descriptors.c.obj
                0x10005d1c                tud_descriptor_configuration_cb
 .text.tud_descriptor_string_cb
                0x10005d24       0x74 CMakeFiles/nrf_rc_link.dir/C_/Users/aspen/Code/pico-sdk/src/rp2_common/pico_stdio_usb/stdio_usb_descriptors.c.obj
                0x10005d24                tud_descriptor_string_cb
 .text.startup._retrieve_unique_id_on_boot
                0x10005d98       0x10 CMakeFiles/nrf_rc_link.dir/C_/Users/aspen/Code/pico-sdk/src/rp2_common/pico_unique_id/unique_id.c.obj
 .text.pico_get_unique_board_id_string
                0x10005da8      0x1a8 CMakeFiles/nrf_rc_link.dir/C_/Users/aspen/Code/pico-sdk/src/rp2_common/pico_unique_id/unique_id.c.obj
                0x10005da8                pico_get_unique_board_id_string
 .text.flash_get_unique_id
                0x10005f50       0x40 CMakeFiles/nrf_rc_link.dir/C_/Users/aspen/Code/pico-sdk/src/rp2_common/hardware_flash/flash.c.obj
                0x10005f50                flash_get_unique_id
 .text.dcd_int_enable
                0x10005f90        0xc CMakeFiles/nrf_rc_link.dir/C_/Users/aspen/Code/pico-sdk/lib/tinyusb/src/portable/raspberrypi/rp2040/dcd_rp2040.c.obj
                0x10005f90                dcd_int_enable
 .text.dcd_set_address
                0x10005f9c       0x14 CMakeFiles/nrf_rc_link.dir/C_/Users/aspen/Code/pico-sdk/lib/tinyusb/src/portable/raspberrypi/rp2040/dcd_rp2040.c.obj
                0x10005f9c                dcd_set_address
 .text.dcd_connect
                0x10005fb0       0x10 CMakeFiles/nrf_rc_link.dir/C_/Users/aspen/Code/pico-sdk/lib/tinyusb/src/portable/raspberrypi/rp2040/dcd_rp2040.c.obj
                0x10005fb0                dcd_connect
 .text.dcd_init
                0x10005fc0       0x98 CMakeFiles/nrf_rc_link.dir/C_/Users/aspen/Code/pico-sdk/lib/tinyusb/src/portable/raspberrypi/rp2040/dcd_rp2040.c.obj
                0x10005fc0                dcd_init
 .text.dcd_edpt0_status_complete
                0x10006058       0x1c CMakeFiles/nrf_rc_link.dir/C_/Users/aspen/Code/pico-sdk/lib/tinyusb/src/portable/raspberrypi/rp2040/dcd_rp2040.c.obj
                0x10006058                dcd_edpt0_status_complete
 .text.dcd_edpt_open
                0x10006074      0x108 CMakeFiles/nrf_rc_link.dir/C_/Users/aspen/Code/pico-sdk/lib/tinyusb/src/portable/raspberrypi/rp2040/dcd_rp2040.c.obj
                0x10006074                dcd_edpt_open
 .text.dcd_edpt_close_all
                0x1000617c        0x8 CMakeFiles/nrf_rc_link.dir/C_/Users/aspen/Code/pico-sdk/lib/tinyusb/src/portable/raspberrypi/rp2040/dcd_rp2040.c.obj
                0x1000617c                dcd_edpt_close_all
 .text.dcd_edpt_xfer
                0x10006184       0x24 CMakeFiles/nrf_rc_link.dir/C_/Users/aspen/Code/pico-sdk/lib/tinyusb/src/portable/raspberrypi/rp2040/dcd_rp2040.c.obj
                0x10006184                dcd_edpt_xfer
 .text.dcd_edpt_stall
                0x100061a8       0x38 CMakeFiles/nrf_rc_link.dir/C_/Users/aspen/Code/pico-sdk/lib/tinyusb/src/portable/raspberrypi/rp2040/dcd_rp2040.c.obj
                0x100061a8                dcd_edpt_stall
 .text.dcd_edpt_clear_stall
                0x100061e0       0x30 CMakeFiles/nrf_rc_link.dir/C_/Users/aspen/Code/pico-sdk/lib/tinyusb/src/portable/raspberrypi/rp2040/dcd_rp2040.c.obj
                0x100061e0                dcd_edpt_clear_stall
 .text.rp2040_usb_init
                0x10006210       0x4c CMakeFiles/nrf_rc_link.dir/C_/Users/aspen/Code/pico-sdk/lib/tinyusb/src/portable/raspberrypi/rp2040/rp2040_usb.c.obj
                0x10006210                rp2040_usb_init
 .text.hw_endpoint_xfer_start
                0x1000625c       0x50 CMakeFiles/nrf_rc_link.dir/C_/Users/aspen/Code/pico-sdk/lib/tinyusb/src/portable/raspberrypi/rp2040/rp2040_usb.c.obj
                0x1000625c                hw_endpoint_xfer_start
 .text.tud_mounted
                0x100062ac       0x10 CMakeFiles/nrf_rc_link.dir/C_/Users/aspen/Code/pico-sdk/lib/tinyusb/src/device/usbd.c.obj
                0x100062ac                tud_mounted
 .text.tud_suspended
                0x100062bc       0x10 CMakeFiles/nrf_rc_link.dir/C_/Users/aspen/Code/pico-sdk/lib/tinyusb/src/device/usbd.c.obj
                0x100062bc                tud_suspended
 .text.tud_inited
                0x100062cc       0x14 CMakeFiles/nrf_rc_link.dir/C_/Users/aspen/Code/pico-sdk/lib/tinyusb/src/device/usbd.c.obj
                0x100062cc                tud_inited
 .text.tud_init
                0x100062e0       0xe4 CMakeFiles/nrf_rc_link.dir/C_/Users/aspen/Code/pico-sdk/lib/tinyusb/src/device/usbd.c.obj
                0x100062e0                tud_init
 .text.tud_task_ext
                0x100063c4      0x854 CMakeFiles/nrf_rc_link.dir/C_/Users/aspen/Code/pico-sdk/lib/tinyusb/src/device/usbd.c.obj
                0x100063c4                tud_task_ext
 .text.usbd_open_edpt_pair
                0x10006c18       0x9c CMakeFiles/nrf_rc_link.dir/C_/Users/aspen/Code/pico-sdk/lib/tinyusb/src/device/usbd.c.obj
                0x10006c18                usbd_open_edpt_pair
 .text.usbd_defer_func
                0x10006cb4       0x48 CMakeFiles/nrf_rc_link.dir/C_/Users/aspen/Code/pico-sdk/lib/tinyusb/src/device/usbd.c.obj
                0x10006cb4                usbd_defer_func
 .text.usbd_edpt_open
                0x10006cfc       0x34 CMakeFiles/nrf_rc_link.dir/C_/Users/aspen/Code/pico-sdk/lib/tinyusb/src/device/usbd.c.obj
                0x10006cfc                usbd_edpt_open
 .text.usbd_edpt_claim
                0x10006d30       0x28 CMakeFiles/nrf_rc_link.dir/C_/Users/aspen/Code/pico-sdk/lib/tinyusb/src/device/usbd.c.obj
                0x10006d30                usbd_edpt_claim
 .text.usbd_edpt_release
                0x10006d58       0x28 CMakeFiles/nrf_rc_link.dir/C_/Users/aspen/Code/pico-sdk/lib/tinyusb/src/device/usbd.c.obj
                0x10006d58                usbd_edpt_release
 .text.usbd_edpt_xfer
                0x10006d80       0x4c CMakeFiles/nrf_rc_link.dir/C_/Users/aspen/Code/pico-sdk/lib/tinyusb/src/device/usbd.c.obj
                0x10006d80                usbd_edpt_xfer
 .text.tud_control_status
                0x10006dcc       0x30 CMakeFiles/nrf_rc_link.dir/C_/Users/aspen/Code/pico-sdk/lib/tinyusb/src/device/usbd_control.c.obj
                0x10006dcc                tud_control_status
 .text.tud_control_xfer
                0x10006dfc       0xbc CMakeFiles/nrf_rc_link.dir/C_/Users/aspen/Code/pico-sdk/lib/tinyusb/src/device/usbd_control.c.obj
                0x10006dfc                tud_control_xfer
 .text.usbd_control_reset
                0x10006eb8       0x14 CMakeFiles/nrf_rc_link.dir/C_/Users/aspen/Code/pico-sdk/lib/tinyusb/src/device/usbd_control.c.obj
                0x10006eb8                usbd_control_reset
 .text.usbd_control_set_complete_callback
                0x10006ecc        0xc CMakeFiles/nrf_rc_link.dir/C_/Users/aspen/Code/pico-sdk/lib/tinyusb/src/device/usbd_control.c.obj
                0x10006ecc                usbd_control_set_complete_callback
 .text.usbd_control_set_request
                0x10006ed8       0x1c CMakeFiles/nrf_rc_link.dir/C_/Users/aspen/Code/pico-sdk/lib/tinyusb/src/device/usbd_control.c.obj
                0x10006ed8                usbd_control_set_request
 .text.usbd_control_xfer_cb
                0x10006ef4       0xfc CMakeFiles/nrf_rc_link.dir/C_/Users/aspen/Code/pico-sdk/lib/tinyusb/src/device/usbd_control.c.obj
                0x10006ef4                usbd_control_xfer_cb
 .text.tud_cdc_n_connected
                0x10006ff0       0x30 CMakeFiles/nrf_rc_link.dir/C_/Users/aspen/Code/pico-sdk/lib/tinyusb/src/class/cdc/cdc_device.c.obj
                0x10006ff0                tud_cdc_n_connected
 .text.tud_cdc_n_available
                0x10007020       0x18 CMakeFiles/nrf_rc_link.dir/C_/Users/aspen/Code/pico-sdk/lib/tinyusb/src/class/cdc/cdc_device.c.obj
                0x10007020                tud_cdc_n_available
 .text.tud_cdc_n_read
                0x10007038       0x70 CMakeFiles/nrf_rc_link.dir/C_/Users/aspen/Code/pico-sdk/lib/tinyusb/src/class/cdc/cdc_device.c.obj
                0x10007038                tud_cdc_n_read
 .text.tud_cdc_n_write_flush
                0x100070a8       0x78 CMakeFiles/nrf_rc_link.dir/C_/Users/aspen/Code/pico-sdk/lib/tinyusb/src/class/cdc/cdc_device.c.obj
                0x100070a8                tud_cdc_n_write_flush
 .text.tud_cdc_n_write
                0x10007120       0x34 CMakeFiles/nrf_rc_link.dir/C_/Users/aspen/Code/pico-sdk/lib/tinyusb/src/class/cdc/cdc_device.c.obj
                0x10007120                tud_cdc_n_write
 .text.tud_cdc_n_write_available
                0x10007154       0x18 CMakeFiles/nrf_rc_link.dir/C_/Users/aspen/Code/pico-sdk/lib/tinyusb/src/class/cdc/cdc_device.c.obj
                0x10007154                tud_cdc_n_write_available
 .text.cdcd_init
                0x1000716c       0x7c CMakeFiles/nrf_rc_link.dir/C_/Users/aspen/Code/pico-sdk/lib/tinyusb/src/class/cdc/cdc_device.c.obj
                0x1000716c                cdcd_init
 .text.cdcd_reset
                0x100071e8       0x2c CMakeFiles/nrf_rc_link.dir/C_/Users/aspen/Code/pico-sdk/lib/tinyusb/src/class/cdc/cdc_device.c.obj
                0x100071e8                cdcd_reset
 .text.cdcd_open
                0x10007214       0xe8 CMakeFiles/nrf_rc_link.dir/C_/Users/aspen/Code/pico-sdk/lib/tinyusb/src/class/cdc/cdc_device.c.obj
                0x10007214                cdcd_open
 .text.cdcd_control_xfer_cb
                0x100072fc       0xe4 CMakeFiles/nrf_rc_link.dir/C_/Users/aspen/Code/pico-sdk/lib/tinyusb/src/class/cdc/cdc_device.c.obj
                0x100072fc                cdcd_control_xfer_cb
 .text.cdcd_xfer_cb
                0x100073e0      0x148 CMakeFiles/nrf_rc_link.dir/C_/Users/aspen/Code/pico-sdk/lib/tinyusb/src/class/cdc/cdc_device.c.obj
                0x100073e0                cdcd_xfer_cb
 .text.tusb_init
                0x10007528        0xc CMakeFiles/nrf_rc_link.dir/C_/Users/aspen/Code/pico-sdk/lib/tinyusb/src/tusb.c.obj
                0x10007528                tusb_init
 .text.tusb_inited
                0x10007534        0x8 CMakeFiles/nrf_rc_link.dir/C_/Users/aspen/Code/pico-sdk/lib/tinyusb/src/tusb.c.obj
                0x10007534                tusb_inited
 .text.tu_edpt_claim
                0x1000753c       0x50 CMakeFiles/nrf_rc_link.dir/C_/Users/aspen/Code/pico-sdk/lib/tinyusb/src/tusb.c.obj
                0x1000753c                tu_edpt_claim
 .text.tu_edpt_release
                0x1000758c       0x38 CMakeFiles/nrf_rc_link.dir/C_/Users/aspen/Code/pico-sdk/lib/tinyusb/src/tusb.c.obj
                0x1000758c                tu_edpt_release
 .text.tu_edpt_validate
                0x100075c4       0x78 CMakeFiles/nrf_rc_link.dir/C_/Users/aspen/Code/pico-sdk/lib/tinyusb/src/tusb.c.obj
                0x100075c4                tu_edpt_validate
 .text.tu_edpt_bind_driver
                0x1000763c       0x34 CMakeFiles/nrf_rc_link.dir/C_/Users/aspen/Code/pico-sdk/lib/tinyusb/src/tusb.c.obj
                0x1000763c                tu_edpt_bind_driver
 .text.tu_fifo_config
                0x10007670       0x70 CMakeFiles/nrf_rc_link.dir/C_/Users/aspen/Code/pico-sdk/lib/tinyusb/src/common/tusb_fifo.c.obj
                0x10007670                tu_fifo_config
 .text.tu_fifo_count
                0x100076e0       0x2c CMakeFiles/nrf_rc_link.dir/C_/Users/aspen/Code/pico-sdk/lib/tinyusb/src/common/tusb_fifo.c.obj
                0x100076e0                tu_fifo_count
 .text.tu_fifo_empty
                0x1000770c       0x10 CMakeFiles/nrf_rc_link.dir/C_/Users/aspen/Code/pico-sdk/lib/tinyusb/src/common/tusb_fifo.c.obj
                0x1000770c                tu_fifo_empty
 .text.tu_fifo_remaining
                0x1000771c       0x2c CMakeFiles/nrf_rc_link.dir/C_/Users/aspen/Code/pico-sdk/lib/tinyusb/src/common/tusb_fifo.c.obj
                0x1000771c                tu_fifo_remaining
 .text.tu_fifo_read
                0x10007748       0xa0 CMakeFiles/nrf_rc_link.dir/C_/Users/aspen/Code/pico-sdk/lib/tinyusb/src/common/tusb_fifo.c.obj
                0x10007748                tu_fifo_read
 .text.tu_fifo_read_n
                0x100077e8       0xec CMakeFiles/nrf_rc_link.dir/C_/Users/aspen/Code/pico-sdk/lib/tinyusb/src/common/tusb_fifo.c.obj
                0x100077e8                tu_fifo_read_n
 .text.tu_fifo_write
                0x100078d4       0x88 CMakeFiles/nrf_rc_link.dir/C_/Users/aspen/Code/pico-sdk/lib/tinyusb/src/common/tusb_fifo.c.obj
                0x100078d4                tu_fifo_write
 .text.tu_fifo_write_n
                0x1000795c      0x168 CMakeFiles/nrf_rc_link.dir/C_/Users/aspen/Code/pico-sdk/lib/tinyusb/src/common/tusb_fifo.c.obj
                0x1000795c                tu_fifo_write_n
 .text.tu_fifo_clear
                0x10007ac4       0x40 CMakeFiles/nrf_rc_link.dir/C_/Users/aspen/Code/pico-sdk/lib/tinyusb/src/common/tusb_fifo.c.obj
                0x10007ac4                tu_fifo_clear
 .text.tu_fifo_set_overwritable
                0x10007b04       0x48 CMakeFiles/nrf_rc_link.dir/C_/Users/aspen/Code/pico-sdk/lib/tinyusb/src/common/tusb_fifo.c.obj
                0x10007b04                tu_fifo_set_overwritable
 .text.spi_init
                0x10007b4c      0x138 CMakeFiles/nrf_rc_link.dir/C_/Users/aspen/Code/pico-sdk/src/rp2_common/hardware_spi/spi.c.obj
                0x10007b4c                spi_init
 .text.spi_deinit
                0x10007c84       0x3c CMakeFiles/nrf_rc_link.dir/C_/Users/aspen/Code/pico-sdk/src/rp2_common/hardware_spi/spi.c.obj
                0x10007c84                spi_deinit
 .text.strlen   0x10007cc0       0x5c c:/progra~2/gnuarm~1/102021~1.10/bin/../lib/gcc/arm-none-eabi/10.3.1/../../../../arm-none-eabi/lib/thumb/v6-m/nofp\libc.a(lib_a-strlen-stub.o)
                0x10007cc0                strlen
 *(.fini)
 .fini          0x10007d1c        0x4 c:/progra~2/gnuarm~1/102021~1.10/bin/../lib/gcc/arm-none-eabi/10.3.1/thumb/v6-m/nofp/crti.o
                0x10007d1c                _fini
 .fini.__stub   0x10007d20       0xf0 linker stubs
 *crtbegin.o(.ctors)
 *crtbegin?.o(.ctors)
 *(EXCLUDE_FILE(*crtend.o *crtend?.o) .ctors)
 *(SORT_BY_NAME(.ctors.*))
 *(.ctors)
 *crtbegin.o(.dtors)
 *crtbegin?.o(.dtors)
 *(EXCLUDE_FILE(*crtend.o *crtend?.o) .dtors)
 *(SORT_BY_NAME(.dtors.*))
 *(.dtors)
 *(.eh_frame*)
 .eh_frame      0x10007e10        0x0 c:/progra~2/gnuarm~1/102021~1.10/bin/../lib/gcc/arm-none-eabi/10.3.1/thumb/v6-m/nofp/crtbegin.o
                0x10007e10                . = ALIGN (0x4)

.glue_7         0x10007e10        0x0
 .glue_7        0x10007e10        0x0 linker stubs

.glue_7t        0x10007e10        0x0
 .glue_7t       0x10007e10        0x0 linker stubs

.vfp11_veneer   0x10007e10        0x0
 .vfp11_veneer  0x10007e10        0x0 linker stubs

.v4_bx          0x10007e10        0x0
 .v4_bx         0x10007e10        0x0 linker stubs

.iplt           0x10007e10        0x0
 .iplt          0x10007e10        0x0 c:/progra~2/gnuarm~1/102021~1.10/bin/../lib/gcc/arm-none-eabi/10.3.1/thumb/v6-m/nofp/crtbegin.o

.rodata         0x10007e10      0x6a8
 *(EXCLUDE_FILE(*libm.a: *libc.a:*lib_a-mem*.o *libgcc.a:) .rodata*)
 .rodata.main.str1.4
                0x10007e10       0xf2 CMakeFiles/nrf_rc_link.dir/nrf_rc_link.c.obj
 *fill*         0x10007f02        0x2 
 .rodata        0x10007f04       0x29 CMakeFiles/nrf_rc_link.dir/nrf_rc_link.c.obj
 *fill*         0x10007f2d        0x3 
 .rodata.nrf_driver_initialise.str1.4
                0x10007f30       0x14 CMakeFiles/nrf_rc_link.dir/lib/nrf24l01/nrf24_driver.c.obj
 .rodata.nrf_driver_rx_destination.str1.4
                0x10007f44        0x7 CMakeFiles/nrf_rc_link.dir/lib/nrf24l01/nrf24_driver.c.obj
 *fill*         0x10007f4b        0x1 
 .rodata.spin_lock_claim_unused.str1.4
                0x10007f4c       0x1b CMakeFiles/nrf_rc_link.dir/C_/Users/aspen/Code/pico-sdk/src/rp2_common/hardware_sync/sync.c.obj
 *fill*         0x10007f67        0x1 
 .rodata.user_irq_claim_unused.str1.4
                0x10007f68       0x1b CMakeFiles/nrf_rc_link.dir/C_/Users/aspen/Code/pico-sdk/src/rp2_common/hardware_irq/irq.c.obj
 *fill*         0x10007f83        0x1 
 .rodata.hardware_alarm_claim.str1.4
                0x10007f84       0x22 CMakeFiles/nrf_rc_link.dir/C_/Users/aspen/Code/pico-sdk/src/rp2_common/hardware_timer/timer.c.obj
 *fill*         0x10007fa6        0x2 
 .rodata.panic.str1.4
                0x10007fa8       0x12 CMakeFiles/nrf_rc_link.dir/C_/Users/aspen/Code/pico-sdk/src/rp2_common/pico_runtime/runtime.c.obj
 *fill*         0x10007fba        0x2 
 .rodata.hard_assertion_failure.str1.4
                0x10007fbc        0xc CMakeFiles/nrf_rc_link.dir/C_/Users/aspen/Code/pico-sdk/src/rp2_common/pico_runtime/runtime.c.obj
 .rodata._ftoa.str1.4
                0x10007fc8       0x15 CMakeFiles/nrf_rc_link.dir/C_/Users/aspen/Code/pico-sdk/src/rp2_common/pico_printf/printf.c.obj
 *fill*         0x10007fdd        0x3 
 .rodata._vsnprintf
                0x10007fe0      0x1e0 CMakeFiles/nrf_rc_link.dir/C_/Users/aspen/Code/pico-sdk/src/rp2_common/pico_printf/printf.c.obj
 .rodata.pow10.0
                0x100081c0       0x50 CMakeFiles/nrf_rc_link.dir/C_/Users/aspen/Code/pico-sdk/src/rp2_common/pico_printf/printf.c.obj
 .rodata.str1.4
                0x10008210       0x84 CMakeFiles/nrf_rc_link.dir/C_/Users/aspen/Code/pico-sdk/src/rp2_common/pico_standard_link/binary_info.c.obj
 .rodata.__bi_44
                0x10008294        0xc CMakeFiles/nrf_rc_link.dir/C_/Users/aspen/Code/pico-sdk/src/rp2_common/pico_standard_link/binary_info.c.obj
 .rodata.__bi_69
                0x100082a0        0xc CMakeFiles/nrf_rc_link.dir/C_/Users/aspen/Code/pico-sdk/src/rp2_common/pico_standard_link/binary_info.c.obj
 .rodata.__bi_75
                0x100082ac        0xc CMakeFiles/nrf_rc_link.dir/C_/Users/aspen/Code/pico-sdk/src/rp2_common/pico_standard_link/binary_info.c.obj
 .rodata.__bi_81
                0x100082b8        0xc CMakeFiles/nrf_rc_link.dir/C_/Users/aspen/Code/pico-sdk/src/rp2_common/pico_standard_link/binary_info.c.obj
 .rodata.crlf_str.0
                0x100082c4        0x2 CMakeFiles/nrf_rc_link.dir/C_/Users/aspen/Code/pico-sdk/src/rp2_common/pico_stdio/stdio.c.obj
 *fill*         0x100082c6        0x2 
 .rodata._resetd_driver
                0x100082c8       0x18 CMakeFiles/nrf_rc_link.dir/C_/Users/aspen/Code/pico-sdk/src/rp2_common/pico_stdio_usb/reset_interface.c.obj
 .rodata.str1.4
                0x100082e0       0x13 CMakeFiles/nrf_rc_link.dir/C_/Users/aspen/Code/pico-sdk/src/rp2_common/pico_stdio_usb/stdio_usb.c.obj
 *fill*         0x100082f3        0x1 
 .rodata.__bi_182.0
                0x100082f4        0xc CMakeFiles/nrf_rc_link.dir/C_/Users/aspen/Code/pico-sdk/src/rp2_common/pico_stdio_usb/stdio_usb.c.obj
 .rodata.str1.4
                0x10008300       0x2a CMakeFiles/nrf_rc_link.dir/C_/Users/aspen/Code/pico-sdk/src/rp2_common/pico_stdio_usb/stdio_usb_descriptors.c.obj
 *fill*         0x1000832a        0x2 
 .rodata.usbd_desc_cfg
                0x1000832c       0x54 CMakeFiles/nrf_rc_link.dir/C_/Users/aspen/Code/pico-sdk/src/rp2_common/pico_stdio_usb/stdio_usb_descriptors.c.obj
 .rodata.usbd_desc_device
                0x10008380       0x12 CMakeFiles/nrf_rc_link.dir/C_/Users/aspen/Code/pico-sdk/src/rp2_common/pico_stdio_usb/stdio_usb_descriptors.c.obj
 *fill*         0x10008392        0x2 
 .rodata.usbd_desc_str
                0x10008394       0x18 CMakeFiles/nrf_rc_link.dir/C_/Users/aspen/Code/pico-sdk/src/rp2_common/pico_stdio_usb/stdio_usb_descriptors.c.obj
 .rodata.str1.4
                0x100083ac       0x14 CMakeFiles/nrf_rc_link.dir/C_/Users/aspen/Code/pico-sdk/lib/tinyusb/src/portable/raspberrypi/rp2040/dcd_rp2040.c.obj
 .rodata.str1.4
                0x100083c0       0x53 CMakeFiles/nrf_rc_link.dir/C_/Users/aspen/Code/pico-sdk/lib/tinyusb/src/portable/raspberrypi/rp2040/rp2040_usb.c.obj
 *fill*         0x10008413        0x1 
 .rodata.tud_task_ext
                0x10008414       0x8c CMakeFiles/nrf_rc_link.dir/C_/Users/aspen/Code/pico-sdk/lib/tinyusb/src/device/usbd.c.obj
 .rodata._usbd_driver
                0x100084a0       0x18 CMakeFiles/nrf_rc_link.dir/C_/Users/aspen/Code/pico-sdk/lib/tinyusb/src/device/usbd.c.obj
                0x100084b8                . = ALIGN (0x4)
 *(SORT_BY_ALIGNMENT(SORT_BY_NAME(.flashdata*)))
                0x100084b8                . = ALIGN (0x4)

.ARM.extab
 *(.ARM.extab* .gnu.linkonce.armextab.*)
                0x100084b8                __exidx_start = .

.ARM.exidx
 *(.ARM.exidx* .gnu.linkonce.armexidx.*)
                0x100084b8                __exidx_end = .
                0x100084b8                . = ALIGN (0x4)
                0x100084b8                __binary_info_start = .

.binary_info    0x100084b8       0x24
 *(.binary_info.keep.*)
 .binary_info.keep.__bi_ptr22
                0x100084b8        0x4 CMakeFiles/nrf_rc_link.dir/C_/Users/aspen/Code/pico-sdk/src/rp2_common/pico_standard_link/binary_info.c.obj
 .binary_info.keep.__bi_ptr30
                0x100084bc        0x4 CMakeFiles/nrf_rc_link.dir/C_/Users/aspen/Code/pico-sdk/src/rp2_common/pico_standard_link/binary_info.c.obj
 .binary_info.keep.__bi_ptr38
                0x100084c0        0x4 CMakeFiles/nrf_rc_link.dir/C_/Users/aspen/Code/pico-sdk/src/rp2_common/pico_standard_link/binary_info.c.obj
 .binary_info.keep.__bi_ptr44
                0x100084c4        0x4 CMakeFiles/nrf_rc_link.dir/C_/Users/aspen/Code/pico-sdk/src/rp2_common/pico_standard_link/binary_info.c.obj
 .binary_info.keep.__bi_ptr50
                0x100084c8        0x4 CMakeFiles/nrf_rc_link.dir/C_/Users/aspen/Code/pico-sdk/src/rp2_common/pico_standard_link/binary_info.c.obj
 .binary_info.keep.__bi_ptr69
                0x100084cc        0x4 CMakeFiles/nrf_rc_link.dir/C_/Users/aspen/Code/pico-sdk/src/rp2_common/pico_standard_link/binary_info.c.obj
 .binary_info.keep.__bi_ptr75
                0x100084d0        0x4 CMakeFiles/nrf_rc_link.dir/C_/Users/aspen/Code/pico-sdk/src/rp2_common/pico_standard_link/binary_info.c.obj
 .binary_info.keep.__bi_ptr81
                0x100084d4        0x4 CMakeFiles/nrf_rc_link.dir/C_/Users/aspen/Code/pico-sdk/src/rp2_common/pico_standard_link/binary_info.c.obj
 *(.binary_info.*)
 .binary_info.__bi_ptr182
                0x100084d8        0x4 CMakeFiles/nrf_rc_link.dir/C_/Users/aspen/Code/pico-sdk/src/rp2_common/pico_stdio_usb/stdio_usb.c.obj
                0x100084dc                __binary_info_end = .

.rel.dyn        0x100084dc        0x0
 .rel.iplt      0x100084dc        0x0 c:/progra~2/gnuarm~1/102021~1.10/bin/../lib/gcc/arm-none-eabi/10.3.1/thumb/v6-m/nofp/crtbegin.o
                0x100084dc                . = ALIGN (0x4)

.ram_vector_table
                0x20000000       0xc0
 *(.ram_vector_table)
 .ram_vector_table
                0x20000000       0xc0 CMakeFiles/nrf_rc_link.dir/C_/Users/aspen/Code/pico-sdk/src/rp2_common/pico_runtime/runtime.c.obj
                0x20000000                ram_vector_table

.data           0x200000c0      0xf30 load address 0x100084dc
                0x200000c0                __data_start__ = .
 *(vtable)
 *(.time_critical*)
 .time_critical.mutex_try_enter
                0x200000c0       0x44 CMakeFiles/nrf_rc_link.dir/C_/Users/aspen/Code/pico-sdk/src/common/pico_sync/mutex.c.obj
                0x200000c0                mutex_try_enter
 .time_critical.mutex_try_enter_block_until
                0x20000104       0x9c CMakeFiles/nrf_rc_link.dir/C_/Users/aspen/Code/pico-sdk/src/common/pico_sync/mutex.c.obj
                0x20000104                mutex_try_enter_block_until
 .time_critical.mutex_enter_timeout_ms
                0x200001a0       0x90 CMakeFiles/nrf_rc_link.dir/C_/Users/aspen/Code/pico-sdk/src/common/pico_sync/mutex.c.obj
                0x200001a0                mutex_enter_timeout_ms
 .time_critical.mutex_exit
                0x20000230       0x28 CMakeFiles/nrf_rc_link.dir/C_/Users/aspen/Code/pico-sdk/src/common/pico_sync/mutex.c.obj
                0x20000230                mutex_exit
 .time_critical.flash_init_boot2_copyout
                0x20000258       0x30 CMakeFiles/nrf_rc_link.dir/C_/Users/aspen/Code/pico-sdk/src/rp2_common/hardware_flash/flash.c.obj
 .time_critical.flash_enable_xip_via_boot2
                0x20000288       0x10 CMakeFiles/nrf_rc_link.dir/C_/Users/aspen/Code/pico-sdk/src/rp2_common/hardware_flash/flash.c.obj
 .time_critical.flash_cs_force
                0x20000298       0x38 CMakeFiles/nrf_rc_link.dir/C_/Users/aspen/Code/pico-sdk/src/rp2_common/hardware_flash/flash.c.obj
 .time_critical.flash_do_cmd
                0x200002d0       0xc4 CMakeFiles/nrf_rc_link.dir/C_/Users/aspen/Code/pico-sdk/src/rp2_common/hardware_flash/flash.c.obj
                0x200002d0                flash_do_cmd
 .time_critical.reset_non_control_endpoints
                0x20000394       0xbc CMakeFiles/nrf_rc_link.dir/C_/Users/aspen/Code/pico-sdk/lib/tinyusb/src/portable/raspberrypi/rp2040/dcd_rp2040.c.obj
 .time_critical.hw_handle_buff_status
                0x20000450       0xa8 CMakeFiles/nrf_rc_link.dir/C_/Users/aspen/Code/pico-sdk/lib/tinyusb/src/portable/raspberrypi/rp2040/dcd_rp2040.c.obj
 .time_critical.dcd_rp2040_irq
                0x200004f8      0x4d8 CMakeFiles/nrf_rc_link.dir/C_/Users/aspen/Code/pico-sdk/lib/tinyusb/src/portable/raspberrypi/rp2040/dcd_rp2040.c.obj
 .time_critical.e15_is_bulkin_ep
                0x200009d0       0x28 CMakeFiles/nrf_rc_link.dir/C_/Users/aspen/Code/pico-sdk/lib/tinyusb/src/portable/raspberrypi/rp2040/rp2040_usb.c.obj
 .time_critical.e15_is_critical_frame_period
                0x200009f8       0x34 CMakeFiles/nrf_rc_link.dir/C_/Users/aspen/Code/pico-sdk/lib/tinyusb/src/portable/raspberrypi/rp2040/rp2040_usb.c.obj
 .time_critical.prepare_ep_buffer
                0x20000a2c       0x70 CMakeFiles/nrf_rc_link.dir/C_/Users/aspen/Code/pico-sdk/lib/tinyusb/src/portable/raspberrypi/rp2040/rp2040_usb.c.obj
 .time_critical.sync_ep_buffer
                0x20000a9c       0x4c CMakeFiles/nrf_rc_link.dir/C_/Users/aspen/Code/pico-sdk/lib/tinyusb/src/portable/raspberrypi/rp2040/rp2040_usb.c.obj
 .time_critical._hw_endpoint_xfer_sync
                0x20000ae8       0x28 CMakeFiles/nrf_rc_link.dir/C_/Users/aspen/Code/pico-sdk/lib/tinyusb/src/portable/raspberrypi/rp2040/rp2040_usb.c.obj
 .time_critical.hw_endpoint_reset_transfer
                0x20000b10        0xc CMakeFiles/nrf_rc_link.dir/C_/Users/aspen/Code/pico-sdk/lib/tinyusb/src/portable/raspberrypi/rp2040/rp2040_usb.c.obj
                0x20000b10                hw_endpoint_reset_transfer
 .time_critical._hw_endpoint_buffer_control_update32
                0x20000b1c       0x58 CMakeFiles/nrf_rc_link.dir/C_/Users/aspen/Code/pico-sdk/lib/tinyusb/src/portable/raspberrypi/rp2040/rp2040_usb.c.obj
                0x20000b1c                _hw_endpoint_buffer_control_update32
 .time_critical.hw_endpoint_start_next_buffer
                0x20000b74       0x6c CMakeFiles/nrf_rc_link.dir/C_/Users/aspen/Code/pico-sdk/lib/tinyusb/src/portable/raspberrypi/rp2040/rp2040_usb.c.obj
                0x20000b74                hw_endpoint_start_next_buffer
 .time_critical.hw_endpoint_xfer_continue
                0x20000be0       0x50 CMakeFiles/nrf_rc_link.dir/C_/Users/aspen/Code/pico-sdk/lib/tinyusb/src/portable/raspberrypi/rp2040/rp2040_usb.c.obj
                0x20000be0                hw_endpoint_xfer_continue
 .time_critical.tinyusb
                0x20000c30      0x170 CMakeFiles/nrf_rc_link.dir/C_/Users/aspen/Code/pico-sdk/lib/tinyusb/src/device/usbd.c.obj
                0x20000c30                dcd_event_handler
 .time_critical.spi_write_read_blocking
                0x20000da0       0x74 CMakeFiles/nrf_rc_link.dir/C_/Users/aspen/Code/pico-sdk/src/rp2_common/hardware_spi/spi.c.obj
                0x20000da0                spi_write_read_blocking
 .time_critical.spi_write_blocking
                0x20000e14       0x4c CMakeFiles/nrf_rc_link.dir/C_/Users/aspen/Code/pico-sdk/src/rp2_common/hardware_spi/spi.c.obj
                0x20000e14                spi_write_blocking
 *(.text*)
 .text          0x20000e60        0x4 c:/progra~2/gnuarm~1/102021~1.10/bin/../lib/gcc/arm-none-eabi/10.3.1/thumb/v6-m/nofp\libgcc.a(_dvmd_tls.o)
                0x20000e60                __aeabi_idiv0
                0x20000e60                __aeabi_ldiv0
 *fill*         0x20000e64        0x4 
 .text.__stub   0x20000e68       0x70 linker stubs
                0x20000ed8                . = ALIGN (0x4)
 *(.rodata*)
                0x20000ed8                . = ALIGN (0x4)
 *(.data*)
 .data.nrf_driver
                0x20000ed8       0x20 CMakeFiles/nrf_rc_link.dir/lib/nrf24l01/nrf24_driver.c.obj
                0x20000ed8                nrf_driver
 .data.striped_spin_lock_num
                0x20000ef8        0x1 CMakeFiles/nrf_rc_link.dir/C_/Users/aspen/Code/pico-sdk/src/rp2_common/hardware_sync/sync.c.obj
 *fill*         0x20000ef9        0x3 
 .data          0x20000efc       0x48 CMakeFiles/nrf_rc_link.dir/C_/Users/aspen/Code/pico-sdk/src/rp2_common/hardware_irq/irq_handler_chain.S.obj
                0x20000efc                irq_handler_chain_slots
                0x20000f2c                irq_handler_chain_first_slot
                0x20000f36                irq_handler_chain_remove_tail
 .data.default_alarm_pool
                0x20000f44       0x18 CMakeFiles/nrf_rc_link.dir/C_/Users/aspen/Code/pico-sdk/src/common/pico_time/time.c.obj
 .data.default_alarm_pool_heap
                0x20000f5c       0x10 CMakeFiles/nrf_rc_link.dir/C_/Users/aspen/Code/pico-sdk/src/common/pico_time/time.c.obj
 *fill*         0x20000f6c        0x4 
 .data.aeabi_bits_funcs
                0x20000f70       0x10 CMakeFiles/nrf_rc_link.dir/C_/Users/aspen/Code/pico-sdk/src/rp2_common/pico_bit_ops/bit_ops_aeabi.S.obj
                0x20000f70                aeabi_bits_funcs
                0x20000f80                aeabi_bits_funcs_end
 .data.aeabi_mem_funcs
                0x20000f80       0x10 CMakeFiles/nrf_rc_link.dir/C_/Users/aspen/Code/pico-sdk/src/rp2_common/pico_mem_ops/mem_ops_aeabi.S.obj
                0x20000f80                aeabi_mem_funcs
                0x20000f90                aeabi_mem_funcs_end
 .data.stdio_usb
                0x20000f90       0x18 CMakeFiles/nrf_rc_link.dir/C_/Users/aspen/Code/pico-sdk/src/rp2_common/pico_stdio_usb/stdio_usb.c.obj
                0x20000f90                stdio_usb
 .data.ep_dir_string
                0x20000fa8        0x8 CMakeFiles/nrf_rc_link.dir/C_/Users/aspen/Code/pico-sdk/lib/tinyusb/src/portable/raspberrypi/rp2040/rp2040_usb.c.obj
                0x20000fa8                ep_dir_string
 .data._usbd_qdef
                0x20000fb0       0x1c CMakeFiles/nrf_rc_link.dir/C_/Users/aspen/Code/pico-sdk/lib/tinyusb/src/device/usbd.c.obj
                0x20000fb0                _usbd_qdef
 .data._usbd_rhport
                0x20000fcc        0x1 CMakeFiles/nrf_rc_link.dir/C_/Users/aspen/Code/pico-sdk/lib/tinyusb/src/device/usbd.c.obj
                0x20000fd0                . = ALIGN (0x4)
 *fill*         0x20000fcd        0x3 
 *(.after_data.*)
                0x20000fd0                . = ALIGN (0x4)
                0x20000fd0                PROVIDE (__mutex_array_start = .)
 *(SORT_BY_NAME(.mutex_array.*))
 *(.mutex_array)
 .mutex_array   0x20000fd0        0x8 CMakeFiles/nrf_rc_link.dir/C_/Users/aspen/Code/pico-sdk/src/rp2_common/pico_stdio/stdio.c.obj
                0x20000fd8                PROVIDE (__mutex_array_end = .)
                0x20000fd8                . = ALIGN (0x4)
                0x20000fd8                PROVIDE (__preinit_array_start = .)
 *(SORT_BY_NAME(.preinit_array.*))
 .preinit_array.00001
                0x20000fd8        0x4 CMakeFiles/nrf_rc_link.dir/C_/Users/aspen/Code/pico-sdk/src/rp2_common/pico_mem_ops/mem_ops_aeabi.S.obj
 .preinit_array.00010
                0x20000fdc        0x4 CMakeFiles/nrf_rc_link.dir/C_/Users/aspen/Code/pico-sdk/src/rp2_common/pico_bit_ops/bit_ops_aeabi.S.obj
 .preinit_array.00020
                0x20000fe0        0x4 CMakeFiles/nrf_rc_link.dir/C_/Users/aspen/Code/pico-sdk/src/rp2_common/pico_double/double_aeabi.S.obj
 .preinit_array.00020
                0x20000fe4        0x4 CMakeFiles/nrf_rc_link.dir/C_/Users/aspen/Code/pico-sdk/src/rp2_common/pico_float/float_aeabi.S.obj
 *(.preinit_array)
                0x20000fe8                PROVIDE (__preinit_array_end = .)
                0x20000fe8                . = ALIGN (0x4)
                0x20000fe8                PROVIDE (__init_array_start = .)
 *(SORT_BY_NAME(.init_array.*))
 *(.init_array)
 .init_array    0x20000fe8        0x4 c:/progra~2/gnuarm~1/102021~1.10/bin/../lib/gcc/arm-none-eabi/10.3.1/thumb/v6-m/nofp/crtbegin.o
 .init_array    0x20000fec        0x4 CMakeFiles/nrf_rc_link.dir/C_/Users/aspen/Code/pico-sdk/src/rp2_common/pico_unique_id/unique_id.c.obj
                0x20000ff0                PROVIDE (__init_array_end = .)
                0x20000ff0                . = ALIGN (0x4)
                [!provide]                PROVIDE (__fini_array_start = .)
 *(SORT_BY_NAME(.fini_array.*))
 *(.fini_array)
                [!provide]                PROVIDE (__fini_array_end = .)
 *(.jcr)
                0x20000ff0                . = ALIGN (0x4)
                0x20000ff0                __data_end__ = .
                0x100084dc                __etext = LOADADDR (.data)

.igot.plt       0x20000ff0        0x0 load address 0x1000940c
 .igot.plt      0x20000ff0        0x0 c:/progra~2/gnuarm~1/102021~1.10/bin/../lib/gcc/arm-none-eabi/10.3.1/thumb/v6-m/nofp/crtbegin.o

.uninitialized_data
                0x20000ff0        0x0 load address 0x1000940c
                0x20000ff0                . = ALIGN (0x4)
 *(.uninitialized_data*)

.scratch_x      0x20040000        0x0 load address 0x1000940c
                0x20040000                __scratch_x_start__ = .
 *(.scratch_x.*)
                0x20040000                . = ALIGN (0x4)
                0x20040000                __scratch_x_end__ = .
                0x1000940c                __scratch_x_source__ = LOADADDR (.scratch_x)

.scratch_y      0x20041000        0x0 load address 0x1000940c
                0x20041000                __scratch_y_start__ = .
 *(.scratch_y.*)
                0x20041000                . = ALIGN (0x4)
                0x20041000                __scratch_y_end__ = .
                0x1000940c                __scratch_y_source__ = LOADADDR (.scratch_y)

.bss            0x20000ff0      0xd88
                0x20000ff0                . = ALIGN (0x4)
                0x20000ff0                __bss_start__ = .
 *(SORT_BY_ALIGNMENT(SORT_BY_NAME(.bss*)))
 .bss.default_alarm_pool_entries
                0x20000ff0      0x100 CMakeFiles/nrf_rc_link.dir/C_/Users/aspen/Code/pico-sdk/src/common/pico_time/time.c.obj
 .bss.last_avail_time.1
                0x200010f0        0x8 CMakeFiles/nrf_rc_link.dir/C_/Users/aspen/Code/pico-sdk/src/rp2_common/pico_stdio_usb/stdio_usb.c.obj
 .bss.sd_table  0x200010f8      0x100 CMakeFiles/nrf_rc_link.dir/C_/Users/aspen/Code/pico-sdk/src/rp2_common/pico_double/double_init_rom.c.obj
                0x200010f8                sd_table
 .bss.sf_table  0x200011f8      0x100 CMakeFiles/nrf_rc_link.dir/C_/Users/aspen/Code/pico-sdk/src/rp2_common/pico_float/float_init_rom.c.obj
                0x200011f8                sf_table
 .bss           0x200012f8       0x1c c:/progra~2/gnuarm~1/102021~1.10/bin/../lib/gcc/arm-none-eabi/10.3.1/thumb/v6-m/nofp/crtbegin.o
 .bss._app_driver
                0x20001314        0x4 CMakeFiles/nrf_rc_link.dir/C_/Users/aspen/Code/pico-sdk/lib/tinyusb/src/device/usbd.c.obj
 .bss._cdcd_itf
                0x20001318      0x2c8 CMakeFiles/nrf_rc_link.dir/C_/Users/aspen/Code/pico-sdk/lib/tinyusb/src/class/cdc/cdc_device.c.obj
 .bss._ctrl_xfer
                0x200015e0       0x14 CMakeFiles/nrf_rc_link.dir/C_/Users/aspen/Code/pico-sdk/lib/tinyusb/src/device/usbd_control.c.obj
 .bss._ubsd_mutexdef
                0x200015f4        0x8 CMakeFiles/nrf_rc_link.dir/C_/Users/aspen/Code/pico-sdk/lib/tinyusb/src/device/usbd.c.obj
 .bss._usbd_ctrl_buf
                0x200015fc       0x40 CMakeFiles/nrf_rc_link.dir/C_/Users/aspen/Code/pico-sdk/lib/tinyusb/src/device/usbd_control.c.obj
 .bss._usbd_dev
                0x2000163c       0x53 CMakeFiles/nrf_rc_link.dir/C_/Users/aspen/Code/pico-sdk/lib/tinyusb/src/device/usbd.c.obj
 *fill*         0x2000168f        0x1 
 .bss._usbd_mutex
                0x20001690        0x4 CMakeFiles/nrf_rc_link.dir/C_/Users/aspen/Code/pico-sdk/lib/tinyusb/src/device/usbd.c.obj
 .bss._usbd_q   0x20001694        0x4 CMakeFiles/nrf_rc_link.dir/C_/Users/aspen/Code/pico-sdk/lib/tinyusb/src/device/usbd.c.obj
 .bss._usbd_qdef_buf
                0x20001698       0xc0 CMakeFiles/nrf_rc_link.dir/C_/Users/aspen/Code/pico-sdk/lib/tinyusb/src/device/usbd.c.obj
                0x20001698                _usbd_qdef_buf
 .bss.alarm_callbacks
                0x20001758       0x10 CMakeFiles/nrf_rc_link.dir/C_/Users/aspen/Code/pico-sdk/src/rp2_common/hardware_timer/timer.c.obj
 .bss.boot2_copyout
                0x20001768      0x100 CMakeFiles/nrf_rc_link.dir/C_/Users/aspen/Code/pico-sdk/src/rp2_common/hardware_flash/flash.c.obj
 .bss.chars_available_callback
                0x20001868        0x4 CMakeFiles/nrf_rc_link.dir/C_/Users/aspen/Code/pico-sdk/src/rp2_common/pico_stdio_usb/stdio_usb.c.obj
 .bss.chars_available_param
                0x2000186c        0x4 CMakeFiles/nrf_rc_link.dir/C_/Users/aspen/Code/pico-sdk/src/rp2_common/pico_stdio_usb/stdio_usb.c.obj
 .bss.claimed   0x20001870        0x4 CMakeFiles/nrf_rc_link.dir/C_/Users/aspen/Code/pico-sdk/src/rp2_common/hardware_sync/sync.c.obj
 .bss.configured_freq
                0x20001874       0x28 CMakeFiles/nrf_rc_link.dir/C_/Users/aspen/Code/pico-sdk/src/rp2_common/hardware_clocks/clocks.c.obj
 .bss.default_alarm_pool_entry_ids_high
                0x2000189c       0x10 CMakeFiles/nrf_rc_link.dir/C_/Users/aspen/Code/pico-sdk/src/common/pico_time/time.c.obj
 .bss.default_alarm_pool_heap_nodes
                0x200018ac       0x30 CMakeFiles/nrf_rc_link.dir/C_/Users/aspen/Code/pico-sdk/src/common/pico_time/time.c.obj
 .bss.desc_str.0
                0x200018dc       0x28 CMakeFiles/nrf_rc_link.dir/C_/Users/aspen/Code/pico-sdk/src/rp2_common/pico_stdio_usb/stdio_usb_descriptors.c.obj
 .bss.drivers   0x20001904        0x4 CMakeFiles/nrf_rc_link.dir/C_/Users/aspen/Code/pico-sdk/src/rp2_common/pico_stdio/stdio.c.obj
 .bss.e15_last_sof
                0x20001908        0x4 CMakeFiles/nrf_rc_link.dir/C_/Users/aspen/Code/pico-sdk/lib/tinyusb/src/portable/raspberrypi/rp2040/rp2040_usb.c.obj
                0x20001908                e15_last_sof
 .bss.filter    0x2000190c        0x4 CMakeFiles/nrf_rc_link.dir/C_/Users/aspen/Code/pico-sdk/src/rp2_common/pico_stdio/stdio.c.obj
 .bss.hw_endpoints
                0x20001910      0x400 CMakeFiles/nrf_rc_link.dir/C_/Users/aspen/Code/pico-sdk/lib/tinyusb/src/portable/raspberrypi/rp2040/dcd_rp2040.c.obj
 .bss.lazy_vsnprintf
                0x20001d10        0x4 CMakeFiles/nrf_rc_link.dir/C_/Users/aspen/Code/pico-sdk/src/rp2_common/pico_printf/printf.c.obj
 .bss.load_value
                0x20001d14        0x4 CMakeFiles/nrf_rc_link.dir/C_/Users/aspen/Code/pico-sdk/src/rp2_common/hardware_watchdog/watchdog.c.obj
 .bss.next_buffer_ptr
                0x20001d18        0x4 CMakeFiles/nrf_rc_link.dir/C_/Users/aspen/Code/pico-sdk/lib/tinyusb/src/portable/raspberrypi/rp2040/dcd_rp2040.c.obj
 .bss.one_shot_timer_crit_sec
                0x20001d1c        0x8 CMakeFiles/nrf_rc_link.dir/C_/Users/aspen/Code/pico-sdk/src/rp2_common/pico_stdio_usb/stdio_usb.c.obj
 .bss.pools     0x20001d24       0x10 CMakeFiles/nrf_rc_link.dir/C_/Users/aspen/Code/pico-sdk/src/common/pico_time/time.c.obj
 .bss.retrieved_id
                0x20001d34        0x8 CMakeFiles/nrf_rc_link.dir/C_/Users/aspen/Code/pico-sdk/src/rp2_common/pico_unique_id/unique_id.c.obj
 .bss.sf_clz_func
                0x20001d3c        0x4 CMakeFiles/nrf_rc_link.dir/C_/Users/aspen/Code/pico-sdk/src/rp2_common/pico_double/double_init_rom.c.obj
                0x20001d3c                sf_clz_func
 .bss.sleep_notifier
                0x20001d40        0x4 CMakeFiles/nrf_rc_link.dir/C_/Users/aspen/Code/pico-sdk/src/common/pico_time/time.c.obj
 .bss.stdio_usb_mutex
                0x20001d44        0x8 CMakeFiles/nrf_rc_link.dir/C_/Users/aspen/Code/pico-sdk/src/rp2_common/pico_stdio_usb/stdio_usb.c.obj
 .bss.target_hi
                0x20001d4c       0x10 CMakeFiles/nrf_rc_link.dir/C_/Users/aspen/Code/pico-sdk/src/rp2_common/hardware_timer/timer.c.obj
 .bss.usbd_serial_str
                0x20001d5c       0x11 CMakeFiles/nrf_rc_link.dir/C_/Users/aspen/Code/pico-sdk/src/rp2_common/pico_stdio_usb/stdio_usb_descriptors.c.obj
 .bss._app_driver_count
                0x20001d6d        0x1 CMakeFiles/nrf_rc_link.dir/C_/Users/aspen/Code/pico-sdk/lib/tinyusb/src/device/usbd.c.obj
 .bss._sof_enable
                0x20001d6e        0x1 CMakeFiles/nrf_rc_link.dir/C_/Users/aspen/Code/pico-sdk/lib/tinyusb/src/portable/raspberrypi/rp2040/dcd_rp2040.c.obj
 .bss.boot2_copyout_valid
                0x20001d6f        0x1 CMakeFiles/nrf_rc_link.dir/C_/Users/aspen/Code/pico-sdk/src/rp2_common/hardware_flash/flash.c.obj
 .bss.claimed   0x20001d70        0x1 CMakeFiles/nrf_rc_link.dir/C_/Users/aspen/Code/pico-sdk/src/rp2_common/hardware_timer/timer.c.obj
 .bss.irq_hander_chain_free_slot_head
                0x20001d71        0x1 CMakeFiles/nrf_rc_link.dir/C_/Users/aspen/Code/pico-sdk/src/rp2_common/hardware_irq/irq.c.obj
 .bss.itf_num   0x20001d72        0x1 CMakeFiles/nrf_rc_link.dir/C_/Users/aspen/Code/pico-sdk/src/rp2_common/pico_stdio_usb/reset_interface.c.obj
 .bss.low_priority_irq_num
                0x20001d73        0x1 CMakeFiles/nrf_rc_link.dir/C_/Users/aspen/Code/pico-sdk/src/rp2_common/pico_stdio_usb/stdio_usb.c.obj
 .bss.one_shot_timer_pending
                0x20001d74        0x1 CMakeFiles/nrf_rc_link.dir/C_/Users/aspen/Code/pico-sdk/src/rp2_common/pico_stdio_usb/stdio_usb.c.obj
 .bss.timer_callbacks_pending
                0x20001d75        0x1 CMakeFiles/nrf_rc_link.dir/C_/Users/aspen/Code/pico-sdk/src/rp2_common/hardware_timer/timer.c.obj
 .bss.user_irq_claimed
                0x20001d76        0x1 CMakeFiles/nrf_rc_link.dir/C_/Users/aspen/Code/pico-sdk/src/rp2_common/hardware_irq/irq.c.obj
 *(COMMON)
                0x20001d78                . = ALIGN (0x4)
 *fill*         0x20001d77        0x1 
                0x20001d78                __bss_end__ = .

.heap           0x20001d78      0x800
                0x20001d78                __end__ = .
                0x20001d78                end = __end__
 *(.heap*)
 .heap          0x20001d78      0x800 CMakeFiles/nrf_rc_link.dir/C_/Users/aspen/Code/pico-sdk/src/rp2_common/pico_standard_link/crt0.S.obj
                0x20002578                __HeapLimit = .

.stack1_dummy   0x20040000        0x0
 *(.stack1*)

.stack_dummy    0x20041000      0x800
 *(.stack*)
 .stack         0x20041000      0x800 CMakeFiles/nrf_rc_link.dir/C_/Users/aspen/Code/pico-sdk/src/rp2_common/pico_standard_link/crt0.S.obj

.flash_end      0x1000940c        0x0
                0x1000940c                PROVIDE (__flash_binary_end = .)
                0x20040000                __StackLimit = (ORIGIN (RAM) + LENGTH (RAM))
                0x20041000                __StackOneTop = (ORIGIN (SCRATCH_X) + LENGTH (SCRATCH_X))
                0x20042000                __StackTop = (ORIGIN (SCRATCH_Y) + LENGTH (SCRATCH_Y))
                0x20041000                __StackOneBottom = (__StackOneTop - SIZEOF (.stack1_dummy))
                0x20041800                __StackBottom = (__StackTop - SIZEOF (.stack_dummy))
                0x20042000                PROVIDE (__stack = __StackTop)
                0x00000001                ASSERT ((__StackLimit >= __HeapLimit), region RAM overflowed)
                0x00000001                ASSERT (((__binary_info_header_end - __logical_binary_start) <= 0x100), Binary info must be in first 256 bytes of the binary)
LOAD CMakeFiles/nrf_rc_link.dir/nrf_rc_link.c.obj
LOAD CMakeFiles/nrf_rc_link.dir/lib/nrf24l01/nrf24_driver.c.obj
LOAD CMakeFiles/nrf_rc_link.dir/lib/nrf24l01/spi_manager/spi_manager.c.obj
LOAD CMakeFiles/nrf_rc_link.dir/lib/nrf24l01/pin_manager/pin_manager.c.obj
LOAD CMakeFiles/nrf_rc_link.dir/C_/Users/aspen/Code/pico-sdk/src/rp2_common/pico_stdlib/stdlib.c.obj
LOAD CMakeFiles/nrf_rc_link.dir/C_/Users/aspen/Code/pico-sdk/src/rp2_common/hardware_gpio/gpio.c.obj
LOAD CMakeFiles/nrf_rc_link.dir/C_/Users/aspen/Code/pico-sdk/src/rp2_common/pico_platform/platform.c.obj
LOAD CMakeFiles/nrf_rc_link.dir/C_/Users/aspen/Code/pico-sdk/src/rp2_common/hardware_claim/claim.c.obj
LOAD CMakeFiles/nrf_rc_link.dir/C_/Users/aspen/Code/pico-sdk/src/rp2_common/hardware_sync/sync.c.obj
LOAD CMakeFiles/nrf_rc_link.dir/C_/Users/aspen/Code/pico-sdk/src/rp2_common/hardware_irq/irq.c.obj
LOAD CMakeFiles/nrf_rc_link.dir/C_/Users/aspen/Code/pico-sdk/src/rp2_common/hardware_irq/irq_handler_chain.S.obj
LOAD CMakeFiles/nrf_rc_link.dir/C_/Users/aspen/Code/pico-sdk/src/common/pico_sync/sem.c.obj
LOAD CMakeFiles/nrf_rc_link.dir/C_/Users/aspen/Code/pico-sdk/src/common/pico_sync/lock_core.c.obj
LOAD CMakeFiles/nrf_rc_link.dir/C_/Users/aspen/Code/pico-sdk/src/common/pico_sync/mutex.c.obj
LOAD CMakeFiles/nrf_rc_link.dir/C_/Users/aspen/Code/pico-sdk/src/common/pico_sync/critical_section.c.obj
LOAD CMakeFiles/nrf_rc_link.dir/C_/Users/aspen/Code/pico-sdk/src/common/pico_time/time.c.obj
LOAD CMakeFiles/nrf_rc_link.dir/C_/Users/aspen/Code/pico-sdk/src/common/pico_time/timeout_helper.c.obj
LOAD CMakeFiles/nrf_rc_link.dir/C_/Users/aspen/Code/pico-sdk/src/rp2_common/hardware_timer/timer.c.obj
LOAD CMakeFiles/nrf_rc_link.dir/C_/Users/aspen/Code/pico-sdk/src/common/pico_util/datetime.c.obj
LOAD CMakeFiles/nrf_rc_link.dir/C_/Users/aspen/Code/pico-sdk/src/common/pico_util/pheap.c.obj
LOAD CMakeFiles/nrf_rc_link.dir/C_/Users/aspen/Code/pico-sdk/src/common/pico_util/queue.c.obj
LOAD CMakeFiles/nrf_rc_link.dir/C_/Users/aspen/Code/pico-sdk/src/rp2_common/hardware_uart/uart.c.obj
LOAD CMakeFiles/nrf_rc_link.dir/C_/Users/aspen/Code/pico-sdk/src/rp2_common/hardware_clocks/clocks.c.obj
LOAD CMakeFiles/nrf_rc_link.dir/C_/Users/aspen/Code/pico-sdk/src/rp2_common/hardware_pll/pll.c.obj
LOAD CMakeFiles/nrf_rc_link.dir/C_/Users/aspen/Code/pico-sdk/src/rp2_common/hardware_vreg/vreg.c.obj
LOAD CMakeFiles/nrf_rc_link.dir/C_/Users/aspen/Code/pico-sdk/src/rp2_common/hardware_watchdog/watchdog.c.obj
LOAD CMakeFiles/nrf_rc_link.dir/C_/Users/aspen/Code/pico-sdk/src/rp2_common/hardware_xosc/xosc.c.obj
LOAD CMakeFiles/nrf_rc_link.dir/C_/Users/aspen/Code/pico-sdk/src/rp2_common/hardware_divider/divider.S.obj
LOAD CMakeFiles/nrf_rc_link.dir/C_/Users/aspen/Code/pico-sdk/src/rp2_common/pico_runtime/runtime.c.obj
LOAD CMakeFiles/nrf_rc_link.dir/C_/Users/aspen/Code/pico-sdk/src/rp2_common/pico_printf/printf.c.obj
LOAD CMakeFiles/nrf_rc_link.dir/C_/Users/aspen/Code/pico-sdk/src/rp2_common/pico_bit_ops/bit_ops_aeabi.S.obj
LOAD CMakeFiles/nrf_rc_link.dir/C_/Users/aspen/Code/pico-sdk/src/rp2_common/pico_bootrom/bootrom.c.obj
LOAD CMakeFiles/nrf_rc_link.dir/C_/Users/aspen/Code/pico-sdk/src/rp2_common/pico_divider/divider.S.obj
LOAD CMakeFiles/nrf_rc_link.dir/C_/Users/aspen/Code/pico-sdk/src/rp2_common/pico_double/double_aeabi.S.obj
LOAD CMakeFiles/nrf_rc_link.dir/C_/Users/aspen/Code/pico-sdk/src/rp2_common/pico_double/double_init_rom.c.obj
LOAD CMakeFiles/nrf_rc_link.dir/C_/Users/aspen/Code/pico-sdk/src/rp2_common/pico_double/double_math.c.obj
LOAD CMakeFiles/nrf_rc_link.dir/C_/Users/aspen/Code/pico-sdk/src/rp2_common/pico_double/double_v1_rom_shim.S.obj
LOAD CMakeFiles/nrf_rc_link.dir/C_/Users/aspen/Code/pico-sdk/src/rp2_common/pico_int64_ops/pico_int64_ops_aeabi.S.obj
LOAD CMakeFiles/nrf_rc_link.dir/C_/Users/aspen/Code/pico-sdk/src/rp2_common/pico_float/float_aeabi.S.obj
LOAD CMakeFiles/nrf_rc_link.dir/C_/Users/aspen/Code/pico-sdk/src/rp2_common/pico_float/float_init_rom.c.obj
LOAD CMakeFiles/nrf_rc_link.dir/C_/Users/aspen/Code/pico-sdk/src/rp2_common/pico_float/float_math.c.obj
LOAD CMakeFiles/nrf_rc_link.dir/C_/Users/aspen/Code/pico-sdk/src/rp2_common/pico_float/float_v1_rom_shim.S.obj
LOAD CMakeFiles/nrf_rc_link.dir/C_/Users/aspen/Code/pico-sdk/src/rp2_common/pico_malloc/pico_malloc.c.obj
LOAD CMakeFiles/nrf_rc_link.dir/C_/Users/aspen/Code/pico-sdk/src/rp2_common/pico_mem_ops/mem_ops_aeabi.S.obj
LOAD CMakeFiles/nrf_rc_link.dir/C_/Users/aspen/Code/pico-sdk/src/rp2_common/pico_standard_link/crt0.S.obj
LOAD CMakeFiles/nrf_rc_link.dir/C_/Users/aspen/Code/pico-sdk/src/rp2_common/pico_standard_link/new_delete.cpp.obj
LOAD CMakeFiles/nrf_rc_link.dir/C_/Users/aspen/Code/pico-sdk/src/rp2_common/pico_standard_link/binary_info.c.obj
LOAD CMakeFiles/nrf_rc_link.dir/C_/Users/aspen/Code/pico-sdk/src/rp2_common/pico_stdio/stdio.c.obj
LOAD CMakeFiles/nrf_rc_link.dir/C_/Users/aspen/Code/pico-sdk/src/rp2_common/pico_stdio_usb/reset_interface.c.obj
LOAD CMakeFiles/nrf_rc_link.dir/C_/Users/aspen/Code/pico-sdk/src/rp2_common/pico_stdio_usb/stdio_usb.c.obj
LOAD CMakeFiles/nrf_rc_link.dir/C_/Users/aspen/Code/pico-sdk/src/rp2_common/pico_stdio_usb/stdio_usb_descriptors.c.obj
LOAD CMakeFiles/nrf_rc_link.dir/C_/Users/aspen/Code/pico-sdk/src/rp2_common/pico_unique_id/unique_id.c.obj
LOAD CMakeFiles/nrf_rc_link.dir/C_/Users/aspen/Code/pico-sdk/src/rp2_common/hardware_flash/flash.c.obj
LOAD CMakeFiles/nrf_rc_link.dir/C_/Users/aspen/Code/pico-sdk/lib/tinyusb/src/portable/raspberrypi/rp2040/dcd_rp2040.c.obj
LOAD CMakeFiles/nrf_rc_link.dir/C_/Users/aspen/Code/pico-sdk/lib/tinyusb/src/portable/raspberrypi/rp2040/rp2040_usb.c.obj
LOAD CMakeFiles/nrf_rc_link.dir/C_/Users/aspen/Code/pico-sdk/lib/tinyusb/src/device/usbd.c.obj
LOAD CMakeFiles/nrf_rc_link.dir/C_/Users/aspen/Code/pico-sdk/lib/tinyusb/src/device/usbd_control.c.obj
LOAD CMakeFiles/nrf_rc_link.dir/C_/Users/aspen/Code/pico-sdk/lib/tinyusb/src/class/audio/audio_device.c.obj
LOAD CMakeFiles/nrf_rc_link.dir/C_/Users/aspen/Code/pico-sdk/lib/tinyusb/src/class/cdc/cdc_device.c.obj
LOAD CMakeFiles/nrf_rc_link.dir/C_/Users/aspen/Code/pico-sdk/lib/tinyusb/src/class/dfu/dfu_device.c.obj
LOAD CMakeFiles/nrf_rc_link.dir/C_/Users/aspen/Code/pico-sdk/lib/tinyusb/src/class/dfu/dfu_rt_device.c.obj
LOAD CMakeFiles/nrf_rc_link.dir/C_/Users/aspen/Code/pico-sdk/lib/tinyusb/src/class/hid/hid_device.c.obj
LOAD CMakeFiles/nrf_rc_link.dir/C_/Users/aspen/Code/pico-sdk/lib/tinyusb/src/class/midi/midi_device.c.obj
LOAD CMakeFiles/nrf_rc_link.dir/C_/Users/aspen/Code/pico-sdk/lib/tinyusb/src/class/msc/msc_device.c.obj
LOAD CMakeFiles/nrf_rc_link.dir/C_/Users/aspen/Code/pico-sdk/lib/tinyusb/src/class/net/ecm_rndis_device.c.obj
LOAD CMakeFiles/nrf_rc_link.dir/C_/Users/aspen/Code/pico-sdk/lib/tinyusb/src/class/net/ncm_device.c.obj
LOAD CMakeFiles/nrf_rc_link.dir/C_/Users/aspen/Code/pico-sdk/lib/tinyusb/src/class/usbtmc/usbtmc_device.c.obj
LOAD CMakeFiles/nrf_rc_link.dir/C_/Users/aspen/Code/pico-sdk/lib/tinyusb/src/class/vendor/vendor_device.c.obj
LOAD CMakeFiles/nrf_rc_link.dir/C_/Users/aspen/Code/pico-sdk/lib/tinyusb/src/class/video/video_device.c.obj
LOAD CMakeFiles/nrf_rc_link.dir/C_/Users/aspen/Code/pico-sdk/lib/tinyusb/src/tusb.c.obj
LOAD CMakeFiles/nrf_rc_link.dir/C_/Users/aspen/Code/pico-sdk/lib/tinyusb/src/common/tusb_fifo.c.obj
LOAD CMakeFiles/nrf_rc_link.dir/C_/Users/aspen/Code/pico-sdk/src/rp2_common/pico_fix/rp2040_usb_device_enumeration/rp2040_usb_device_enumeration.c.obj
LOAD CMakeFiles/nrf_rc_link.dir/C_/Users/aspen/Code/pico-sdk/src/rp2_common/hardware_spi/spi.c.obj
LOAD C:\Users\aspen\AppData\Local\Temp\ccSIPu7E.o
LOAD c:/progra~2/gnuarm~1/102021~1.10/bin/../lib/gcc/arm-none-eabi/10.3.1/../../../../arm-none-eabi/lib/thumb/v6-m/nofp\libstdc++.a
LOAD c:/progra~2/gnuarm~1/102021~1.10/bin/../lib/gcc/arm-none-eabi/10.3.1/../../../../arm-none-eabi/lib/thumb/v6-m/nofp\libm.a
START GROUP
LOAD c:/progra~2/gnuarm~1/102021~1.10/bin/../lib/gcc/arm-none-eabi/10.3.1/thumb/v6-m/nofp\libgcc.a
LOAD c:/progra~2/gnuarm~1/102021~1.10/bin/../lib/gcc/arm-none-eabi/10.3.1/../../../../arm-none-eabi/lib/thumb/v6-m/nofp\libc.a
END GROUP
START GROUP
LOAD c:/progra~2/gnuarm~1/102021~1.10/bin/../lib/gcc/arm-none-eabi/10.3.1/thumb/v6-m/nofp\libgcc.a
LOAD c:/progra~2/gnuarm~1/102021~1.10/bin/../lib/gcc/arm-none-eabi/10.3.1/../../../../arm-none-eabi/lib/thumb/v6-m/nofp\libc.a
LOAD c:/progra~2/gnuarm~1/102021~1.10/bin/../lib/gcc/arm-none-eabi/10.3.1/../../../../arm-none-eabi/lib/thumb/v6-m/nofp\libnosys.a
END GROUP
LOAD c:/progra~2/gnuarm~1/102021~1.10/bin/../lib/gcc/arm-none-eabi/10.3.1/thumb/v6-m/nofp/crtend.o
LOAD c:/progra~2/gnuarm~1/102021~1.10/bin/../lib/gcc/arm-none-eabi/10.3.1/thumb/v6-m/nofp/crtn.o
OUTPUT(nrf_rc_link.elf elf32-littlearm)
LOAD linker stubs

.ARM.attributes
                0x00000000       0x28
 .ARM.attributes
                0x00000000       0x1e c:/progra~2/gnuarm~1/102021~1.10/bin/../lib/gcc/arm-none-eabi/10.3.1/thumb/v6-m/nofp/crti.o
 .ARM.attributes
                0x0000001e       0x2c c:/progra~2/gnuarm~1/102021~1.10/bin/../lib/gcc/arm-none-eabi/10.3.1/thumb/v6-m/nofp/crtbegin.o
 .ARM.attributes
                0x0000004a       0x2c CMakeFiles/nrf_rc_link.dir/nrf_rc_link.c.obj
 .ARM.attributes
                0x00000076       0x2c CMakeFiles/nrf_rc_link.dir/lib/nrf24l01/nrf24_driver.c.obj
 .ARM.attributes
                0x000000a2       0x2c CMakeFiles/nrf_rc_link.dir/lib/nrf24l01/spi_manager/spi_manager.c.obj
 .ARM.attributes
                0x000000ce       0x2c CMakeFiles/nrf_rc_link.dir/lib/nrf24l01/pin_manager/pin_manager.c.obj
 .ARM.attributes
                0x000000fa       0x2c CMakeFiles/nrf_rc_link.dir/C_/Users/aspen/Code/pico-sdk/src/rp2_common/hardware_gpio/gpio.c.obj
 .ARM.attributes
                0x00000126       0x2c CMakeFiles/nrf_rc_link.dir/C_/Users/aspen/Code/pico-sdk/src/rp2_common/pico_platform/platform.c.obj
 .ARM.attributes
                0x00000152       0x2c CMakeFiles/nrf_rc_link.dir/C_/Users/aspen/Code/pico-sdk/src/rp2_common/hardware_claim/claim.c.obj
 .ARM.attributes
                0x0000017e       0x2c CMakeFiles/nrf_rc_link.dir/C_/Users/aspen/Code/pico-sdk/src/rp2_common/hardware_sync/sync.c.obj
 .ARM.attributes
                0x000001aa       0x2c CMakeFiles/nrf_rc_link.dir/C_/Users/aspen/Code/pico-sdk/src/rp2_common/hardware_irq/irq.c.obj
 .ARM.attributes
                0x000001d6       0x22 CMakeFiles/nrf_rc_link.dir/C_/Users/aspen/Code/pico-sdk/src/rp2_common/hardware_irq/irq_handler_chain.S.obj
 .ARM.attributes
                0x000001f8       0x2c CMakeFiles/nrf_rc_link.dir/C_/Users/aspen/Code/pico-sdk/src/common/pico_sync/lock_core.c.obj
 .ARM.attributes
                0x00000224       0x2c CMakeFiles/nrf_rc_link.dir/C_/Users/aspen/Code/pico-sdk/src/common/pico_sync/mutex.c.obj
 .ARM.attributes
                0x00000250       0x2c CMakeFiles/nrf_rc_link.dir/C_/Users/aspen/Code/pico-sdk/src/common/pico_sync/critical_section.c.obj
 .ARM.attributes
                0x0000027c       0x2c CMakeFiles/nrf_rc_link.dir/C_/Users/aspen/Code/pico-sdk/src/common/pico_time/time.c.obj
 .ARM.attributes
                0x000002a8       0x2c CMakeFiles/nrf_rc_link.dir/C_/Users/aspen/Code/pico-sdk/src/rp2_common/hardware_timer/timer.c.obj
 .ARM.attributes
                0x000002d4       0x2c CMakeFiles/nrf_rc_link.dir/C_/Users/aspen/Code/pico-sdk/src/common/pico_util/pheap.c.obj
 .ARM.attributes
                0x00000300       0x2c CMakeFiles/nrf_rc_link.dir/C_/Users/aspen/Code/pico-sdk/src/rp2_common/hardware_clocks/clocks.c.obj
 .ARM.attributes
                0x0000032c       0x2c CMakeFiles/nrf_rc_link.dir/C_/Users/aspen/Code/pico-sdk/src/rp2_common/hardware_pll/pll.c.obj
 .ARM.attributes
                0x00000358       0x2c CMakeFiles/nrf_rc_link.dir/C_/Users/aspen/Code/pico-sdk/src/rp2_common/hardware_watchdog/watchdog.c.obj
 .ARM.attributes
                0x00000384       0x2c CMakeFiles/nrf_rc_link.dir/C_/Users/aspen/Code/pico-sdk/src/rp2_common/hardware_xosc/xosc.c.obj
 .ARM.attributes
                0x000003b0       0x2c CMakeFiles/nrf_rc_link.dir/C_/Users/aspen/Code/pico-sdk/src/rp2_common/pico_runtime/runtime.c.obj
 .ARM.attributes
                0x000003dc       0x2c CMakeFiles/nrf_rc_link.dir/C_/Users/aspen/Code/pico-sdk/src/rp2_common/pico_printf/printf.c.obj
 .ARM.attributes