Archive member included to satisfy reference by file (symbol)

c:/progra~2/gnuarm~1/102021~1.10/bin/../lib/gcc/arm-none-eabi/10.3.1/../../../../arm-none-eabi/lib/thumb/v6-m/nofp\libstdc++.a(guard.o)
                              CMakeFiles/pico_rc_link.dir/LoRa-RP2040.cpp.obj (__cxa_guard_acquire)
c:/progra~2/gnuarm~1/102021~1.10/bin/../lib/gcc/arm-none-eabi/10.3.1/../../../../arm-none-eabi/lib/thumb/v6-m/nofp\libstdc++.a(guard_error.o)
                              c:/progra~2/gnuarm~1/102021~1.10/bin/../lib/gcc/arm-none-eabi/10.3.1/../../../../arm-none-eabi/lib/thumb/v6-m/nofp\libstdc++.a(guard.o) (__gnu_cxx::recursive_init_error::~recursive_init_error())
c:/progra~2/gnuarm~1/102021~1.10/bin/../lib/gcc/arm-none-eabi/10.3.1/../../../../arm-none-eabi/lib/thumb/v6-m/nofp\libstdc++.a(pure.o)
                              CMakeFiles/pico_rc_link.dir/Print.cpp.obj (__cxa_pure_virtual)
c:/progra~2/gnuarm~1/102021~1.10/bin/../lib/gcc/arm-none-eabi/10.3.1/../../../../arm-none-eabi/lib/thumb/v6-m/nofp\libstdc++.a(si_class_type_info.o)
                              c:/progra~2/gnuarm~1/102021~1.10/bin/../lib/gcc/arm-none-eabi/10.3.1/../../../../arm-none-eabi/lib/thumb/v6-m/nofp\libstdc++.a(guard_error.o) (vtable for __cxxabiv1::__si_class_type_info)
c:/progra~2/gnuarm~1/102021~1.10/bin/../lib/gcc/arm-none-eabi/10.3.1/../../../../arm-none-eabi/lib/thumb/v6-m/nofp\libstdc++.a(tinfo.o)
                              c:/progra~2/gnuarm~1/102021~1.10/bin/../lib/gcc/arm-none-eabi/10.3.1/../../../../arm-none-eabi/lib/thumb/v6-m/nofp\libstdc++.a(si_class_type_info.o) (std::type_info::__is_pointer_p() const)
c:/progra~2/gnuarm~1/102021~1.10/bin/../lib/gcc/arm-none-eabi/10.3.1/../../../../arm-none-eabi/lib/thumb/v6-m/nofp\libstdc++.a(class_type_info.o)
                              c:/progra~2/gnuarm~1/102021~1.10/bin/../lib/gcc/arm-none-eabi/10.3.1/../../../../arm-none-eabi/lib/thumb/v6-m/nofp\libstdc++.a(si_class_type_info.o) (__cxxabiv1::__class_type_info::__do_upcast(__cxxabiv1::__class_type_info const*, void**) const)
c:/progra~2/gnuarm~1/102021~1.10/bin/../lib/gcc/arm-none-eabi/10.3.1/../../../../arm-none-eabi/lib/thumb/v6-m/nofp\libstdc++.a(eh_alloc.o)
                              c:/progra~2/gnuarm~1/102021~1.10/bin/../lib/gcc/arm-none-eabi/10.3.1/../../../../arm-none-eabi/lib/thumb/v6-m/nofp\libstdc++.a(guard.o) (__cxa_allocate_exception)
c:/progra~2/gnuarm~1/102021~1.10/bin/../lib/gcc/arm-none-eabi/10.3.1/../../../../arm-none-eabi/lib/thumb/v6-m/nofp\libstdc++.a(eh_exception.o)
                              c:/progra~2/gnuarm~1/102021~1.10/bin/../lib/gcc/arm-none-eabi/10.3.1/../../../../arm-none-eabi/lib/thumb/v6-m/nofp\libstdc++.a(guard_error.o) (std::exception::~exception())
c:/progra~2/gnuarm~1/102021~1.10/bin/../lib/gcc/arm-none-eabi/10.3.1/../../../../arm-none-eabi/lib/thumb/v6-m/nofp\libstdc++.a(eh_terminate.o)
                              c:/progra~2/gnuarm~1/102021~1.10/bin/../lib/gcc/arm-none-eabi/10.3.1/../../../../arm-none-eabi/lib/thumb/v6-m/nofp\libstdc++.a(pure.o) (std::terminate())
c:/progra~2/gnuarm~1/102021~1.10/bin/../lib/gcc/arm-none-eabi/10.3.1/../../../../arm-none-eabi/lib/thumb/v6-m/nofp\libstdc++.a(eh_throw.o)
                              c:/progra~2/gnuarm~1/102021~1.10/bin/../lib/gcc/arm-none-eabi/10.3.1/../../../../arm-none-eabi/lib/thumb/v6-m/nofp\libstdc++.a(guard.o) (__cxa_throw)
c:/progra~2/gnuarm~1/102021~1.10/bin/../lib/gcc/arm-none-eabi/10.3.1/../../../../arm-none-eabi/lib/thumb/v6-m/nofp\libstdc++.a(eh_unex_handler.o)
                              c:/progra~2/gnuarm~1/102021~1.10/bin/../lib/gcc/arm-none-eabi/10.3.1/../../../../arm-none-eabi/lib/thumb/v6-m/nofp\libstdc++.a(eh_terminate.o) (__cxxabiv1::__unexpected_handler)
c:/progra~2/gnuarm~1/102021~1.10/bin/../lib/gcc/arm-none-eabi/10.3.1/../../../../arm-none-eabi/lib/thumb/v6-m/nofp\libstdc++.a(vterminate.o)
                              c:/progra~2/gnuarm~1/102021~1.10/bin/../lib/gcc/arm-none-eabi/10.3.1/../../../../arm-none-eabi/lib/thumb/v6-m/nofp\libstdc++.a(eh_terminate.o) (__gnu_cxx::__verbose_terminate_handler())
c:/progra~2/gnuarm~1/102021~1.10/bin/../lib/gcc/arm-none-eabi/10.3.1/../../../../arm-none-eabi/lib/thumb/v6-m/nofp\libstdc++.a(cp-demangle.o)
                              c:/progra~2/gnuarm~1/102021~1.10/bin/../lib/gcc/arm-none-eabi/10.3.1/../../../../arm-none-eabi/lib/thumb/v6-m/nofp\libstdc++.a(vterminate.o) (__cxa_demangle)
c:/progra~2/gnuarm~1/102021~1.10/bin/../lib/gcc/arm-none-eabi/10.3.1/../../../../arm-none-eabi/lib/thumb/v6-m/nofp\libstdc++.a(eh_arm.o)
                              c:/progra~2/gnuarm~1/102021~1.10/bin/../lib/gcc/arm-none-eabi/10.3.1/../../../../arm-none-eabi/lib/thumb/v6-m/nofp\libstdc++.a(eh_terminate.o) (__cxa_end_cleanup)
c:/progra~2/gnuarm~1/102021~1.10/bin/../lib/gcc/arm-none-eabi/10.3.1/../../../../arm-none-eabi/lib/thumb/v6-m/nofp\libstdc++.a(eh_call.o)
[...]
Memory Configuration

Name             Origin             Length             Attributes
FLASH            0x10000000         0x00200000         xr
RAM              0x20000000         0x00040000         xrw
SCRATCH_X        0x20040000         0x00001000         xrw
SCRATCH_Y        0x20041000         0x00001000         xrw
*default*        0x00000000         0xffffffff

Linker script and memory map

LOAD c:/progra~2/gnuarm~1/102021~1.10/bin/../lib/gcc/arm-none-eabi/10.3.1/thumb/v6-m/nofp/crti.o
LOAD c:/progra~2/gnuarm~1/102021~1.10/bin/../lib/gcc/arm-none-eabi/10.3.1/thumb/v6-m/nofp/crtbegin.o
LOAD c:/progra~2/gnuarm~1/102021~1.10/bin/../lib/gcc/arm-none-eabi/10.3.1/../../../../arm-none-eabi/lib/thumb/v6-m/nofp/crt0.o

.flash_begin    0x10000000        0x0
                0x10000000                __flash_binary_start = .

.boot2          0x10000000      0x100
                0x10000000                __boot2_start__ = .
 *(.boot2)
 .boot2         0x10000000      0x100 C:\Users\aspen\AppData\Local\Temp\cc0QTrXl.o
                0x10000100                __boot2_end__ = .
                0x00000001                ASSERT (((__boot2_end__ - __boot2_start__) == 0x100), ERROR: Pico second stage bootloader must be 256 bytes in size)

.text           0x10000100    0x112c0
                0x10000100                __logical_binary_start = .
 *(.vectors)
 .vectors       0x10000100       0xd4 CMakeFiles/pico_rc_link.dir/C_/Users/aspen/Code/pico-sdk/src/rp2_common/pico_standard_link/crt0.S.obj
                0x10000100                __VECTOR_TABLE
                0x10000100                __vectors
                0x100001c0                isr_invalid
                0x100001c0                __default_isrs_start
                0x100001c2                isr_nmi
                0x100001c4                isr_hardfault
                0x100001c6                isr_svcall
                0x100001c8                isr_pendsv
                0x100001ca                isr_systick
                0x100001cc                isr_irq23
                0x100001cc                isr_irq18
                0x100001cc                isr_irq11
                0x100001cc                isr_irq28
                0x100001cc                isr_irq19
                0x100001cc                isr_irq0
                0x100001cc                isr_irq6
                0x100001cc                isr_irq5
                0x100001cc                isr_irq12
                0x100001cc                isr_irq22
                0x100001cc                isr_irq31
                0x100001cc                isr_irq17
                0x100001cc                isr_irq27
                0x100001cc                isr_irq30
                0x100001cc                isr_irq2
                0x100001cc                isr_irq10
                0x100001cc                isr_irq8
                0x100001cc                isr_irq24
                0x100001cc                isr_irq1
                0x100001cc                isr_irq7
                0x100001cc                isr_irq21
                0x100001cc                isr_irq20
                0x100001cc                isr_irq15
                0x100001cc                isr_irq25
                0x100001cc                isr_irq13
                0x100001cc                __unhandled_user_irq
                0x100001cc                isr_irq4
                0x100001cc                isr_irq16
                0x100001cc                isr_irq29
                0x100001cc                isr_irq26
                0x100001cc                __default_isrs_end
                0x100001cc                isr_irq3
                0x100001cc                isr_irq14
                0x100001cc                isr_irq9
                0x100001d2                unhandled_user_irq_num_in_r0
 *(.binary_info_header)
 .binary_info_header
                0x100001d4       0x14 CMakeFiles/pico_rc_link.dir/C_/Users/aspen/Code/pico-sdk/src/rp2_common/pico_standard_link/crt0.S.obj
                0x100001e8                __binary_info_header_end = .
 *(.reset)
 .reset         0x100001e8       0xa0 CMakeFiles/pico_rc_link.dir/C_/Users/aspen/Code/pico-sdk/src/rp2_common/pico_standard_link/crt0.S.obj
                0x100001e8                _entry_point
 .reset         0x10000288       0x30 CMakeFiles/pico_rc_link.dir/C_/Users/aspen/Code/pico-sdk/src/rp2_common/pico_standard_link/binary_info.c.obj
 *(.init)
 .init          0x100002b8        0x4 c:/progra~2/gnuarm~1/102021~1.10/bin/../lib/gcc/arm-none-eabi/10.3.1/thumb/v6-m/nofp/crti.o
                0x100002b8                _init
 *(EXCLUDE_FILE(*libm.a: *libc.a:*lib_a-mem*.o *libgcc.a:) .text*)
 .text          0x100002bc       0x48 c:/progra~2/gnuarm~1/102021~1.10/bin/../lib/gcc/arm-none-eabi/10.3.1/thumb/v6-m/nofp/crtbegin.o
 .text.startup.main
                0x10000304      0x11c CMakeFiles/pico_rc_link.dir/pico_rc_link.cpp.obj
                0x10000304                main
 .text._ZN5Print17availableForWriteEv
                0x10000420        0x4 CMakeFiles/pico_rc_link.dir/LoRa-RP2040.cpp.obj
                0x10000420                Print::availableForWrite()
 .text._ZN9LoRaClass5flushEv
                0x10000424        0x4 CMakeFiles/pico_rc_link.dir/LoRa-RP2040.cpp.obj
                0x10000424                LoRaClass::flush()
 .text._ZN9LoRaClass9availableEv
                0x10000428       0x64 CMakeFiles/pico_rc_link.dir/LoRa-RP2040.cpp.obj
                0x10000428                LoRaClass::available()
 .text._ZN9LoRaClass4readEv
                0x1000048c       0xbc CMakeFiles/pico_rc_link.dir/LoRa-RP2040.cpp.obj
                0x1000048c                LoRaClass::read()
 .text._ZN9LoRaClass5writeEPKhj
                0x10000548      0x104 CMakeFiles/pico_rc_link.dir/LoRa-RP2040.cpp.obj
                0x10000548                LoRaClass::write(unsigned char const*, unsigned int)
 .text._ZN9LoRaClass4peekEv
                0x1000064c      0x120 CMakeFiles/pico_rc_link.dir/LoRa-RP2040.cpp.obj
                0x1000064c                LoRaClass::peek()
 .text._ZN9LoRaClass5writeEh
                0x1000076c       0xf8 CMakeFiles/pico_rc_link.dir/LoRa-RP2040.cpp.obj
                0x1000076c                LoRaClass::write(unsigned char)
 .text._ZN9LoRaClass5beginEl
                0x10000864      0x368 CMakeFiles/pico_rc_link.dir/LoRa-RP2040.cpp.obj
                0x10000864                LoRaClass::begin(long)
 .text._ZN9LoRaClass11beginPacketEi
                0x10000bcc      0x214 CMakeFiles/pico_rc_link.dir/LoRa-RP2040.cpp.obj
                0x10000bcc                LoRaClass::beginPacket(int)
 .text._ZN9LoRaClass9endPacketEb
                0x10000de0      0x16c CMakeFiles/pico_rc_link.dir/LoRa-RP2040.cpp.obj
                0x10000de0                LoRaClass::endPacket(bool)
 .text._ZN9LoRaClass11parsePacketEi
                0x10000f4c      0x314 CMakeFiles/pico_rc_link.dir/LoRa-RP2040.cpp.obj
                0x10000f4c                LoRaClass::parsePacket(int)
 .text._ZN9LoRaClass7setPinsEiiii
                0x10001260        0xc CMakeFiles/pico_rc_link.dir/LoRa-RP2040.cpp.obj
                0x10001260                LoRaClass::setPins(int, int, int, int)
 .text.startup._GLOBAL__sub_I__ZN9LoRaClassC2Ev
                0x1000126c       0x5c CMakeFiles/pico_rc_link.dir/LoRa-RP2040.cpp.obj
 .text._ZN5Print5writeEPKhj
                0x100012c8       0x28 CMakeFiles/pico_rc_link.dir/Print.cpp.obj
                0x100012c8                Print::write(unsigned char const*, unsigned int)
 .text._ZN5Print5printEPKc
                0x100012f0       0x60 CMakeFiles/pico_rc_link.dir/Print.cpp.obj
                0x100012f0                Print::print(char const*)
 .text._ZN5Print11printNumberEmh
                0x10001350       0x9c CMakeFiles/pico_rc_link.dir/Print.cpp.obj
                0x10001350                Print::printNumber(unsigned long, unsigned char)
 .text._ZN5Print5printEhi
                0x100013ec       0x18 CMakeFiles/pico_rc_link.dir/Print.cpp.obj
                0x100013ec                Print::print(unsigned char, int)
 .text.gpio_set_function
                0x10001404       0x30 CMakeFiles/pico_rc_link.dir/C_/Users/aspen/Code/pico-sdk/src/rp2_common/hardware_gpio/gpio.c.obj
                0x10001404                gpio_set_function
 .text.gpio_init
                0x10001434       0x3c CMakeFiles/pico_rc_link.dir/C_/Users/aspen/Code/pico-sdk/src/rp2_common/hardware_gpio/gpio.c.obj
                0x10001434                gpio_init
 .text.running_on_fpga
                0x10001470       0x10 CMakeFiles/pico_rc_link.dir/C_/Users/aspen/Code/pico-sdk/src/rp2_common/pico_platform/platform.c.obj
                0x10001470                running_on_fpga
 .text.hw_claim_or_assert
                0x10001480       0x44 CMakeFiles/pico_rc_link.dir/C_/Users/aspen/Code/pico-sdk/src/rp2_common/hardware_claim/claim.c.obj
                0x10001480                hw_claim_or_assert
 .text.hw_claim_unused_from_range
                0x100014c4       0x9c CMakeFiles/pico_rc_link.dir/C_/Users/aspen/Code/pico-sdk/src/rp2_common/hardware_claim/claim.c.obj
                0x100014c4                hw_claim_unused_from_range
 .text.spin_locks_reset
                0x10001560       0x1c CMakeFiles/pico_rc_link.dir/C_/Users/aspen/Code/pico-sdk/src/rp2_common/hardware_sync/sync.c.obj
                0x10001560                spin_locks_reset
 .text.next_striped_spin_lock_num
                0x1000157c       0x18 CMakeFiles/pico_rc_link.dir/C_/Users/aspen/Code/pico-sdk/src/rp2_common/hardware_sync/sync.c.obj
                0x1000157c                next_striped_spin_lock_num
 .text.spin_lock_claim_unused
                0x10001594       0x20 CMakeFiles/pico_rc_link.dir/C_/Users/aspen/Code/pico-sdk/src/rp2_common/hardware_sync/sync.c.obj
                0x10001594                spin_lock_claim_unused
 .text.irq_set_enabled
                0x100015b4       0x24 CMakeFiles/pico_rc_link.dir/C_/Users/aspen/Code/pico-sdk/src/rp2_common/hardware_irq/irq.c.obj
                0x100015b4                irq_set_enabled
 .text.irq_set_pending
                0x100015d8       0x10 CMakeFiles/pico_rc_link.dir/C_/Users/aspen/Code/pico-sdk/src/rp2_common/hardware_irq/irq.c.obj
                0x100015d8                irq_set_pending
 .text.irq_has_shared_handler
                0x100015e8       0x2c CMakeFiles/pico_rc_link.dir/C_/Users/aspen/Code/pico-sdk/src/rp2_common/hardware_irq/irq.c.obj
                0x100015e8                irq_has_shared_handler
 .text.irq_get_vtable_handler
                0x10001614       0x10 CMakeFiles/pico_rc_link.dir/C_/Users/aspen/Code/pico-sdk/src/rp2_common/hardware_irq/irq.c.obj
                0x10001614                irq_get_vtable_handler
 .text.irq_set_exclusive_handler
                0x10001624       0x54 CMakeFiles/pico_rc_link.dir/C_/Users/aspen/Code/pico-sdk/src/rp2_common/hardware_irq/irq.c.obj
                0x10001624                irq_set_exclusive_handler
 .text.irq_add_shared_handler
                0x10001678      0x1e8 CMakeFiles/pico_rc_link.dir/C_/Users/aspen/Code/pico-sdk/src/rp2_common/hardware_irq/irq.c.obj
                0x10001678                irq_add_shared_handler
 .text.irq_remove_handler
                0x10001860      0x1b0 CMakeFiles/pico_rc_link.dir/C_/Users/aspen/Code/pico-sdk/src/rp2_common/hardware_irq/irq.c.obj
                0x10001860                irq_remove_handler
 .text.irq_add_tail_to_free_list
                0x10001a10       0xb4 CMakeFiles/pico_rc_link.dir/C_/Users/aspen/Code/pico-sdk/src/rp2_common/hardware_irq/irq.c.obj
                0x10001a10                irq_add_tail_to_free_list
 .text.irq_init_priorities
                0x10001ac4       0x24 CMakeFiles/pico_rc_link.dir/C_/Users/aspen/Code/pico-sdk/src/rp2_common/hardware_irq/irq.c.obj
                0x10001ac4                irq_init_priorities
 .text.user_irq_claim_unused
                0x10001ae8       0x28 CMakeFiles/pico_rc_link.dir/C_/Users/aspen/Code/pico-sdk/src/rp2_common/hardware_irq/irq.c.obj
                0x10001ae8                user_irq_claim_unused
 .text.lock_init
                0x10001b10       0x10 CMakeFiles/pico_rc_link.dir/C_/Users/aspen/Code/pico-sdk/src/common/pico_sync/lock_core.c.obj
                0x10001b10                lock_init
 .text.mutex_init
                0x10001b20       0x1c CMakeFiles/pico_rc_link.dir/C_/Users/aspen/Code/pico-sdk/src/common/pico_sync/mutex.c.obj
                0x10001b20                mutex_init
 .text.recursive_mutex_init
                0x10001b3c       0x1c CMakeFiles/pico_rc_link.dir/C_/Users/aspen/Code/pico-sdk/src/common/pico_sync/mutex.c.obj
                0x10001b3c                recursive_mutex_init
 .text.critical_section_init
                0x10001b58       0x20 CMakeFiles/pico_rc_link.dir/C_/Users/aspen/Code/pico-sdk/src/common/pico_sync/critical_section.c.obj
                0x10001b58                critical_section_init
 .text.critical_section_init_with_lock_num
                0x10001b78       0x14 CMakeFiles/pico_rc_link.dir/C_/Users/aspen/Code/pico-sdk/src/common/pico_sync/critical_section.c.obj
                0x10001b78                critical_section_init_with_lock_num
 .text.timer_pool_entry_comparator
                0x10001b8c       0x34 CMakeFiles/pico_rc_link.dir/C_/Users/aspen/Code/pico-sdk/src/common/pico_time/time.c.obj
                0x10001b8c                timer_pool_entry_comparator
 .text.sleep_until_callback
                0x10001bc0       0x30 CMakeFiles/pico_rc_link.dir/C_/Users/aspen/Code/pico-sdk/src/common/pico_time/time.c.obj
 .text.add_alarm_under_lock.isra.0
                0x10001bf0      0x100 CMakeFiles/pico_rc_link.dir/C_/Users/aspen/Code/pico-sdk/src/common/pico_time/time.c.obj
 .text.alarm_pool_alarm_callback
                0x10001cf0      0x1bc CMakeFiles/pico_rc_link.dir/C_/Users/aspen/Code/pico-sdk/src/common/pico_time/time.c.obj
 .text.alarm_pool_init_default
                0x10001eac       0x6c CMakeFiles/pico_rc_link.dir/C_/Users/aspen/Code/pico-sdk/src/common/pico_time/time.c.obj
                0x10001eac                alarm_pool_init_default
 .text.alarm_pool_get_default
                0x10001f18        0x8 CMakeFiles/pico_rc_link.dir/C_/Users/aspen/Code/pico-sdk/src/common/pico_time/time.c.obj
                0x10001f18                alarm_pool_get_default
 .text.alarm_pool_add_alarm_at
                0x10001f20      0x178 CMakeFiles/pico_rc_link.dir/C_/Users/aspen/Code/pico-sdk/src/common/pico_time/time.c.obj
                0x10001f20                alarm_pool_add_alarm_at
 .text.alarm_pool_core_num
                0x10002098        0x4 CMakeFiles/pico_rc_link.dir/C_/Users/aspen/Code/pico-sdk/src/common/pico_time/time.c.obj
                0x10002098                alarm_pool_core_num
 .text.sleep_until
                0x1000209c       0xc4 CMakeFiles/pico_rc_link.dir/C_/Users/aspen/Code/pico-sdk/src/common/pico_time/time.c.obj
                0x1000209c                sleep_until
 .text.sleep_ms
                0x10002160       0x34 CMakeFiles/pico_rc_link.dir/C_/Users/aspen/Code/pico-sdk/src/common/pico_time/time.c.obj
                0x10002160                sleep_ms
 .text.best_effort_wfe_or_timeout
                0x10002194       0xd4 CMakeFiles/pico_rc_link.dir/C_/Users/aspen/Code/pico-sdk/src/common/pico_time/time.c.obj
                0x10002194                best_effort_wfe_or_timeout
 .text.hardware_alarm_irq_handler
                0x10002268       0xbc CMakeFiles/pico_rc_link.dir/C_/Users/aspen/Code/pico-sdk/src/rp2_common/hardware_timer/timer.c.obj
 .text.hardware_alarm_claim
                0x10002324       0x18 CMakeFiles/pico_rc_link.dir/C_/Users/aspen/Code/pico-sdk/src/rp2_common/hardware_timer/timer.c.obj
                0x10002324                hardware_alarm_claim
 .text.time_us_64
                0x1000233c       0x14 CMakeFiles/pico_rc_link.dir/C_/Users/aspen/Code/pico-sdk/src/rp2_common/hardware_timer/timer.c.obj
                0x1000233c                time_us_64
 .text.busy_wait_us
                0x10002350       0x54 CMakeFiles/pico_rc_link.dir/C_/Users/aspen/Code/pico-sdk/src/rp2_common/hardware_timer/timer.c.obj
                0x10002350                busy_wait_us
 .text.busy_wait_until
                0x100023a4       0x20 CMakeFiles/pico_rc_link.dir/C_/Users/aspen/Code/pico-sdk/src/rp2_common/hardware_timer/timer.c.obj
                0x100023a4                busy_wait_until
 .text.hardware_alarm_set_callback
                0x100023c4       0x8c CMakeFiles/pico_rc_link.dir/C_/Users/aspen/Code/pico-sdk/src/rp2_common/hardware_timer/timer.c.obj
                0x100023c4                hardware_alarm_set_callback
 .text.hardware_alarm_set_target
                0x10002450       0xd4 CMakeFiles/pico_rc_link.dir/C_/Users/aspen/Code/pico-sdk/src/rp2_common/hardware_timer/timer.c.obj
                0x10002450                hardware_alarm_set_target
 .text.hardware_alarm_cancel
                0x10002524       0x3c CMakeFiles/pico_rc_link.dir/C_/Users/aspen/Code/pico-sdk/src/rp2_common/hardware_timer/timer.c.obj
                0x10002524                hardware_alarm_cancel
 .text.ph_merge_nodes
                0x10002560       0x68 CMakeFiles/pico_rc_link.dir/C_/Users/aspen/Code/pico-sdk/src/common/pico_util/pheap.c.obj
 .text.ph_post_alloc_init
                0x100025c8       0x3c CMakeFiles/pico_rc_link.dir/C_/Users/aspen/Code/pico-sdk/src/common/pico_util/pheap.c.obj
                0x100025c8                ph_post_alloc_init
 .text.ph_merge_two_pass
                0x10002604       0x90 CMakeFiles/pico_rc_link.dir/C_/Users/aspen/Code/pico-sdk/src/common/pico_util/pheap.c.obj
                0x10002604                ph_merge_two_pass
 .text.ph_remove_any_head
                0x10002694      0x100 CMakeFiles/pico_rc_link.dir/C_/Users/aspen/Code/pico-sdk/src/common/pico_util/pheap.c.obj
 .text.ph_remove_head
                0x10002794      0x104 CMakeFiles/pico_rc_link.dir/C_/Users/aspen/Code/pico-sdk/src/common/pico_util/pheap.c.obj
                0x10002794                ph_remove_head
 .text.ph_remove_and_free_node
                0x10002898       0x7c CMakeFiles/pico_rc_link.dir/C_/Users/aspen/Code/pico-sdk/src/common/pico_util/pheap.c.obj
                0x10002898                ph_remove_and_free_node
 .text.clocks_init
                0x10002914      0x2d0 CMakeFiles/pico_rc_link.dir/C_/Users/aspen/Code/pico-sdk/src/rp2_common/hardware_clocks/clocks.c.obj
                0x10002914                clocks_init
 .text.clock_get_hz
                0x10002be4        0xc CMakeFiles/pico_rc_link.dir/C_/Users/aspen/Code/pico-sdk/src/rp2_common/hardware_clocks/clocks.c.obj
                0x10002be4                clock_get_hz
 .text.pll_init
                0x10002bf0       0xa0 CMakeFiles/pico_rc_link.dir/C_/Users/aspen/Code/pico-sdk/src/rp2_common/hardware_pll/pll.c.obj
                0x10002bf0                pll_init
 .text.watchdog_start_tick
                0x10002c90       0x10 CMakeFiles/pico_rc_link.dir/C_/Users/aspen/Code/pico-sdk/src/rp2_common/hardware_watchdog/watchdog.c.obj
                0x10002c90                watchdog_start_tick
 .text.watchdog_reboot
                0x10002ca0       0x98 CMakeFiles/pico_rc_link.dir/C_/Users/aspen/Code/pico-sdk/src/rp2_common/hardware_watchdog/watchdog.c.obj
                0x10002ca0                watchdog_reboot
 .text.xosc_init
                0x10002d38       0x28 CMakeFiles/pico_rc_link.dir/C_/Users/aspen/Code/pico-sdk/src/rp2_common/hardware_xosc/xosc.c.obj
                0x10002d38                xosc_init
 .text.runtime_init
                0x10002d60       0xf0 CMakeFiles/pico_rc_link.dir/C_/Users/aspen/Code/pico-sdk/src/rp2_common/pico_runtime/runtime.c.obj
                0x10002d60                runtime_init
 .text._exit    0x10002e50        0x4 CMakeFiles/pico_rc_link.dir/C_/Users/aspen/Code/pico-sdk/src/rp2_common/pico_runtime/runtime.c.obj
                0x10002e50                _exit
 .text._sbrk    0x10002e54       0x34 CMakeFiles/pico_rc_link.dir/C_/Users/aspen/Code/pico-sdk/src/rp2_common/pico_runtime/runtime.c.obj
                0x10002e54                _sbrk
 .text._getpid  0x10002e88        0x4 CMakeFiles/pico_rc_link.dir/C_/Users/aspen/Code/pico-sdk/src/rp2_common/pico_runtime/runtime.c.obj
                0x10002e88                _getpid
 .text._kill    0x10002e8c        0x8 CMakeFiles/pico_rc_link.dir/C_/Users/aspen/Code/pico-sdk/src/rp2_common/pico_runtime/runtime.c.obj
                0x10002e8c                _kill
 .text.exit     0x10002e94        0x8 CMakeFiles/pico_rc_link.dir/C_/Users/aspen/Code/pico-sdk/src/rp2_common/pico_runtime/runtime.c.obj
                0x10002e94                exit
 .text.panic    0x10002e9c       0x30 CMakeFiles/pico_rc_link.dir/C_/Users/aspen/Code/pico-sdk/src/rp2_common/pico_runtime/runtime.c.obj
                0x10002e9c                panic
 .text.hard_assertion_failure
                0x10002ecc        0xc CMakeFiles/pico_rc_link.dir/C_/Users/aspen/Code/pico-sdk/src/rp2_common/pico_runtime/runtime.c.obj
                0x10002ecc                hard_assertion_failure
 .text._out_buffer
                0x10002ed8        0x8 CMakeFiles/pico_rc_link.dir/C_/Users/aspen/Code/pico-sdk/src/rp2_common/pico_printf/printf.c.obj
 .text._out_null
                0x10002ee0        0x4 CMakeFiles/pico_rc_link.dir/C_/Users/aspen/Code/pico-sdk/src/rp2_common/pico_printf/printf.c.obj
 .text._out_rev
                0x10002ee4       0x9c CMakeFiles/pico_rc_link.dir/C_/Users/aspen/Code/pico-sdk/src/rp2_common/pico_printf/printf.c.obj
 .text._ntoa_format
                0x10002f80      0x1cc CMakeFiles/pico_rc_link.dir/C_/Users/aspen/Code/pico-sdk/src/rp2_common/pico_printf/printf.c.obj
 .text._out_char
                0x1000314c       0x10 CMakeFiles/pico_rc_link.dir/C_/Users/aspen/Code/pico-sdk/src/rp2_common/pico_printf/printf.c.obj
 .text._out_fct
                0x1000315c       0x10 CMakeFiles/pico_rc_link.dir/C_/Users/aspen/Code/pico-sdk/src/rp2_common/pico_printf/printf.c.obj
 .text._etoa    0x1000316c      0x44c CMakeFiles/pico_rc_link.dir/C_/Users/aspen/Code/pico-sdk/src/rp2_common/pico_printf/printf.c.obj
 .text._ftoa    0x100035b8      0x398 CMakeFiles/pico_rc_link.dir/C_/Users/aspen/Code/pico-sdk/src/rp2_common/pico_printf/printf.c.obj
 .text._vsnprintf
                0x10003950      0xb04 CMakeFiles/pico_rc_link.dir/C_/Users/aspen/Code/pico-sdk/src/rp2_common/pico_printf/printf.c.obj
 .text.__wrap_sprintf
                0x10004454       0x28 CMakeFiles/pico_rc_link.dir/C_/Users/aspen/Code/pico-sdk/src/rp2_common/pico_printf/printf.c.obj
                0x10004454                __wrap_sprintf
 .text.vfctprintf
                0x1000447c       0x20 CMakeFiles/pico_rc_link.dir/C_/Users/aspen/Code/pico-sdk/src/rp2_common/pico_printf/printf.c.obj
                0x1000447c                vfctprintf
 .text.weak_raw_vprintf
                0x1000449c       0x30 CMakeFiles/pico_rc_link.dir/C_/Users/aspen/Code/pico-sdk/src/rp2_common/pico_printf/printf.c.obj
                0x1000449c                weak_raw_vprintf
 .text          0x100044cc       0x10 CMakeFiles/pico_rc_link.dir/C_/Users/aspen/Code/pico-sdk/src/rp2_common/pico_bit_ops/bit_ops_aeabi.S.obj
 .text.rom_func_lookup
                0x100044dc       0x10 CMakeFiles/pico_rc_link.dir/C_/Users/aspen/Code/pico-sdk/src/rp2_common/pico_bootrom/bootrom.c.obj
                0x100044dc                rom_func_lookup
 .text.rom_data_lookup
                0x100044ec       0x10 CMakeFiles/pico_rc_link.dir/C_/Users/aspen/Code/pico-sdk/src/rp2_common/pico_bootrom/bootrom.c.obj
                0x100044ec                rom_data_lookup
 .text.rom_funcs_lookup
                0x100044fc       0x44 CMakeFiles/pico_rc_link.dir/C_/Users/aspen/Code/pico-sdk/src/rp2_common/pico_bootrom/bootrom.c.obj
                0x100044fc                rom_funcs_lookup
 .text.__wrap___aeabi_idiv
                0x10004540       0x50 CMakeFiles/pico_rc_link.dir/C_/Users/aspen/Code/pico-sdk/src/rp2_common/pico_divider/divider.S.obj
                0x10004540                __wrap___aeabi_idivmod
                0x10004540                divmod_s32s32
                0x10004540                div_s32s32
                0x10004540                __wrap___aeabi_idiv
                0x10004548                divmod_s32s32_unsafe
                0x10004574                divmod_s32s32_savestate
 .text.__wrap___aeabi_uidiv
                0x10004590       0x4c CMakeFiles/pico_rc_link.dir/C_/Users/aspen/Code/pico-sdk/src/rp2_common/pico_divider/divider.S.obj
                0x10004590                __wrap___aeabi_uidiv
                0x10004590                __wrap___aeabi_uidivmod
                0x10004590                div_u32u32
                0x10004590                divmod_u32u32
                0x10004598                divmod_u32u32_unsafe
                0x100045c0                divmod_u32u32_savestate
 .text.__wrap___aeabi_ldiv
                0x100045dc      0x424 CMakeFiles/pico_rc_link.dir/C_/Users/aspen/Code/pico-sdk/src/rp2_common/pico_divider/divider.S.obj
                0x100045dc                div_s64s64
                0x100045dc                divmod_s64s64
                0x100045dc                __wrap___aeabi_ldivmod
                0x1000460c                divmod_u64u64
                0x1000460c                div_u64u64
                0x1000460c                __wrap___aeabi_uldivmod
                0x1000461c                divmod_u64u64_savestate
                0x1000463c                divmod_s64s64_unsafe
                0x100046c4                divmod_u64u64_unsafe
 .text.__wrap___aeabi_darithmetic
                0x10004a00       0x80 CMakeFiles/pico_rc_link.dir/C_/Users/aspen/Code/pico-sdk/src/rp2_common/pico_double/double_aeabi.S.obj
                0x10004a00                __wrap___aeabi_drsub
                0x10004a06                __wrap___aeabi_dsub
                0x10004a18                __wrap___aeabi_dadd
                0x10004a2a                __wrap___aeabi_ddiv
                0x10004a66                __wrap___aeabi_dmul
 .text.__wrap___aeabi_cdcmple
                0x10004a80       0x6c CMakeFiles/pico_rc_link.dir/C_/Users/aspen/Code/pico-sdk/src/rp2_common/pico_double/double_aeabi.S.obj
                0x10004a80                __wrap___aeabi_cdrcmple
                0x10004a90                __wrap___aeabi_cdcmpeq
                0x10004a90                __wrap___aeabi_cdcmple
 .text.__wrap___aeabi_dcmplt
                0x10004aec        0xc CMakeFiles/pico_rc_link.dir/C_/Users/aspen/Code/pico-sdk/src/rp2_common/pico_double/double_aeabi.S.obj
                0x10004aec                __wrap___aeabi_dcmplt
 .text.__wrap___aeabi_dcmple
                0x10004af8       0x10 CMakeFiles/pico_rc_link.dir/C_/Users/aspen/Code/pico-sdk/src/rp2_common/pico_double/double_aeabi.S.obj
                0x10004af8                __wrap___aeabi_dcmple
 .text.__wrap___aeabi_dcmpge
                0x10004b08       0x10 CMakeFiles/pico_rc_link.dir/C_/Users/aspen/Code/pico-sdk/src/rp2_common/pico_double/double_aeabi.S.obj
                0x10004b08                __wrap___aeabi_dcmpge
 .text.__wrap___aeabi_dcmpgt
                0x10004b18        0xa CMakeFiles/pico_rc_link.dir/C_/Users/aspen/Code/pico-sdk/src/rp2_common/pico_double/double_aeabi.S.obj
                0x10004b18                __wrap___aeabi_dcmpgt
 .text.__wrap___aeabi_dcmpun
                0x10004b22       0x1c CMakeFiles/pico_rc_link.dir/C_/Users/aspen/Code/pico-sdk/src/rp2_common/pico_double/double_aeabi.S.obj
                0x10004b22                __wrap___aeabi_dcmpun
 *fill*         0x10004b3e        0x2 
 .text.__wrap___aeabi_i2d
                0x10004b40       0x38 CMakeFiles/pico_rc_link.dir/C_/Users/aspen/Code/pico-sdk/src/rp2_common/pico_double/double_aeabi.S.obj
                0x10004b40                __wrap___aeabi_ui2d
                0x10004b48                __wrap___aeabi_i2d
 .text.__wrap___aeabi_d2iz
                0x10004b78       0x48 CMakeFiles/pico_rc_link.dir/C_/Users/aspen/Code/pico-sdk/src/rp2_common/pico_double/double_aeabi.S.obj
                0x10004b78                double2int_z
                0x10004b78                __wrap___aeabi_d2iz
 .text.__wrap___aeabi_d2uiz
                0x10004bc0       0x18 CMakeFiles/pico_rc_link.dir/C_/Users/aspen/Code/pico-sdk/src/rp2_common/pico_double/double_aeabi.S.obj
                0x10004bc0                __wrap___aeabi_d2uiz
                0x10004bc0                double2uint
 .text.__aeabi_double_init
                0x10004bd8       0x94 CMakeFiles/pico_rc_link.dir/C_/Users/aspen/Code/pico-sdk/src/rp2_common/pico_double/double_init_rom.c.obj
                0x10004bd8                __aeabi_double_init
 .text.double_table_shim_on_use_helper
                0x10004c6c       0x2c CMakeFiles/pico_rc_link.dir/C_/Users/aspen/Code/pico-sdk/src/rp2_common/pico_double/double_v1_rom_shim.S.obj
                0x10004c6c                double_table_shim_on_use_helper
 .text.__wrap___aeabi_dsub
                0x10004c98       0x10 CMakeFiles/pico_rc_link.dir/C_/Users/aspen/Code/pico-sdk/src/rp2_common/pico_double/double_v1_rom_shim.S.obj
                0x10004c98                drsub_shim
                0x10004c9e                dsub_shim
 .text.dadd_shim
                0x10004ca8      0x15c CMakeFiles/pico_rc_link.dir/C_/Users/aspen/Code/pico-sdk/src/rp2_common/pico_double/double_v1_rom_shim.S.obj
                0x10004ca8                dadd_shim
 .text.dmul_shim
                0x10004e04      0x15c CMakeFiles/pico_rc_link.dir/C_/Users/aspen/Code/pico-sdk/src/rp2_common/pico_double/double_v1_rom_shim.S.obj
                0x10004e04                dmul_shim
 .text.ddiv_shim
                0x10004f60      0x1b0 CMakeFiles/pico_rc_link.dir/C_/Users/aspen/Code/pico-sdk/src/rp2_common/pico_double/double_v1_rom_shim.S.obj
                0x10004f60                ddiv_shim
 .text.double2uint_shim
                0x10005110        0xe CMakeFiles/pico_rc_link.dir/C_/Users/aspen/Code/pico-sdk/src/rp2_common/pico_double/double_v1_rom_shim.S.obj
                0x10005110                double2uint_shim
                0x10005112                double2ufix_shim
 *fill*         0x1000511e        0x2 
 .text.double2uint64_shim
                0x10005120       0x70 CMakeFiles/pico_rc_link.dir/C_/Users/aspen/Code/pico-sdk/src/rp2_common/pico_double/double_v1_rom_shim.S.obj
                0x10005120                double2uint64_shim
                0x10005122                double2ufix64_shim
                0x10005142                d2fix_a
 .text.dunpacks
                0x10005190       0x3c CMakeFiles/pico_rc_link.dir/C_/Users/aspen/Code/pico-sdk/src/rp2_common/pico_double/double_v1_rom_shim.S.obj
                0x10005190                dunpacks
 .text.__aeabi_lmul
                0x100051cc       0x32 CMakeFiles/pico_rc_link.dir/C_/Users/aspen/Code/pico-sdk/src/rp2_common/pico_int64_ops/pico_int64_ops_aeabi.S.obj
                0x100051cc                __wrap___aeabi_lmul
 *fill*         0x100051fe        0x2 
 .text.__aeabi_float_init
                0x10005200       0x64 CMakeFiles/pico_rc_link.dir/C_/Users/aspen/Code/pico-sdk/src/rp2_common/pico_float/float_init_rom.c.obj
                0x10005200                __aeabi_float_init
 .text.float_table_shim_on_use_helper
                0x10005264       0x2c CMakeFiles/pico_rc_link.dir/C_/Users/aspen/Code/pico-sdk/src/rp2_common/pico_float/float_v1_rom_shim.S.obj
                0x10005264                float_table_shim_on_use_helper
 .text.__wrap_malloc
                0x10005290       0x3c CMakeFiles/pico_rc_link.dir/C_/Users/aspen/Code/pico-sdk/src/rp2_common/pico_malloc/pico_malloc.c.obj
                0x10005290                __wrap_malloc
 .text.__wrap_realloc
                0x100052cc       0x40 CMakeFiles/pico_rc_link.dir/C_/Users/aspen/Code/pico-sdk/src/rp2_common/pico_malloc/pico_malloc.c.obj
                0x100052cc                __wrap_realloc
 .text.__wrap_free
                0x1000530c       0x20 CMakeFiles/pico_rc_link.dir/C_/Users/aspen/Code/pico-sdk/src/rp2_common/pico_malloc/pico_malloc.c.obj
                0x1000530c                __wrap_free
 .text          0x1000532c       0x10 CMakeFiles/pico_rc_link.dir/C_/Users/aspen/Code/pico-sdk/src/rp2_common/pico_mem_ops/mem_ops_aeabi.S.obj
                0x1000532c                __aeabi_mem_init
 .text.memset   0x1000533c        0xc CMakeFiles/pico_rc_link.dir/C_/Users/aspen/Code/pico-sdk/src/rp2_common/pico_mem_ops/mem_ops_aeabi.S.obj
                0x1000533c                __wrap_memset
 .text.memcpy   0x10005348        0xc CMakeFiles/pico_rc_link.dir/C_/Users/aspen/Code/pico-sdk/src/rp2_common/pico_mem_ops/mem_ops_aeabi.S.obj
                0x10005348                __wrap_memcpy
                0x10005348                __wrap___aeabi_memcpy
 .text._ZdlPvj  0x10005354        0x8 CMakeFiles/pico_rc_link.dir/C_/Users/aspen/Code/pico-sdk/src/rp2_common/pico_standard_link/new_delete.cpp.obj
                0x10005354                operator delete(void*, unsigned int)
 .text.stdio_out_chars_no_crlf
                0x1000535c       0x10 CMakeFiles/pico_rc_link.dir/C_/Users/aspen/Code/pico-sdk/src/rp2_common/pico_stdio/stdio.c.obj
 .text.stdio_out_chars_crlf
                0x1000536c       0xb4 CMakeFiles/pico_rc_link.dir/C_/Users/aspen/Code/pico-sdk/src/rp2_common/pico_stdio/stdio.c.obj
 .text.stdio_buffered_printer
                0x10005420       0x64 CMakeFiles/pico_rc_link.dir/C_/Users/aspen/Code/pico-sdk/src/rp2_common/pico_stdio/stdio.c.obj
 .text.stdio_put_string.isra.0
                0x10005484       0xfc CMakeFiles/pico_rc_link.dir/C_/Users/aspen/Code/pico-sdk/src/rp2_common/pico_stdio/stdio.c.obj
 .text.__wrap_putchar
                0x10005580       0x98 CMakeFiles/pico_rc_link.dir/C_/Users/aspen/Code/pico-sdk/src/rp2_common/pico_stdio/stdio.c.obj
                0x10005580                __wrap_putchar
 .text.__wrap_puts
                0x10005618       0x3c CMakeFiles/pico_rc_link.dir/C_/Users/aspen/Code/pico-sdk/src/rp2_common/pico_stdio/stdio.c.obj
                0x10005618                __wrap_puts
 .text._read    0x10005654       0x94 CMakeFiles/pico_rc_link.dir/C_/Users/aspen/Code/pico-sdk/src/rp2_common/pico_stdio/stdio.c.obj
                0x10005654                _read
 .text._write   0x100056e8       0xac CMakeFiles/pico_rc_link.dir/C_/Users/aspen/Code/pico-sdk/src/rp2_common/pico_stdio/stdio.c.obj
                0x100056e8                _write
 .text._close   0x10005794        0x8 CMakeFiles/pico_rc_link.dir/C_/Users/aspen/Code/pico-sdk/src/rp2_common/pico_stdio/stdio.c.obj
                0x10005794                _close
 .text._lseek   0x1000579c        0x8 CMakeFiles/pico_rc_link.dir/C_/Users/aspen/Code/pico-sdk/src/rp2_common/pico_stdio/stdio.c.obj
                0x1000579c                _lseek
 .text._fstat   0x100057a4        0x8 CMakeFiles/pico_rc_link.dir/C_/Users/aspen/Code/pico-sdk/src/rp2_common/pico_stdio/stdio.c.obj
                0x100057a4                _fstat
 .text._isatty  0x100057ac        0xc CMakeFiles/pico_rc_link.dir/C_/Users/aspen/Code/pico-sdk/src/rp2_common/pico_stdio/stdio.c.obj
                0x100057ac                _isatty
 .text.stdio_set_driver_enabled
                0x100057b8       0x30 CMakeFiles/pico_rc_link.dir/C_/Users/aspen/Code/pico-sdk/src/rp2_common/pico_stdio/stdio.c.obj
                0x100057b8                stdio_set_driver_enabled
 .text.__wrap_vprintf
                0x100057e8       0xd8 CMakeFiles/pico_rc_link.dir/C_/Users/aspen/Code/pico-sdk/src/rp2_common/pico_stdio/stdio.c.obj
                0x100057e8                __wrap_vprintf
 .text.__wrap_printf
                0x100058c0       0x18 CMakeFiles/pico_rc_link.dir/C_/Users/aspen/Code/pico-sdk/src/rp2_common/pico_stdio/stdio.c.obj
                0x100058c0                __wrap_printf
 .text.stdio_init_all
                0x100058d8        0x8 CMakeFiles/pico_rc_link.dir/C_/Users/aspen/Code/pico-sdk/src/rp2_common/pico_stdio/stdio.c.obj
                0x100058d8                stdio_init_all
 .text.resetd_init
                0x100058e0        0x4 CMakeFiles/pico_rc_link.dir/C_/Users/aspen/Code/pico-sdk/src/rp2_common/pico_stdio_usb/reset_interface.c.obj
 .text.resetd_reset
                0x100058e4        0xc CMakeFiles/pico_rc_link.dir/C_/Users/aspen/Code/pico-sdk/src/rp2_common/pico_stdio_usb/reset_interface.c.obj
 .text.resetd_open
                0x100058f0       0x28 CMakeFiles/pico_rc_link.dir/C_/Users/aspen/Code/pico-sdk/src/rp2_common/pico_stdio_usb/reset_interface.c.obj
 .text.resetd_xfer_cb
                0x10005918        0x4 CMakeFiles/pico_rc_link.dir/C_/Users/aspen/Code/pico-sdk/src/rp2_common/pico_stdio_usb/reset_interface.c.obj
 .text.resetd_control_xfer_cb
                0x1000591c       0x64 CMakeFiles/pico_rc_link.dir/C_/Users/aspen/Code/pico-sdk/src/rp2_common/pico_stdio_usb/reset_interface.c.obj
 .text.usbd_app_driver_get_cb
                0x10005980        0xc CMakeFiles/pico_rc_link.dir/C_/Users/aspen/Code/pico-sdk/src/rp2_common/pico_stdio_usb/reset_interface.c.obj
                0x10005980                usbd_app_driver_get_cb
 .text.tud_cdc_line_coding_cb
                0x1000598c       0x34 CMakeFiles/pico_rc_link.dir/C_/Users/aspen/Code/pico-sdk/src/rp2_common/pico_stdio_usb/reset_interface.c.obj
                0x1000598c                tud_cdc_line_coding_cb
 .text.stdio_usb_set_chars_available_callback
                0x100059c0       0x14 CMakeFiles/pico_rc_link.dir/C_/Users/aspen/Code/pico-sdk/src/rp2_common/pico_stdio_usb/stdio_usb.c.obj
                0x100059c0                stdio_usb_set_chars_available_callback
 .text.usb_irq  0x100059d4       0x10 CMakeFiles/pico_rc_link.dir/C_/Users/aspen/Code/pico-sdk/src/rp2_common/pico_stdio_usb/stdio_usb.c.obj
 .text.timer_task
                0x100059e4       0x54 CMakeFiles/pico_rc_link.dir/C_/Users/aspen/Code/pico-sdk/src/rp2_common/pico_stdio_usb/stdio_usb.c.obj
 .text.stdio_usb_in_chars
                0x10005a38       0x90 CMakeFiles/pico_rc_link.dir/C_/Users/aspen/Code/pico-sdk/src/rp2_common/pico_stdio_usb/stdio_usb.c.obj
                0x10005a38                stdio_usb_in_chars
 .text.stdio_usb_out_chars
                0x10005ac8      0x100 CMakeFiles/pico_rc_link.dir/C_/Users/aspen/Code/pico-sdk/src/rp2_common/pico_stdio_usb/stdio_usb.c.obj
 .text.low_priority_worker_irq
                0x10005bc8       0xa8 CMakeFiles/pico_rc_link.dir/C_/Users/aspen/Code/pico-sdk/src/rp2_common/pico_stdio_usb/stdio_usb.c.obj
 .text.tud_cdc_rx_cb
                0x10005c70       0x20 CMakeFiles/pico_rc_link.dir/C_/Users/aspen/Code/pico-sdk/src/rp2_common/pico_stdio_usb/stdio_usb.c.obj
                0x10005c70                tud_cdc_rx_cb
 .text.stdio_usb_init
                0x10005c90       0xdc CMakeFiles/pico_rc_link.dir/C_/Users/aspen/Code/pico-sdk/src/rp2_common/pico_stdio_usb/stdio_usb.c.obj
                0x10005c90                stdio_usb_init
 .text.tud_descriptor_device_cb
                0x10005d6c        0x8 CMakeFiles/pico_rc_link.dir/C_/Users/aspen/Code/pico-sdk/src/rp2_common/pico_stdio_usb/stdio_usb_descriptors.c.obj
                0x10005d6c                tud_descriptor_device_cb
 .text.tud_descriptor_configuration_cb
                0x10005d74        0x8 CMakeFiles/pico_rc_link.dir/C_/Users/aspen/Code/pico-sdk/src/rp2_common/pico_stdio_usb/stdio_usb_descriptors.c.obj
                0x10005d74                tud_descriptor_configuration_cb
 .text.tud_descriptor_string_cb
                0x10005d7c       0x74 CMakeFiles/pico_rc_link.dir/C_/Users/aspen/Code/pico-sdk/src/rp2_common/pico_stdio_usb/stdio_usb_descriptors.c.obj
                0x10005d7c                tud_descriptor_string_cb
 .text.startup._retrieve_unique_id_on_boot
                0x10005df0       0x10 CMakeFiles/pico_rc_link.dir/C_/Users/aspen/Code/pico-sdk/src/rp2_common/pico_unique_id/unique_id.c.obj
 .text.pico_get_unique_board_id_string
                0x10005e00      0x1a8 CMakeFiles/pico_rc_link.dir/C_/Users/aspen/Code/pico-sdk/src/rp2_common/pico_unique_id/unique_id.c.obj
                0x10005e00                pico_get_unique_board_id_string
 .text.flash_get_unique_id
                0x10005fa8       0x40 CMakeFiles/pico_rc_link.dir/C_/Users/aspen/Code/pico-sdk/src/rp2_common/hardware_flash/flash.c.obj
                0x10005fa8                flash_get_unique_id
 .text.dcd_int_enable
                0x10005fe8        0xc CMakeFiles/pico_rc_link.dir/C_/Users/aspen/Code/pico-sdk/lib/tinyusb/src/portable/raspberrypi/rp2040/dcd_rp2040.c.obj
                0x10005fe8                dcd_int_enable
 .text.dcd_set_address
                0x10005ff4       0x14 CMakeFiles/pico_rc_link.dir/C_/Users/aspen/Code/pico-sdk/lib/tinyusb/src/portable/raspberrypi/rp2040/dcd_rp2040.c.obj
                0x10005ff4                dcd_set_address
 .text.dcd_connect
                0x10006008       0x10 CMakeFiles/pico_rc_link.dir/C_/Users/aspen/Code/pico-sdk/lib/tinyusb/src/portable/raspberrypi/rp2040/dcd_rp2040.c.obj
                0x10006008                dcd_connect
 .text.dcd_init
                0x10006018       0x98 CMakeFiles/pico_rc_link.dir/C_/Users/aspen/Code/pico-sdk/lib/tinyusb/src/portable/raspberrypi/rp2040/dcd_rp2040.c.obj
                0x10006018                dcd_init
 .text.dcd_edpt0_status_complete
                0x100060b0       0x1c CMakeFiles/pico_rc_link.dir/C_/Users/aspen/Code/pico-sdk/lib/tinyusb/src/portable/raspberrypi/rp2040/dcd_rp2040.c.obj
                0x100060b0                dcd_edpt0_status_complete
 .text.dcd_edpt_open
                0x100060cc      0x108 CMakeFiles/pico_rc_link.dir/C_/Users/aspen/Code/pico-sdk/lib/tinyusb/src/portable/raspberrypi/rp2040/dcd_rp2040.c.obj
                0x100060cc                dcd_edpt_open
 .text.dcd_edpt_close_all
                0x100061d4        0x8 CMakeFiles/pico_rc_link.dir/C_/Users/aspen/Code/pico-sdk/lib/tinyusb/src/portable/raspberrypi/rp2040/dcd_rp2040.c.obj
                0x100061d4                dcd_edpt_close_all
 .text.dcd_edpt_xfer
                0x100061dc       0x24 CMakeFiles/pico_rc_link.dir/C_/Users/aspen/Code/pico-sdk/lib/tinyusb/src/portable/raspberrypi/rp2040/dcd_rp2040.c.obj
                0x100061dc                dcd_edpt_xfer
 .text.dcd_edpt_stall
                0x10006200       0x38 CMakeFiles/pico_rc_link.dir/C_/Users/aspen/Code/pico-sdk/lib/tinyusb/src/portable/raspberrypi/rp2040/dcd_rp2040.c.obj
                0x10006200                dcd_edpt_stall
 .text.dcd_edpt_clear_stall
                0x10006238       0x30 CMakeFiles/pico_rc_link.dir/C_/Users/aspen/Code/pico-sdk/lib/tinyusb/src/portable/raspberrypi/rp2040/dcd_rp2040.c.obj
                0x10006238                dcd_edpt_clear_stall
 .text.rp2040_usb_init
                0x10006268       0x4c CMakeFiles/pico_rc_link.dir/C_/Users/aspen/Code/pico-sdk/lib/tinyusb/src/portable/raspberrypi/rp2040/rp2040_usb.c.obj
                0x10006268                rp2040_usb_init
 .text.hw_endpoint_xfer_start
                0x100062b4       0x50 CMakeFiles/pico_rc_link.dir/C_/Users/aspen/Code/pico-sdk/lib/tinyusb/src/portable/raspberrypi/rp2040/rp2040_usb.c.obj
                0x100062b4                hw_endpoint_xfer_start
 .text.tud_mounted
                0x10006304       0x10 CMakeFiles/pico_rc_link.dir/C_/Users/aspen/Code/pico-sdk/lib/tinyusb/src/device/usbd.c.obj
                0x10006304                tud_mounted
 .text.tud_suspended
                0x10006314       0x10 CMakeFiles/pico_rc_link.dir/C_/Users/aspen/Code/pico-sdk/lib/tinyusb/src/device/usbd.c.obj
                0x10006314                tud_suspended
 .text.tud_inited
                0x10006324       0x14 CMakeFiles/pico_rc_link.dir/C_/Users/aspen/Code/pico-sdk/lib/tinyusb/src/device/usbd.c.obj
                0x10006324                tud_inited
 .text.tud_init
                0x10006338       0xe4 CMakeFiles/pico_rc_link.dir/C_/Users/aspen/Code/pico-sdk/lib/tinyusb/src/device/usbd.c.obj
                0x10006338                tud_init
 .text.tud_task_ext
                0x1000641c      0x854 CMakeFiles/pico_rc_link.dir/C_/Users/aspen/Code/pico-sdk/lib/tinyusb/src/device/usbd.c.obj
                0x1000641c                tud_task_ext
 .text.usbd_open_edpt_pair
                0x10006c70       0x9c CMakeFiles/pico_rc_link.dir/C_/Users/aspen/Code/pico-sdk/lib/tinyusb/src/device/usbd.c.obj
                0x10006c70                usbd_open_edpt_pair
 .text.usbd_defer_func
                0x10006d0c       0x48 CMakeFiles/pico_rc_link.dir/C_/Users/aspen/Code/pico-sdk/lib/tinyusb/src/device/usbd.c.obj
                0x10006d0c                usbd_defer_func
 .text.usbd_edpt_open
                0x10006d54       0x34 CMakeFiles/pico_rc_link.dir/C_/Users/aspen/Code/pico-sdk/lib/tinyusb/src/device/usbd.c.obj
                0x10006d54                usbd_edpt_open
 .text.usbd_edpt_claim
                0x10006d88       0x28 CMakeFiles/pico_rc_link.dir/C_/Users/aspen/Code/pico-sdk/lib/tinyusb/src/device/usbd.c.obj
                0x10006d88                usbd_edpt_claim
 .text.usbd_edpt_release
                0x10006db0       0x28 CMakeFiles/pico_rc_link.dir/C_/Users/aspen/Code/pico-sdk/lib/tinyusb/src/device/usbd.c.obj
                0x10006db0                usbd_edpt_release
 .text.usbd_edpt_xfer
                0x10006dd8       0x4c CMakeFiles/pico_rc_link.dir/C_/Users/aspen/Code/pico-sdk/lib/tinyusb/src/device/usbd.c.obj
                0x10006dd8                usbd_edpt_xfer
 .text.tud_control_status
                0x10006e24       0x30 CMakeFiles/pico_rc_link.dir/C_/Users/aspen/Code/pico-sdk/lib/tinyusb/src/device/usbd_control.c.obj
                0x10006e24                tud_control_status
 .text.tud_control_xfer
                0x10006e54       0xbc CMakeFiles/pico_rc_link.dir/C_/Users/aspen/Code/pico-sdk/lib/tinyusb/src/device/usbd_control.c.obj
                0x10006e54                tud_control_xfer
 .text.usbd_control_reset
                0x10006f10       0x14 CMakeFiles/pico_rc_link.dir/C_/Users/aspen/Code/pico-sdk/lib/tinyusb/src/device/usbd_control.c.obj
                0x10006f10                usbd_control_reset
 .text.usbd_control_set_complete_callback
                0x10006f24        0xc CMakeFiles/pico_rc_link.dir/C_/Users/aspen/Code/pico-sdk/lib/tinyusb/src/device/usbd_control.c.obj
                0x10006f24                usbd_control_set_complete_callback
 .text.usbd_control_set_request
                0x10006f30       0x1c CMakeFiles/pico_rc_link.dir/C_/Users/aspen/Code/pico-sdk/lib/tinyusb/src/device/usbd_control.c.obj
                0x10006f30                usbd_control_set_request
 .text.usbd_control_xfer_cb
                0x10006f4c       0xfc CMakeFiles/pico_rc_link.dir/C_/Users/aspen/Code/pico-sdk/lib/tinyusb/src/device/usbd_control.c.obj
                0x10006f4c                usbd_control_xfer_cb
 .text.tud_cdc_n_connected
                0x10007048       0x30 CMakeFiles/pico_rc_link.dir/C_/Users/aspen/Code/pico-sdk/lib/tinyusb/src/class/cdc/cdc_device.c.obj
                0x10007048                tud_cdc_n_connected
 .text.tud_cdc_n_available
                0x10007078       0x18 CMakeFiles/pico_rc_link.dir/C_/Users/aspen/Code/pico-sdk/lib/tinyusb/src/class/cdc/cdc_device.c.obj
                0x10007078                tud_cdc_n_available
 .text.tud_cdc_n_read
                0x10007090       0x70 CMakeFiles/pico_rc_link.dir/C_/Users/aspen/Code/pico-sdk/lib/tinyusb/src/class/cdc/cdc_device.c.obj
                0x10007090                tud_cdc_n_read
 .text.tud_cdc_n_write_flush
                0x10007100       0x78 CMakeFiles/pico_rc_link.dir/C_/Users/aspen/Code/pico-sdk/lib/tinyusb/src/class/cdc/cdc_device.c.obj
                0x10007100                tud_cdc_n_write_flush
 .text.tud_cdc_n_write
                0x10007178       0x34 CMakeFiles/pico_rc_link.dir/C_/Users/aspen/Code/pico-sdk/lib/tinyusb/src/class/cdc/cdc_device.c.obj
                0x10007178                tud_cdc_n_write
 .text.tud_cdc_n_write_available
                0x100071ac       0x18 CMakeFiles/pico_rc_link.dir/C_/Users/aspen/Code/pico-sdk/lib/tinyusb/src/class/cdc/cdc_device.c.obj
                0x100071ac                tud_cdc_n_write_available
 .text.cdcd_init
                0x100071c4       0x7c CMakeFiles/pico_rc_link.dir/C_/Users/aspen/Code/pico-sdk/lib/tinyusb/src/class/cdc/cdc_device.c.obj
                0x100071c4                cdcd_init
 .text.cdcd_reset
                0x10007240       0x2c CMakeFiles/pico_rc_link.dir/C_/Users/aspen/Code/pico-sdk/lib/tinyusb/src/class/cdc/cdc_device.c.obj
                0x10007240                cdcd_reset
 .text.cdcd_open
                0x1000726c       0xe8 CMakeFiles/pico_rc_link.dir/C_/Users/aspen/Code/pico-sdk/lib/tinyusb/src/class/cdc/cdc_device.c.obj
                0x1000726c                cdcd_open
 .text.cdcd_control_xfer_cb
                0x10007354       0xe4 CMakeFiles/pico_rc_link.dir/C_/Users/aspen/Code/pico-sdk/lib/tinyusb/src/class/cdc/cdc_device.c.obj
                0x10007354                cdcd_control_xfer_cb
 .text.cdcd_xfer_cb
                0x10007438      0x148 CMakeFiles/pico_rc_link.dir/C_/Users/aspen/Code/pico-sdk/lib/tinyusb/src/class/cdc/cdc_device.c.obj
                0x10007438                cdcd_xfer_cb
 .text.tusb_init
                0x10007580        0xc CMakeFiles/pico_rc_link.dir/C_/Users/aspen/Code/pico-sdk/lib/tinyusb/src/tusb.c.obj
                0x10007580                tusb_init
 .text.tusb_inited
                0x1000758c        0x8 CMakeFiles/pico_rc_link.dir/C_/Users/aspen/Code/pico-sdk/lib/tinyusb/src/tusb.c.obj
                0x1000758c                tusb_inited
 .text.tu_edpt_claim
                0x10007594       0x50 CMakeFiles/pico_rc_link.dir/C_/Users/aspen/Code/pico-sdk/lib/tinyusb/src/tusb.c.obj
                0x10007594                tu_edpt_claim
 .text.tu_edpt_release
                0x100075e4       0x38 CMakeFiles/pico_rc_link.dir/C_/Users/aspen/Code/pico-sdk/lib/tinyusb/src/tusb.c.obj
                0x100075e4                tu_edpt_release
 .text.tu_edpt_validate
                0x1000761c       0x78 CMakeFiles/pico_rc_link.dir/C_/Users/aspen/Code/pico-sdk/lib/tinyusb/src/tusb.c.obj
                0x1000761c                tu_edpt_validate
 .text.tu_edpt_bind_driver
                0x10007694       0x34 CMakeFiles/pico_rc_link.dir/C_/Users/aspen/Code/pico-sdk/lib/tinyusb/src/tusb.c.obj
                0x10007694                tu_edpt_bind_driver
 .text.tu_fifo_config
                0x100076c8       0x70 CMakeFiles/pico_rc_link.dir/C_/Users/aspen/Code/pico-sdk/lib/tinyusb/src/common/tusb_fifo.c.obj
                0x100076c8                tu_fifo_config
 .text.tu_fifo_count
                0x10007738       0x2c CMakeFiles/pico_rc_link.dir/C_/Users/aspen/Code/pico-sdk/lib/tinyusb/src/common/tusb_fifo.c.obj
                0x10007738                tu_fifo_count
 .text.tu_fifo_empty
                0x10007764       0x10 CMakeFiles/pico_rc_link.dir/C_/Users/aspen/Code/pico-sdk/lib/tinyusb/src/common/tusb_fifo.c.obj
                0x10007764                tu_fifo_empty
 .text.tu_fifo_remaining
                0x10007774       0x2c CMakeFiles/pico_rc_link.dir/C_/Users/aspen/Code/pico-sdk/lib/tinyusb/src/common/tusb_fifo.c.obj
                0x10007774                tu_fifo_remaining
 .text.tu_fifo_read
                0x100077a0       0xa0 CMakeFiles/pico_rc_link.dir/C_/Users/aspen/Code/pico-sdk/lib/tinyusb/src/common/tusb_fifo.c.obj
                0x100077a0                tu_fifo_read
 .text.tu_fifo_read_n
                0x10007840       0xec CMakeFiles/pico_rc_link.dir/C_/Users/aspen/Code/pico-sdk/lib/tinyusb/src/common/tusb_fifo.c.obj
                0x10007840                tu_fifo_read_n
 .text.tu_fifo_write
                0x1000792c       0x88 CMakeFiles/pico_rc_link.dir/C_/Users/aspen/Code/pico-sdk/lib/tinyusb/src/common/tusb_fifo.c.obj
                0x1000792c                tu_fifo_write
 .text.tu_fifo_write_n
                0x100079b4      0x168 CMakeFiles/pico_rc_link.dir/C_/Users/aspen/Code/pico-sdk/lib/tinyusb/src/common/tusb_fifo.c.obj
                0x100079b4                tu_fifo_write_n
 .text.tu_fifo_clear
                0x10007b1c       0x40 CMakeFiles/pico_rc_link.dir/C_/Users/aspen/Code/pico-sdk/lib/tinyusb/src/common/tusb_fifo.c.obj
                0x10007b1c                tu_fifo_clear
 .text.tu_fifo_set_overwritable
                0x10007b5c       0x48 CMakeFiles/pico_rc_link.dir/C_/Users/aspen/Code/pico-sdk/lib/tinyusb/src/common/tusb_fifo.c.obj
                0x10007b5c                tu_fifo_set_overwritable
 .text.spi_init
                0x10007ba4      0x138 CMakeFiles/pico_rc_link.dir/C_/Users/aspen/Code/pico-sdk/src/rp2_common/hardware_spi/spi.c.obj
                0x10007ba4                spi_init
 .text.__cxa_guard_acquire
                0x10007cdc       0x38 c:/progra~2/gnuarm~1/102021~1.10/bin/../lib/gcc/arm-none-eabi/10.3.1/../../../../arm-none-eabi/lib/thumb/v6-m/nofp\libstdc++.a(guard.o)
                0x10007cdc                __cxa_guard_acquire
 .text.__cxa_guard_release
                0x10007d14        0x8 c:/progra~2/gnuarm~1/102021~1.10/bin/../lib/gcc/arm-none-eabi/10.3.1/../../../../arm-none-eabi/lib/thumb/v6-m/nofp\libstdc++.a(guard.o)
                0x10007d14                __cxa_guard_release
 .text._ZN9__gnu_cxx20recursive_init_errorD2Ev
                0x10007d1c       0x18 c:/progra~2/gnuarm~1/102021~1.10/bin/../lib/gcc/arm-none-eabi/10.3.1/../../../../arm-none-eabi/lib/thumb/v6-m/nofp\libstdc++.a(guard_error.o)
                0x10007d1c                __gnu_cxx::recursive_init_error::~recursive_init_error()
                0x10007d1c                __gnu_cxx::recursive_init_error::~recursive_init_error()
 .text._ZN9__gnu_cxx20recursive_init_errorD0Ev
                0x10007d34       0x20 c:/progra~2/gnuarm~1/102021~1.10/bin/../lib/gcc/arm-none-eabi/10.3.1/../../../../arm-none-eabi/lib/thumb/v6-m/nofp\libstdc++.a(guard_error.o)
                0x10007d34                __gnu_cxx::recursive_init_error::~recursive_init_error()
 .text._ZN9__gnu_cxx20recursive_init_errorC2Ev
                0x10007d54        0xc c:/progra~2/gnuarm~1/102021~1.10/bin/../lib/gcc/arm-none-eabi/10.3.1/../../../../arm-none-eabi/lib/thumb/v6-m/nofp\libstdc++.a(guard_error.o)
                0x10007d54                __gnu_cxx::recursive_init_error::recursive_init_error()
                0x10007d54                __gnu_cxx::recursive_init_error::recursive_init_error()
 .text._ZN10__cxxabiv120__si_class_type_infoD2Ev
                0x10007d60       0x18 c:/progra~2/gnuarm~1/102021~1.10/bin/../lib/gcc/arm-none-eabi/10.3.1/../../../../arm-none-eabi/lib/thumb/v6-m/nofp\libstdc++.a(si_class_type_info.o)
                0x10007d60                __cxxabiv1::__si_class_type_info::~__si_class_type_info()
                0x10007d60                __cxxabiv1::__si_class_type_info::~__si_class_type_info()
 .text._ZN10__cxxabiv120__si_class_type_infoD0Ev
                0x10007d78       0x20 c:/progra~2/gnuarm~1/102021~1.10/bin/../lib/gcc/arm-none-eabi/10.3.1/../../../../arm-none-eabi/lib/thumb/v6-m/nofp\libstdc++.a(si_class_type_info.o)
                0x10007d78                __cxxabiv1::__si_class_type_info::~__si_class_type_info()
 .text._ZNK10__cxxabiv120__si_class_type_info20__do_find_public_srcEiPKvPKNS_17__class_type_infoES2_
                0x10007d98       0x38 c:/progra~2/gnuarm~1/102021~1.10/bin/../lib/gcc/arm-none-eabi/10.3.1/../../../../arm-none-eabi/lib/thumb/v6-m/nofp\libstdc++.a(si_class_type_info.o)
                0x10007d98                __cxxabiv1::__si_class_type_info::__do_find_public_src(int, void const*, __cxxabiv1::__class_type_info const*, void const*) const
 .text._ZNK10__cxxabiv120__si_class_type_info12__do_dyncastEiNS_17__class_type_info10__sub_kindEPKS1_PKvS4_S6_RNS1_16__dyncast_resultE
                0x10007dd0       0x9c c:/progra~2/gnuarm~1/102021~1.10/bin/../lib/gcc/arm-none-eabi/10.3.1/../../../../arm-none-eabi/lib/thumb/v6-m/nofp\libstdc++.a(si_class_type_info.o)
                0x10007dd0                __cxxabiv1::__si_class_type_info::__do_dyncast(int, __cxxabiv1::__class_type_info::__sub_kind, __cxxabiv1::__class_type_info const*, void const*, __cxxabiv1::__class_type_info const*, void const*, __cxxabiv1::__class_type_info::__dyncast_result&) const
 .text._ZNK10__cxxabiv120__si_class_type_info11__do_upcastEPKNS_17__class_type_infoEPKvRNS1_15__upcast_resultE
                0x10007e6c       0x24 c:/progra~2/gnuarm~1/102021~1.10/bin/../lib/gcc/arm-none-eabi/10.3.1/../../../../arm-none-eabi/lib/thumb/v6-m/nofp\libstdc++.a(si_class_type_info.o)
                0x10007e6c                __cxxabiv1::__si_class_type_info::__do_upcast(__cxxabiv1::__class_type_info const*, void const*, __cxxabiv1::__class_type_info::__upcast_result&) const
 .text._ZNSt9type_infoD2Ev
                0x10007e90        0x4 c:/progra~2/gnuarm~1/102021~1.10/bin/../lib/gcc/arm-none-eabi/10.3.1/../../../../arm-none-eabi/lib/thumb/v6-m/nofp\libstdc++.a(tinfo.o)
                0x10007e90                std::type_info::~type_info()
                0x10007e90                std::type_info::~type_info()
 .text._ZNKSt9type_info14__is_pointer_pEv
                0x10007e94        0x4 c:/progra~2/gnuarm~1/102021~1.10/bin/../lib/gcc/arm-none-eabi/10.3.1/../../../../arm-none-eabi/lib/thumb/v6-m/nofp\libstdc++.a(tinfo.o)
                0x10007e94                std::type_info::__is_pointer_p() const
                0x10007e94                std::type_info::__is_function_p() const
 .text._ZNKSt9type_infoeqERKS_
                0x10007e98       0x30 c:/progra~2/gnuarm~1/102021~1.10/bin/../lib/gcc/arm-none-eabi/10.3.1/../../../../arm-none-eabi/lib/thumb/v6-m/nofp\libstdc++.a(tinfo.o)
                0x10007e98                std::type_info::operator==(std::type_info const&) const
 .text._ZNK10__cxxabiv117__class_type_info11__do_upcastEPKS0_PPv
                0x10007ec8       0x34 c:/progra~2/gnuarm~1/102021~1.10/bin/../lib/gcc/arm-none-eabi/10.3.1/../../../../arm-none-eabi/lib/thumb/v6-m/nofp\libstdc++.a(class_type_info.o)
                0x10007ec8                __cxxabiv1::__class_type_info::__do_upcast(__cxxabiv1::__class_type_info const*, void**) const
 .text._ZNK10__cxxabiv117__class_type_info20__do_find_public_srcEiPKvPKS0_S2_
                0x10007efc       0x14 c:/progra~2/gnuarm~1/102021~1.10/bin/../lib/gcc/arm-none-eabi/10.3.1/../../../../arm-none-eabi/lib/thumb/v6-m/nofp\libstdc++.a(class_type_info.o)
                0x10007efc                __cxxabiv1::__class_type_info::__do_find_public_src(int, void const*, __cxxabiv1::__class_type_info const*, void const*) const
 .text._ZN10__cxxabiv117__class_type_infoD2Ev
                0x10007f10       0x18 c:/progra~2/gnuarm~1/102021~1.10/bin/../lib/gcc/arm-none-eabi/10.3.1/../../../../arm-none-eabi/lib/thumb/v6-m/nofp\libstdc++.a(class_type_info.o)
                0x10007f10                __cxxabiv1::__class_type_info::~__class_type_info()
                0x10007f10                __cxxabiv1::__class_type_info::~__class_type_info()
 .text._ZN10__cxxabiv117__class_type_infoD0Ev
                0x10007f28       0x20 c:/progra~2/gnuarm~1/102021~1.10/bin/../lib/gcc/arm-none-eabi/10.3.1/../../../../arm-none-eabi/lib/thumb/v6-m/nofp\libstdc++.a(class_type_info.o)
                0x10007f28                __cxxabiv1::__class_type_info::~__class_type_info()
 .text._ZNK10__cxxabiv117__class_type_info12__do_dyncastEiNS0_10__sub_kindEPKS0_PKvS3_S5_RNS0_16__dyncast_resultE
                0x10007f48       0x40 c:/progra~2/gnuarm~1/102021~1.10/bin/../lib/gcc/arm-none-eabi/10.3.1/../../../../arm-none-eabi/lib/thumb/v6-m/nofp\libstdc++.a(class_type_info.o)
                0x10007f48                __cxxabiv1::__class_type_info::__do_dyncast(int, __cxxabiv1::__class_type_info::__sub_kind, __cxxabiv1::__class_type_info const*, void const*, __cxxabiv1::__class_type_info const*, void const*, __cxxabiv1::__class_type_info::__dyncast_result&) const
 .text._ZNK10__cxxabiv117__class_type_info11__do_upcastEPKS0_PKvRNS0_15__upcast_resultE
                0x10007f88       0x1c c:/progra~2/gnuarm~1/102021~1.10/bin/../lib/gcc/arm-none-eabi/10.3.1/../../../../arm-none-eabi/lib/thumb/v6-m/nofp\libstdc++.a(class_type_info.o)
                0x10007f88                __cxxabiv1::__class_type_info::__do_upcast(__cxxabiv1::__class_type_info const*, void const*, __cxxabiv1::__class_type_info::__upcast_result&) const
 .text._ZNK10__cxxabiv117__class_type_info10__do_catchEPKSt9type_infoPPvj
                0x10007fa4       0x24 c:/progra~2/gnuarm~1/102021~1.10/bin/../lib/gcc/arm-none-eabi/10.3.1/../../../../arm-none-eabi/lib/thumb/v6-m/nofp\libstdc++.a(class_type_info.o)
                0x10007fa4                __cxxabiv1::__class_type_info::__do_catch(std::type_info const*, void**, unsigned int) const
 .text._ZN12_GLOBAL__N_14pool4freeEPv.constprop.0
                0x10007fc8       0x78 c:/progra~2/gnuarm~1/102021~1.10/bin/../lib/gcc/arm-none-eabi/10.3.1/../../../../arm-none-eabi/lib/thumb/v6-m/nofp\libstdc++.a(eh_alloc.o)
 .text._ZN12_GLOBAL__N_14pool8allocateEj.constprop.0
                0x10008040       0x54 c:/progra~2/gnuarm~1/102021~1.10/bin/../lib/gcc/arm-none-eabi/10.3.1/../../../../arm-none-eabi/lib/thumb/v6-m/nofp\libstdc++.a(eh_alloc.o)
 .text.__cxa_allocate_exception
                0x10008094       0x2c c:/progra~2/gnuarm~1/102021~1.10/bin/../lib/gcc/arm-none-eabi/10.3.1/../../../../arm-none-eabi/lib/thumb/v6-m/nofp\libstdc++.a(eh_alloc.o)
                0x10008094                __cxa_allocate_exception
 .text.__cxa_free_exception
                0x100080c0       0x24 c:/progra~2/gnuarm~1/102021~1.10/bin/../lib/gcc/arm-none-eabi/10.3.1/../../../../arm-none-eabi/lib/thumb/v6-m/nofp\libstdc++.a(eh_alloc.o)
                0x100080c0                __cxa_free_exception
 .text.startup._GLOBAL__sub_I__ZN9__gnu_cxx9__freeresEv
                0x100080e4       0x2c c:/progra~2/gnuarm~1/102021~1.10/bin/../lib/gcc/arm-none-eabi/10.3.1/../../../../arm-none-eabi/lib/thumb/v6-m/nofp\libstdc++.a(eh_alloc.o)
 .text._ZNSt9exceptionD2Ev
                0x10008110        0x4 c:/progra~2/gnuarm~1/102021~1.10/bin/../lib/gcc/arm-none-eabi/10.3.1/../../../../arm-none-eabi/lib/thumb/v6-m/nofp\libstdc++.a(eh_exception.o)
                0x10008110                std::exception::~exception()
                0x10008110                std::exception::~exception()
 .text._ZNSt13bad_exceptionD2Ev
                0x10008114        0x4 c:/progra~2/gnuarm~1/102021~1.10/bin/../lib/gcc/arm-none-eabi/10.3.1/../../../../arm-none-eabi/lib/thumb/v6-m/nofp\libstdc++.a(eh_exception.o)
                0x10008114                std::bad_exception::~bad_exception()
                0x10008114                std::bad_exception::~bad_exception()
 .text._ZNKSt9exception4whatEv
                0x10008118        0x8 c:/progra~2/gnuarm~1/102021~1.10/bin/../lib/gcc/arm-none-eabi/10.3.1/../../../../arm-none-eabi/lib/thumb/v6-m/nofp\libstdc++.a(eh_exception.o)
                0x10008118                std::exception::what() const
                0x10008118                transaction clone for std::exception::what() const
 .text._ZNKSt13bad_exception4whatEv
                0x10008120        0x8 c:/progra~2/gnuarm~1/102021~1.10/bin/../lib/gcc/arm-none-eabi/10.3.1/../../../../arm-none-eabi/lib/thumb/v6-m/nofp\libstdc++.a(eh_exception.o)
                0x10008120                std::bad_exception::what() const
                0x10008120                transaction clone for std::bad_exception::what() const
 .text._ZNSt13bad_exceptionD0Ev
                0x10008128       0x10 c:/progra~2/gnuarm~1/102021~1.10/bin/../lib/gcc/arm-none-eabi/10.3.1/../../../../arm-none-eabi/lib/thumb/v6-m/nofp\libstdc++.a(eh_exception.o)
                0x10008128                std::bad_exception::~bad_exception()
 .text._ZN10__cxxabiv111__terminateEPFvvE
                0x10008138       0x28 c:/progra~2/gnuarm~1/102021~1.10/bin/../lib/gcc/arm-none-eabi/10.3.1/../../../../arm-none-eabi/lib/thumb/v6-m/nofp\libstdc++.a(eh_terminate.o)
                0x10008138                __cxxabiv1::__terminate(void (*)())
 .text._ZSt9terminatev
                0x10008160       0x10 c:/progra~2/gnuarm~1/102021~1.10/bin/../lib/gcc/arm-none-eabi/10.3.1/../../../../arm-none-eabi/lib/thumb/v6-m/nofp\libstdc++.a(eh_terminate.o)
                0x10008160                std::terminate()
 .text._ZN10__cxxabiv112__unexpectedEPFvvE
                0x10008170        0x8 c:/progra~2/gnuarm~1/102021~1.10/bin/../lib/gcc/arm-none-eabi/10.3.1/../../../../arm-none-eabi/lib/thumb/v6-m/nofp\libstdc++.a(eh_terminate.o)
                0x10008170                __cxxabiv1::__unexpected(void (*)())
 .text._ZSt10unexpectedv
                0x10008178       0x10 c:/progra~2/gnuarm~1/102021~1.10/bin/../lib/gcc/arm-none-eabi/10.3.1/../../../../arm-none-eabi/lib/thumb/v6-m/nofp\libstdc++.a(eh_terminate.o)
                0x10008178                std::unexpected()
 .text._ZSt13get_terminatev
                0x10008188        0xc c:/progra~2/gnuarm~1/102021~1.10/bin/../lib/gcc/arm-none-eabi/10.3.1/../../../../arm-none-eabi/lib/thumb/v6-m/nofp\libstdc++.a(eh_terminate.o)
                0x10008188                std::get_terminate()
 .text._ZSt14get_unexpectedv
                0x10008194        0xc c:/progra~2/gnuarm~1/102021~1.10/bin/../lib/gcc/arm-none-eabi/10.3.1/../../../../arm-none-eabi/lib/thumb/v6-m/nofp\libstdc++.a(eh_terminate.o)
                0x10008194                std::get_unexpected()
 .text._ZL23__gxx_exception_cleanup19_Unwind_Reason_CodeP21_Unwind_Control_Block
                0x100081a0       0x34 c:/progra~2/gnuarm~1/102021~1.10/bin/../lib/gcc/arm-none-eabi/10.3.1/../../../../arm-none-eabi/lib/thumb/v6-m/nofp\libstdc++.a(eh_throw.o)
 .text.__cxa_init_primary_exception
                0x100081d4       0x4c c:/progra~2/gnuarm~1/102021~1.10/bin/../lib/gcc/arm-none-eabi/10.3.1/../../../../arm-none-eabi/lib/thumb/v6-m/nofp\libstdc++.a(eh_throw.o)
                0x100081d4                __cxa_init_primary_exception
 .text.__cxa_throw
                0x10008220       0x34 c:/progra~2/gnuarm~1/102021~1.10/bin/../lib/gcc/arm-none-eabi/10.3.1/../../../../arm-none-eabi/lib/thumb/v6-m/nofp\libstdc++.a(eh_throw.o)
                0x10008220                __cxa_throw
 .text.__cxa_rethrow
                0x10008254       0x70 c:/progra~2/gnuarm~1/102021~1.10/bin/../lib/gcc/arm-none-eabi/10.3.1/../../../../arm-none-eabi/lib/thumb/v6-m/nofp\libstdc++.a(eh_throw.o)
                0x10008254                __cxa_rethrow
 .text._ZN9__gnu_cxx27__verbose_terminate_handlerEv
                0x100082c4      0x114 c:/progra~2/gnuarm~1/102021~1.10/bin/../lib/gcc/arm-none-eabi/10.3.1/../../../../arm-none-eabi/lib/thumb/v6-m/nofp\libstdc++.a(vterminate.o)
                0x100082c4                __gnu_cxx::__verbose_terminate_handler()
 .text          0x100083d8     0x67e4 c:/progra~2/gnuarm~1/102021~1.10/bin/../lib/gcc/arm-none-eabi/10.3.1/../../../../arm-none-eabi/lib/thumb/v6-m/nofp\libstdc++.a(cp-demangle.o)
                0x1000eac8                __cxa_demangle
                0x1000eb9c                __gcclibcxx_demangle_callback
 .text.__cxa_end_cleanup
                0x1000ebbc        0xc c:/progra~2/gnuarm~1/102021~1.10/bin/../lib/gcc/arm-none-eabi/10.3.1/../../../../arm-none-eabi/lib/thumb/v6-m/nofp\libstdc++.a(eh_arm.o)
                0x1000ebbc                __cxa_end_cleanup
 .text.__cxa_type_match
                0x1000ebc8       0xc0 c:/progra~2/gnuarm~1/102021~1.10/bin/../lib/gcc/arm-none-eabi/10.3.1/../../../../arm-none-eabi/lib/thumb/v6-m/nofp\libstdc++.a(eh_arm.o)
                0x1000ebc8                __cxa_type_match
 .text.__cxa_begin_cleanup
                0x1000ec88       0x60 c:/progra~2/gnuarm~1/102021~1.10/bin/../lib/gcc/arm-none-eabi/10.3.1/../../../../arm-none-eabi/lib/thumb/v6-m/nofp\libstdc++.a(eh_arm.o)
                0x1000ec88                __cxa_begin_cleanup
 .text.__gnu_end_cleanup
                0x1000ece8       0x70 c:/progra~2/gnuarm~1/102021~1.10/bin/../lib/gcc/arm-none-eabi/10.3.1/../../../../arm-none-eabi/lib/thumb/v6-m/nofp\libstdc++.a(eh_arm.o)
                0x1000ece8                __gnu_end_cleanup
 .text._ZN10__cxxabiv1L24__is_gxx_exception_classEPc
                0x1000ed58       0x3c c:/progra~2/gnuarm~1/102021~1.10/bin/../lib/gcc/arm-none-eabi/10.3.1/../../../../arm-none-eabi/lib/thumb/v6-m/nofp\libstdc++.a(eh_call.o)
 .text.__cxa_call_terminate
                0x1000ed94       0x20 c:/progra~2/gnuarm~1/102021~1.10/bin/../lib/gcc/arm-none-eabi/10.3.1/../../../../arm-none-eabi/lib/thumb/v6-m/nofp\libstdc++.a(eh_call.o)
                0x1000ed94                __cxa_call_terminate
 .text.unlikely.__cxa_call_unexpected
                0x1000edb4      0x100 c:/progra~2/gnuarm~1/102021~1.10/bin/../lib/gcc/arm-none-eabi/10.3.1/../../../../arm-none-eabi/lib/thumb/v6-m/nofp\libstdc++.a(eh_call.o)
                0x1000edb4                __cxa_call_unexpected
 .text.__cxa_begin_catch
                0x1000eeb4       0x74 c:/progra~2/gnuarm~1/102021~1.10/bin/../lib/gcc/arm-none-eabi/10.3.1/../../../../arm-none-eabi/lib/thumb/v6-m/nofp\libstdc++.a(eh_catch.o)
                0x1000eeb4                __cxa_begin_catch
 .text.__cxa_end_catch
                0x1000ef28       0x90 c:/progra~2/gnuarm~1/102021~1.10/bin/../lib/gcc/arm-none-eabi/10.3.1/../../../../arm-none-eabi/lib/thumb/v6-m/nofp\libstdc++.a(eh_catch.o)
                0x1000ef28                __cxa_end_catch
 .text.__cxa_get_globals_fast
                0x1000efb8        0x8 c:/progra~2/gnuarm~1/102021~1.10/bin/../lib/gcc/arm-none-eabi/10.3.1/../../../../arm-none-eabi/lib/thumb/v6-m/nofp\libstdc++.a(eh_globals.o)
                0x1000efb8                __cxa_get_globals_fast
 .text.__cxa_get_globals
                0x1000efc0        0x8 c:/progra~2/gnuarm~1/102021~1.10/bin/../lib/gcc/arm-none-eabi/10.3.1/../../../../arm-none-eabi/lib/thumb/v6-m/nofp\libstdc++.a(eh_globals.o)
                0x1000efc0                __cxa_get_globals
 .text._ZL28read_encoded_value_with_basehjPKhPj
                0x1000efc8      0x114 c:/progra~2/gnuarm~1/102021~1.10/bin/../lib/gcc/arm-none-eabi/10.3.1/../../../../arm-none-eabi/lib/thumb/v6-m/nofp\libstdc++.a(eh_personality.o)
 .text._ZL21base_of_encoded_valuehP15_Unwind_Context
                0x1000f0dc       0x48 c:/progra~2/gnuarm~1/102021~1.10/bin/../lib/gcc/arm-none-eabi/10.3.1/../../../../arm-none-eabi/lib/thumb/v6-m/nofp\libstdc++.a(eh_personality.o)
 .text._ZL17parse_lsda_headerP15_Unwind_ContextPKhP16lsda_header_info
                0x1000f124       0x98 c:/progra~2/gnuarm~1/102021~1.10/bin/../lib/gcc/arm-none-eabi/10.3.1/../../../../arm-none-eabi/lib/thumb/v6-m/nofp\libstdc++.a(eh_personality.o)
 .text.__gxx_personality_v0
                0x1000f1bc      0x4c8 c:/progra~2/gnuarm~1/102021~1.10/bin/../lib/gcc/arm-none-eabi/10.3.1/../../../../arm-none-eabi/lib/thumb/v6-m/nofp\libstdc++.a(eh_personality.o)
                0x1000f1bc                __gxx_personality_v0
 .text.__cxa_current_exception_type
                0x1000f684       0x20 c:/progra~2/gnuarm~1/102021~1.10/bin/../lib/gcc/arm-none-eabi/10.3.1/../../../../arm-none-eabi/lib/thumb/v6-m/nofp\libstdc++.a(eh_type.o)
                0x1000f684                __cxa_current_exception_type
 .text.abort    0x1000f6a4       0x10 c:/progra~2/gnuarm~1/102021~1.10/bin/../lib/gcc/arm-none-eabi/10.3.1/../../../../arm-none-eabi/lib/thumb/v6-m/nofp\libc.a(lib_a-abort.o)
                0x1000f6a4                abort
 .text.fputc    0x1000f6b4       0x58 c:/progra~2/gnuarm~1/102021~1.10/bin/../lib/gcc/arm-none-eabi/10.3.1/../../../../arm-none-eabi/lib/thumb/v6-m/nofp\libc.a(lib_a-fputc.o)
                0x1000f6b4                fputc
 .text._fputs_r
                0x1000f70c       0x8c c:/progra~2/gnuarm~1/102021~1.10/bin/../lib/gcc/arm-none-eabi/10.3.1/../../../../arm-none-eabi/lib/thumb/v6-m/nofp\libc.a(lib_a-fputs.o)
                0x1000f70c                _fputs_r
 .text.fputs    0x1000f798       0x18 c:/progra~2/gnuarm~1/102021~1.10/bin/../lib/gcc/arm-none-eabi/10.3.1/../../../../arm-none-eabi/lib/thumb/v6-m/nofp\libc.a(lib_a-fputs.o)
                0x1000f798                fputs
 .text.__sfvwrite_r
                0x1000f7b0      0x2f4 c:/progra~2/gnuarm~1/102021~1.10/bin/../lib/gcc/arm-none-eabi/10.3.1/../../../../arm-none-eabi/lib/thumb/v6-m/nofp\libc.a(lib_a-fvwrite.o)
                0x1000f7b0                __sfvwrite_r
 .text._fwrite_r
                0x1000faa4       0xb0 c:/progra~2/gnuarm~1/102021~1.10/bin/../lib/gcc/arm-none-eabi/10.3.1/../../../../arm-none-eabi/lib/thumb/v6-m/nofp\libc.a(lib_a-fwrite.o)
                0x1000faa4                _fwrite_r
 .text.fwrite   0x1000fb54       0x20 c:/progra~2/gnuarm~1/102021~1.10/bin/../lib/gcc/arm-none-eabi/10.3.1/../../../../arm-none-eabi/lib/thumb/v6-m/nofp\libc.a(lib_a-fwrite.o)
                0x1000fb54                fwrite
 .text.__retarget_lock_init_recursive
                0x1000fb74        0x4 c:/progra~2/gnuarm~1/102021~1.10/bin/../lib/gcc/arm-none-eabi/10.3.1/../../../../arm-none-eabi/lib/thumb/v6-m/nofp\libc.a(lib_a-lock.o)
                0x1000fb74                __retarget_lock_init_recursive
 .text.__retarget_lock_close_recursive
                0x1000fb78        0x4 c:/progra~2/gnuarm~1/102021~1.10/bin/../lib/gcc/arm-none-eabi/10.3.1/../../../../arm-none-eabi/lib/thumb/v6-m/nofp\libc.a(lib_a-lock.o)
                0x1000fb78                __retarget_lock_close_recursive
 .text.__retarget_lock_acquire_recursive
                0x1000fb7c        0x4 c:/progra~2/gnuarm~1/102021~1.10/bin/../lib/gcc/arm-none-eabi/10.3.1/../../../../arm-none-eabi/lib/thumb/v6-m/nofp\libc.a(lib_a-lock.o)
                0x1000fb7c                __retarget_lock_acquire_recursive
 .text.__retarget_lock_release_recursive
                0x1000fb80        0x4 c:/progra~2/gnuarm~1/102021~1.10/bin/../lib/gcc/arm-none-eabi/10.3.1/../../../../arm-none-eabi/lib/thumb/v6-m/nofp\libc.a(lib_a-lock.o)
                0x1000fb80                __retarget_lock_release_recursive
 .text.malloc   0x1000fb84       0x14 c:/progra~2/gnuarm~1/102021~1.10/bin/../lib/gcc/arm-none-eabi/10.3.1/../../../../arm-none-eabi/lib/thumb/v6-m/nofp\libc.a(lib_a-malloc.o)
                0x1000fb84                malloc
 .text.free     0x1000fb98       0x14 c:/progra~2/gnuarm~1/102021~1.10/bin/../lib/gcc/arm-none-eabi/10.3.1/../../../../arm-none-eabi/lib/thumb/v6-m/nofp\libc.a(lib_a-malloc.o)
                0x1000fb98                free
 .text._malloc_r
                0x1000fbac      0x584 c:/progra~2/gnuarm~1/102021~1.10/bin/../lib/gcc/arm-none-eabi/10.3.1/../../../../arm-none-eabi/lib/thumb/v6-m/nofp\libc.a(lib_a-mallocr.o)
                0x1000fbac                _malloc_r
 .text.__malloc_lock
                0x10010130       0x10 c:/progra~2/gnuarm~1/102021~1.10/bin/../lib/gcc/arm-none-eabi/10.3.1/../../../../arm-none-eabi/lib/thumb/v6-m/nofp\libc.a(lib_a-mlock.o)
                0x10010130                __malloc_lock
 .text.__malloc_unlock
                0x10010140       0x10 c:/progra~2/gnuarm~1/102021~1.10/bin/../lib/gcc/arm-none-eabi/10.3.1/../../../../arm-none-eabi/lib/thumb/v6-m/nofp\libc.a(lib_a-mlock.o)
                0x10010140                __malloc_unlock
 .text._putc_r  0x10010150       0x74 c:/progra~2/gnuarm~1/102021~1.10/bin/../lib/gcc/arm-none-eabi/10.3.1/../../../../arm-none-eabi/lib/thumb/v6-m/nofp\libc.a(lib_a-putc.o)
                0x10010150                _putc_r
 .text.realloc  0x100101c4       0x18 c:/progra~2/gnuarm~1/102021~1.10/bin/../lib/gcc/arm-none-eabi/10.3.1/../../../../arm-none-eabi/lib/thumb/v6-m/nofp\libc.a(lib_a-realloc.o)
                0x100101c4                realloc
 .text._realloc_r
                0x100101dc      0x354 c:/progra~2/gnuarm~1/102021~1.10/bin/../lib/gcc/arm-none-eabi/10.3.1/../../../../arm-none-eabi/lib/thumb/v6-m/nofp\libc.a(lib_a-reallocr.o)
                0x100101dc                _realloc_r
 .text._sbrk_r  0x10010530       0x24 c:/progra~2/gnuarm~1/102021~1.10/bin/../lib/gcc/arm-none-eabi/10.3.1/../../../../arm-none-eabi/lib/thumb/v6-m/nofp\libc.a(lib_a-sbrkr.o)
                0x10010530                _sbrk_r
 .text.raise    0x10010554       0x60 c:/progra~2/gnuarm~1/102021~1.10/bin/../lib/gcc/arm-none-eabi/10.3.1/../../../../arm-none-eabi/lib/thumb/v6-m/nofp\libc.a(lib_a-signal.o)
                0x10010554                raise
 .text._kill_r  0x100105b4       0x28 c:/progra~2/gnuarm~1/102021~1.10/bin/../lib/gcc/arm-none-eabi/10.3.1/../../../../arm-none-eabi/lib/thumb/v6-m/nofp\libc.a(lib_a-signalr.o)
                0x100105b4                _kill_r
 .text._getpid_r
                0x100105dc        0x8 c:/progra~2/gnuarm~1/102021~1.10/bin/../lib/gcc/arm-none-eabi/10.3.1/../../../../arm-none-eabi/lib/thumb/v6-m/nofp\libc.a(lib_a-signalr.o)
                0x100105dc                _getpid_r
 .text          0x100105e4       0x88 c:/progra~2/gnuarm~1/102021~1.10/bin/../lib/gcc/arm-none-eabi/10.3.1/../../../../arm-none-eabi/lib/thumb/v6-m/nofp\libc.a(lib_a-strcmp.o)
                0x100105e4                strcmp
 .text.strlen   0x1001066c       0x5c c:/progra~2/gnuarm~1/102021~1.10/bin/../lib/gcc/arm-none-eabi/10.3.1/../../../../arm-none-eabi/lib/thumb/v6-m/nofp\libc.a(lib_a-strlen-stub.o)
                0x1001066c                strlen
 .text.strncmp  0x100106c8       0x74 c:/progra~2/gnuarm~1/102021~1.10/bin/../lib/gcc/arm-none-eabi/10.3.1/../../../../arm-none-eabi/lib/thumb/v6-m/nofp\libc.a(lib_a-strncmp.o)
                0x100106c8                strncmp
 .text.__swbuf_r
                0x1001073c       0xc8 c:/progra~2/gnuarm~1/102021~1.10/bin/../lib/gcc/arm-none-eabi/10.3.1/../../../../arm-none-eabi/lib/thumb/v6-m/nofp\libc.a(lib_a-wbuf.o)
                0x1001073c                __swbuf_r
 .text._write_r
                0x10010804       0x28 c:/progra~2/gnuarm~1/102021~1.10/bin/../lib/gcc/arm-none-eabi/10.3.1/../../../../arm-none-eabi/lib/thumb/v6-m/nofp\libc.a(lib_a-writer.o)
                0x10010804                _write_r
 .text.__swsetup_r
                0x1001082c       0xdc c:/progra~2/gnuarm~1/102021~1.10/bin/../lib/gcc/arm-none-eabi/10.3.1/../../../../arm-none-eabi/lib/thumb/v6-m/nofp\libc.a(lib_a-wsetup.o)
                0x1001082c                __swsetup_r
 .text.__sflush_r
                0x10010908      0x140 c:/progra~2/gnuarm~1/102021~1.10/bin/../lib/gcc/arm-none-eabi/10.3.1/../../../../arm-none-eabi/lib/thumb/v6-m/nofp\libc.a(lib_a-fflush.o)
                0x10010908                __sflush_r
 .text._fflush_r
                0x10010a48       0x6c c:/progra~2/gnuarm~1/102021~1.10/bin/../lib/gcc/arm-none-eabi/10.3.1/../../../../arm-none-eabi/lib/thumb/v6-m/nofp\libc.a(lib_a-fflush.o)
                0x10010a48                _fflush_r
 .text._cleanup_r
                0x10010ab4       0x10 c:/progra~2/gnuarm~1/102021~1.10/bin/../lib/gcc/arm-none-eabi/10.3.1/../../../../arm-none-eabi/lib/thumb/v6-m/nofp\libc.a(lib_a-findfp.o)
                0x10010ab4                _cleanup_r
 .text.__sinit  0x10010ac4      0x120 c:/progra~2/gnuarm~1/102021~1.10/bin/../lib/gcc/arm-none-eabi/10.3.1/../../../../arm-none-eabi/lib/thumb/v6-m/nofp\libc.a(lib_a-findfp.o)
                0x10010ac4                __sinit
 .text.__sfp_lock_acquire
                0x10010be4       0x10 c:/progra~2/gnuarm~1/102021~1.10/bin/../lib/gcc/arm-none-eabi/10.3.1/../../../../arm-none-eabi/lib/thumb/v6-m/nofp\libc.a(lib_a-findfp.o)
                0x10010be4                __sfp_lock_acquire
 .text.__sfp_lock_release
                0x10010bf4       0x10 c:/progra~2/gnuarm~1/102021~1.10/bin/../lib/gcc/arm-none-eabi/10.3.1/../../../../arm-none-eabi/lib/thumb/v6-m/nofp\libc.a(lib_a-findfp.o)
                0x10010bf4                __sfp_lock_release
 .text._malloc_trim_r
                0x10010c04       0x9c c:/progra~2/gnuarm~1/102021~1.10/bin/../lib/gcc/arm-none-eabi/10.3.1/../../../../arm-none-eabi/lib/thumb/v6-m/nofp\libc.a(lib_a-freer.o)
                0x10010c04                _malloc_trim_r
 .text._free_r  0x10010ca0      0x1c4 c:/progra~2/gnuarm~1/102021~1.10/bin/../lib/gcc/arm-none-eabi/10.3.1/../../../../arm-none-eabi/lib/thumb/v6-m/nofp\libc.a(lib_a-freer.o)
                0x10010ca0                _free_r
 .text._fwalk_reent
                0x10010e64       0x48 c:/progra~2/gnuarm~1/102021~1.10/bin/../lib/gcc/arm-none-eabi/10.3.1/../../../../arm-none-eabi/lib/thumb/v6-m/nofp\libc.a(lib_a-fwalk.o)
                0x10010e64                _fwalk_reent
 .text.__smakebuf_r
                0x10010eac       0xe4 c:/progra~2/gnuarm~1/102021~1.10/bin/../lib/gcc/arm-none-eabi/10.3.1/../../../../arm-none-eabi/lib/thumb/v6-m/nofp\libc.a(lib_a-makebuf.o)
                0x10010eac                __smakebuf_r
 .text.__sread  0x10010f90       0x28 c:/progra~2/gnuarm~1/102021~1.10/bin/../lib/gcc/arm-none-eabi/10.3.1/../../../../arm-none-eabi/lib/thumb/v6-m/nofp\libc.a(lib_a-stdio.o)
                0x10010f90                __sread
 .text.__swrite
                0x10010fb8       0x40 c:/progra~2/gnuarm~1/102021~1.10/bin/../lib/gcc/arm-none-eabi/10.3.1/../../../../arm-none-eabi/lib/thumb/v6-m/nofp\libc.a(lib_a-stdio.o)
                0x10010fb8                __swrite
 .text.__sseek  0x10010ff8       0x2c c:/progra~2/gnuarm~1/102021~1.10/bin/../lib/gcc/arm-none-eabi/10.3.1/../../../../arm-none-eabi/lib/thumb/v6-m/nofp\libc.a(lib_a-stdio.o)
                0x10010ff8                __sseek
 .text.__sclose
                0x10011024        0xc c:/progra~2/gnuarm~1/102021~1.10/bin/../lib/gcc/arm-none-eabi/10.3.1/../../../../arm-none-eabi/lib/thumb/v6-m/nofp\libc.a(lib_a-stdio.o)
                0x10011024                __sclose
 .text._close_r
                0x10011030       0x24 c:/progra~2/gnuarm~1/102021~1.10/bin/../lib/gcc/arm-none-eabi/10.3.1/../../../../arm-none-eabi/lib/thumb/v6-m/nofp\libc.a(lib_a-closer.o)
                0x10011030                _close_r
 .text._fclose_r
                0x10011054       0xdc c:/progra~2/gnuarm~1/102021~1.10/bin/../lib/gcc/arm-none-eabi/10.3.1/../../../../arm-none-eabi/lib/thumb/v6-m/nofp\libc.a(lib_a-fclose.o)
                0x10011054                _fclose_r
 .text._fstat_r
                0x10011130       0x28 c:/progra~2/gnuarm~1/102021~1.10/bin/../lib/gcc/arm-none-eabi/10.3.1/../../../../arm-none-eabi/lib/thumb/v6-m/nofp\libc.a(lib_a-fstatr.o)
                0x10011130                _fstat_r
 .text._isatty_r
                0x10011158       0x24 c:/progra~2/gnuarm~1/102021~1.10/bin/../lib/gcc/arm-none-eabi/10.3.1/../../../../arm-none-eabi/lib/thumb/v6-m/nofp\libc.a(lib_a-isattyr.o)
                0x10011158                _isatty_r
 .text._lseek_r
                0x1001117c       0x28 c:/progra~2/gnuarm~1/102021~1.10/bin/../lib/gcc/arm-none-eabi/10.3.1/../../../../arm-none-eabi/lib/thumb/v6-m/nofp\libc.a(lib_a-lseekr.o)
                0x1001117c                _lseek_r
 .text._read_r  0x100111a4       0x28 c:/progra~2/gnuarm~1/102021~1.10/bin/../lib/gcc/arm-none-eabi/10.3.1/../../../../arm-none-eabi/lib/thumb/v6-m/nofp\libc.a(lib_a-readr.o)
                0x100111a4                _read_r
 *(.fini)
 .fini          0x100111cc        0x4 c:/progra~2/gnuarm~1/102021~1.10/bin/../lib/gcc/arm-none-eabi/10.3.1/thumb/v6-m/nofp/crti.o
                0x100111cc                _fini
 .fini.__stub   0x100111d0      0x1f0 linker stubs
 *crtbegin.o(.ctors)
 *crtbegin?.o(.ctors)
 *(EXCLUDE_FILE(*crtend.o *crtend?.o) .ctors)
 *(SORT_BY_NAME(.ctors.*))
 *(.ctors)
 *crtbegin.o(.dtors)
 *crtbegin?.o(.dtors)
 *(EXCLUDE_FILE(*crtend.o *crtend?.o) .dtors)
 *(SORT_BY_NAME(.dtors.*))
 *(.dtors)
 *(.eh_frame*)
 .eh_frame      0x100113c0        0x0 c:/progra~2/gnuarm~1/102021~1.10/bin/../lib/gcc/arm-none-eabi/10.3.1/thumb/v6-m/nofp/crtbegin.o
                0x100113c0                . = ALIGN (0x4)

.glue_7         0x100113c0        0x0
 .glue_7        0x100113c0        0x0 linker stubs

.glue_7t        0x100113c0        0x0
 .glue_7t       0x100113c0        0x0 linker stubs

.vfp11_veneer   0x100113c0        0x0
 .vfp11_veneer  0x100113c0        0x0 linker stubs

.v4_bx          0x100113c0        0x0
 .v4_bx         0x100113c0        0x0 linker stubs

.iplt           0x100113c0        0x0
 .iplt          0x100113c0        0x0 c:/progra~2/gnuarm~1/102021~1.10/bin/../lib/gcc/arm-none-eabi/10.3.1/thumb/v6-m/nofp/crtbegin.o

.rodata         0x100113c0     0x2268
 *(EXCLUDE_FILE(*libm.a: *libc.a:*lib_a-mem*.o *libgcc.a:) .rodata*)
 .rodata.main.str1.4
                0x100113c0       0x77 CMakeFiles/pico_rc_link.dir/pico_rc_link.cpp.obj
 *fill*         0x10011437        0x1 
 .rodata.str1.4
                0x10011438        0x7 CMakeFiles/pico_rc_link.dir/LoRa-RP2040.cpp.obj
 *fill*         0x1001143f        0x1 
 .rodata._ZTV9LoRaClass
                0x10011440       0x24 CMakeFiles/pico_rc_link.dir/LoRa-RP2040.cpp.obj
                0x10011440                vtable for LoRaClass
 .rodata._ZZN9LoRaClass5beginElE8__bi_110
                0x10011464        0x8 CMakeFiles/pico_rc_link.dir/LoRa-RP2040.cpp.obj
 .rodata.spin_lock_claim_unused.str1.4
                0x1001146c       0x1b CMakeFiles/pico_rc_link.dir/C_/Users/aspen/Code/pico-sdk/src/rp2_common/hardware_sync/sync.c.obj
 *fill*         0x10011487        0x1 
 .rodata.user_irq_claim_unused.str1.4
                0x10011488       0x1b CMakeFiles/pico_rc_link.dir/C_/Users/aspen/Code/pico-sdk/src/rp2_common/hardware_irq/irq.c.obj
 *fill*         0x100114a3        0x5 
 .rodata.at_the_end_of_time
                0x100114a8        0x8 CMakeFiles/pico_rc_link.dir/C_/Users/aspen/Code/pico-sdk/src/common/pico_time/time.c.obj
                0x100114a8                at_the_end_of_time
 .rodata.hardware_alarm_claim.str1.4
                0x100114b0       0x22 CMakeFiles/pico_rc_link.dir/C_/Users/aspen/Code/pico-sdk/src/rp2_common/hardware_timer/timer.c.obj
 *fill*         0x100114d2        0x2 
 .rodata.panic.str1.4
                0x100114d4       0x10 CMakeFiles/pico_rc_link.dir/C_/Users/aspen/Code/pico-sdk/src/rp2_common/pico_runtime/runtime.c.obj
                                 0x12 (size before relaxing)
 .rodata.hard_assertion_failure.str1.4
                0x100114e4        0xc CMakeFiles/pico_rc_link.dir/C_/Users/aspen/Code/pico-sdk/src/rp2_common/pico_runtime/runtime.c.obj
 .rodata._ftoa.str1.4
                0x100114f0       0x15 CMakeFiles/pico_rc_link.dir/C_/Users/aspen/Code/pico-sdk/src/rp2_common/pico_printf/printf.c.obj
 *fill*         0x10011505        0x3 
 .rodata._vsnprintf
                0x10011508      0x1e0 CMakeFiles/pico_rc_link.dir/C_/Users/aspen/Code/pico-sdk/src/rp2_common/pico_printf/printf.c.obj
 .rodata.pow10.0
                0x100116e8       0x50 CMakeFiles/pico_rc_link.dir/C_/Users/aspen/Code/pico-sdk/src/rp2_common/pico_printf/printf.c.obj
 .rodata.__wrap_malloc.str1.4
                0x10011738        0xe CMakeFiles/pico_rc_link.dir/C_/Users/aspen/Code/pico-sdk/src/rp2_common/pico_malloc/pico_malloc.c.obj
 *fill*         0x10011746        0x2 
 .rodata.str1.4
                0x10011748       0x44 CMakeFiles/pico_rc_link.dir/C_/Users/aspen/Code/pico-sdk/src/rp2_common/pico_standard_link/binary_info.c.obj
 .rodata.__bi_44
                0x1001178c        0xc CMakeFiles/pico_rc_link.dir/C_/Users/aspen/Code/pico-sdk/src/rp2_common/pico_standard_link/binary_info.c.obj
 .rodata.__bi_75
                0x10011798        0xc CMakeFiles/pico_rc_link.dir/C_/Users/aspen/Code/pico-sdk/src/rp2_common/pico_standard_link/binary_info.c.obj
 .rodata.__bi_81
                0x100117a4        0xc CMakeFiles/pico_rc_link.dir/C_/Users/aspen/Code/pico-sdk/src/rp2_common/pico_standard_link/binary_info.c.obj
 .rodata.crlf_str.0
                0x100117b0        0x2 CMakeFiles/pico_rc_link.dir/C_/Users/aspen/Code/pico-sdk/src/rp2_common/pico_stdio/stdio.c.obj
 *fill*         0x100117b2        0x2 
 .rodata._resetd_driver
                0x100117b4       0x18 CMakeFiles/pico_rc_link.dir/C_/Users/aspen/Code/pico-sdk/src/rp2_common/pico_stdio_usb/reset_interface.c.obj
 .rodata.str1.4
                0x100117cc       0x13 CMakeFiles/pico_rc_link.dir/C_/Users/aspen/Code/pico-sdk/src/rp2_common/pico_stdio_usb/stdio_usb.c.obj
 *fill*         0x100117df        0x1 
 .rodata.__bi_182.0
                0x100117e0        0xc CMakeFiles/pico_rc_link.dir/C_/Users/aspen/Code/pico-sdk/src/rp2_common/pico_stdio_usb/stdio_usb.c.obj
 .rodata.str1.4
                0x100117ec       0x2a CMakeFiles/pico_rc_link.dir/C_/Users/aspen/Code/pico-sdk/src/rp2_common/pico_stdio_usb/stdio_usb_descriptors.c.obj
 *fill*         0x10011816        0x2 
 .rodata.usbd_desc_cfg
                0x10011818       0x54 CMakeFiles/pico_rc_link.dir/C_/Users/aspen/Code/pico-sdk/src/rp2_common/pico_stdio_usb/stdio_usb_descriptors.c.obj
 .rodata.usbd_desc_device
                0x1001186c       0x12 CMakeFiles/pico_rc_link.dir/C_/Users/aspen/Code/pico-sdk/src/rp2_common/pico_stdio_usb/stdio_usb_descriptors.c.obj
 *fill*         0x1001187e        0x2 
 .rodata.usbd_desc_str
                0x10011880       0x18 CMakeFiles/pico_rc_link.dir/C_/Users/aspen/Code/pico-sdk/src/rp2_common/pico_stdio_usb/stdio_usb_descriptors.c.obj
 .rodata.str1.4
                0x10011898       0x14 CMakeFiles/pico_rc_link.dir/C_/Users/aspen/Code/pico-sdk/lib/tinyusb/src/portable/raspberrypi/rp2040/dcd_rp2040.c.obj
 .rodata.str1.4
                0x100118ac       0x53 CMakeFiles/pico_rc_link.dir/C_/Users/aspen/Code/pico-sdk/lib/tinyusb/src/portable/raspberrypi/rp2040/rp2040_usb.c.obj
 *fill*         0x100118ff        0x1 
 .rodata.tud_task_ext
                0x10011900       0x8c CMakeFiles/pico_rc_link.dir/C_/Users/aspen/Code/pico-sdk/lib/tinyusb/src/device/usbd.c.obj
 .rodata._usbd_driver
                0x1001198c       0x18 CMakeFiles/pico_rc_link.dir/C_/Users/aspen/Code/pico-sdk/lib/tinyusb/src/device/usbd.c.obj
 .rodata._ZTIN9__gnu_cxx20recursive_init_errorE
                0x100119a4        0xc c:/progra~2/gnuarm~1/102021~1.10/bin/../lib/gcc/arm-none-eabi/10.3.1/../../../../arm-none-eabi/lib/thumb/v6-m/nofp\libstdc++.a(guard_error.o)
                0x100119a4                typeinfo for __gnu_cxx::recursive_init_error
 .rodata._ZTSN9__gnu_cxx20recursive_init_errorE
                0x100119b0       0x23 c:/progra~2/gnuarm~1/102021~1.10/bin/../lib/gcc/arm-none-eabi/10.3.1/../../../../arm-none-eabi/lib/thumb/v6-m/nofp\libstdc++.a(guard_error.o)
                0x100119b0                typeinfo name for __gnu_cxx::recursive_init_error
 *fill*         0x100119d3        0x1 
 .rodata._ZTVN9__gnu_cxx20recursive_init_errorE
                0x100119d4       0x14 c:/progra~2/gnuarm~1/102021~1.10/bin/../lib/gcc/arm-none-eabi/10.3.1/../../../../arm-none-eabi/lib/thumb/v6-m/nofp\libstdc++.a(guard_error.o)
                0x100119d4                vtable for __gnu_cxx::recursive_init_error
 .rodata._ZTIN10__cxxabiv120__si_class_type_infoE
                0x100119e8        0xc c:/progra~2/gnuarm~1/102021~1.10/bin/../lib/gcc/arm-none-eabi/10.3.1/../../../../arm-none-eabi/lib/thumb/v6-m/nofp\libstdc++.a(si_class_type_info.o)
                0x100119e8                typeinfo for __cxxabiv1::__si_class_type_info
 .rodata._ZTSN10__cxxabiv120__si_class_type_infoE
                0x100119f4       0x25 c:/progra~2/gnuarm~1/102021~1.10/bin/../lib/gcc/arm-none-eabi/10.3.1/../../../../arm-none-eabi/lib/thumb/v6-m/nofp\libstdc++.a(si_class_type_info.o)
                0x100119f4                typeinfo name for __cxxabiv1::__si_class_type_info
 *fill*         0x10011a19        0x3 
 .rodata._ZTVN10__cxxabiv120__si_class_type_infoE
                0x10011a1c       0x2c c:/progra~2/gnuarm~1/102021~1.10/bin/../lib/gcc/arm-none-eabi/10.3.1/../../../../arm-none-eabi/lib/thumb/v6-m/nofp\libstdc++.a(si_class_type_info.o)
                0x10011a1c                vtable for __cxxabiv1::__si_class_type_info
 .rodata._ZTISt9type_info
                0x10011a48        0x8 c:/progra~2/gnuarm~1/102021~1.10/bin/../lib/gcc/arm-none-eabi/10.3.1/../../../../arm-none-eabi/lib/thumb/v6-m/nofp\libstdc++.a(tinfo.o)
                0x10011a48                typeinfo for std::type_info
 .rodata._ZTSSt9type_info
                0x10011a50        0xd c:/progra~2/gnuarm~1/102021~1.10/bin/../lib/gcc/arm-none-eabi/10.3.1/../../../../arm-none-eabi/lib/thumb/v6-m/nofp\libstdc++.a(tinfo.o)
                0x10011a50                typeinfo name for std::type_info
 *fill*         0x10011a5d        0x3 
 .rodata._ZTIN10__cxxabiv117__class_type_infoE
                0x10011a60        0xc c:/progra~2/gnuarm~1/102021~1.10/bin/../lib/gcc/arm-none-eabi/10.3.1/../../../../arm-none-eabi/lib/thumb/v6-m/nofp\libstdc++.a(class_type_info.o)
                0x10011a60                typeinfo for __cxxabiv1::__class_type_info
 .rodata._ZTSN10__cxxabiv117__class_type_infoE
                0x10011a6c       0x22 c:/progra~2/gnuarm~1/102021~1.10/bin/../lib/gcc/arm-none-eabi/10.3.1/../../../../arm-none-eabi/lib/thumb/v6-m/nofp\libstdc++.a(class_type_info.o)
                0x10011a6c                typeinfo name for __cxxabiv1::__class_type_info
 *fill*         0x10011a8e        0x2 
 .rodata._ZTVN10__cxxabiv117__class_type_infoE
                0x10011a90       0x2c c:/progra~2/gnuarm~1/102021~1.10/bin/../lib/gcc/arm-none-eabi/10.3.1/../../../../arm-none-eabi/lib/thumb/v6-m/nofp\libstdc++.a(class_type_info.o)
                0x10011a90                vtable for __cxxabiv1::__class_type_info
 .rodata._ZNKSt9exception4whatEv.str1.4
                0x10011abc        0xf c:/progra~2/gnuarm~1/102021~1.10/bin/../lib/gcc/arm-none-eabi/10.3.1/../../../../arm-none-eabi/lib/thumb/v6-m/nofp\libstdc++.a(eh_exception.o)
 *fill*         0x10011acb        0x1 
 .rodata._ZNKSt13bad_exception4whatEv.str1.4
                0x10011acc       0x13 c:/progra~2/gnuarm~1/102021~1.10/bin/../lib/gcc/arm-none-eabi/10.3.1/../../../../arm-none-eabi/lib/thumb/v6-m/nofp\libstdc++.a(eh_exception.o)
 *fill*         0x10011adf        0x1 
 .rodata._ZTIN10__cxxabiv115__forced_unwindE
                0x10011ae0        0x8 c:/progra~2/gnuarm~1/102021~1.10/bin/../lib/gcc/arm-none-eabi/10.3.1/../../../../arm-none-eabi/lib/thumb/v6-m/nofp\libstdc++.a(eh_exception.o)
                0x10011ae0                typeinfo for __cxxabiv1::__forced_unwind
 .rodata._ZTIN10__cxxabiv119__foreign_exceptionE