Archive member included to satisfy reference by file (symbol)

c:/progra~2/gnuarm~1/102021~1.10/bin/../lib/gcc/arm-none-eabi/10.3.1/../../../../arm-none-eabi/lib/thumb/v6-m/nofp\libstdc++.a(guard.o)
                              CMakeFiles/pico_rc_link.dir/LoRa-RP2040.cpp.obj (__cxa_guard_acquire)
c:/progra~2/gnuarm~1/102021~1.10/bin/../lib/gcc/arm-none-eabi/10.3.1/../../../../arm-none-eabi/lib/thumb/v6-m/nofp\libstdc++.a(guard_error.o)
                              c:/progra~2/gnuarm~1/102021~1.10/bin/../lib/gcc/arm-none-eabi/10.3.1/../../../../arm-none-eabi/lib/thumb/v6-m/nofp\libstdc++.a(guard.o) (__gnu_cxx::recursive_init_error::~recursive_init_error())
c:/progra~2/gnuarm~1/102021~1.10/bin/../lib/gcc/arm-none-eabi/10.3.1/../../../../arm-none-eabi/lib/thumb/v6-m/nofp\libstdc++.a(pure.o)
                              CMakeFiles/pico_rc_link.dir/Print.cpp.obj (__cxa_pure_virtual)
c:/progra~2/gnuarm~1/102021~1.10/bin/../lib/gcc/arm-none-eabi/10.3.1/../../../../arm-none-eabi/lib/thumb/v6-m/nofp\libstdc++.a(si_class_type_info.o)
                              c:/progra~2/gnuarm~1/102021~1.10/bin/../lib/gcc/arm-none-eabi/10.3.1/../../../../arm-none-eabi/lib/thumb/v6-m/nofp\libstdc++.a(guard_error.o) (vtable for __cxxabiv1::__si_class_type_info)
c:/progra~2/gnuarm~1/102021~1.10/bin/../lib/gcc/arm-none-eabi/10.3.1/../../../../arm-none-eabi/lib/thumb/v6-m/nofp\libstdc++.a(tinfo.o)
                              c:/progra~2/gnuarm~1/102021~1.10/bin/../lib/gcc/arm-none-eabi/10.3.1/../../../../arm-none-eabi/lib/thumb/v6-m/nofp\libstdc++.a(si_class_type_info.o) (std::type_info::__is_pointer_p() const)
c:/progra~2/gnuarm~1/102021~1.10/bin/../lib/gcc/arm-none-eabi/10.3.1/../../../../arm-none-eabi/lib/thumb/v6-m/nofp\libstdc++.a(class_type_info.o)
                              c:/progra~2/gnuarm~1/102021~1.10/bin/../lib/gcc/arm-none-eabi/10.3.1/../../../../arm-none-eabi/lib/thumb/v6-m/nofp\libstdc++.a(si_class_type_info.o) (__cxxabiv1::__class_type_info::__do_upcast(__cxxabiv1::__class_type_info const*, void**) const)
c:/progra~2/gnuarm~1/102021~1.10/bin/../lib/gcc/arm-none-eabi/10.3.1/../../../../arm-none-eabi/lib/thumb/v6-m/nofp\libstdc++.a(eh_alloc.o)
                              c:/progra~2/gnuarm~1/102021~1.10/bin/../lib/gcc/arm-none-eabi/10.3.1/../../../../arm-none-eabi/lib/thumb/v6-m/nofp\libstdc++.a(guard.o) (__cxa_allocate_exception)
c:/progra~2/gnuarm~1/102021~1.10/bin/../lib/gcc/arm-none-eabi/10.3.1/../../../../arm-none-eabi/lib/thumb/v6-m/nofp\libstdc++.a(eh_exception.o)
                              c:/progra~2/gnuarm~1/102021~1.10/bin/../lib/gcc/arm-none-eabi/10.3.1/../../../../arm-none-eabi/lib/thumb/v6-m/nofp\libstdc++.a(guard_error.o) (std::exception::~exception())
c:/progra~2/gnuarm~1/102021~1.10/bin/../lib/gcc/arm-none-eabi/10.3.1/../../../../arm-none-eabi/lib/thumb/v6-m/nofp\libstdc++.a(eh_terminate.o)
                              c:/progra~2/gnuarm~1/102021~1.10/bin/../lib/gcc/arm-none-eabi/10.3.1/../../../../arm-none-eabi/lib/thumb/v6-m/nofp\libstdc++.a(pure.o) (std::terminate())
c:/progra~2/gnuarm~1/102021~1.10/bin/../lib/gcc/arm-none-eabi/10.3.1/../../../../arm-none-eabi/lib/thumb/v6-m/nofp\libstdc++.a(eh_throw.o)
                              c:/progra~2/gnuarm~1/102021~1.10/bin/../lib/gcc/arm-none-eabi/10.3.1/../../../../arm-none-eabi/lib/thumb/v6-m/nofp\libstdc++.a(guard.o) (__cxa_throw)
c:/progra~2/gnuarm~1/102021~1.10/bin/../lib/gcc/arm-none-eabi/10.3.1/../../../../arm-none-eabi/lib/thumb/v6-m/nofp\libstdc++.a(eh_unex_handler.o)
                              c:/progra~2/gnuarm~1/102021~1.10/bin/../lib/gcc/arm-none-eabi/10.3.1/../../../../arm-none-eabi/lib/thumb/v6-m/nofp\libstdc++.a(eh_terminate.o) (__cxxabiv1::__unexpected_handler)
c:/progra~2/gnuarm~1/102021~1.10/bin/../lib/gcc/arm-none-eabi/10.3.1/../../../../arm-none-eabi/lib/thumb/v6-m/nofp\libstdc++.a(vterminate.o)
                              c:/progra~2/gnuarm~1/102021~1.10/bin/../lib/gcc/arm-none-eabi/10.3.1/../../../../arm-none-eabi/lib/thumb/v6-m/nofp\libstdc++.a(eh_terminate.o) (__gnu_cxx::__verbose_terminate_handler())
c:/progra~2/gnuarm~1/102021~1.10/bin/../lib/gcc/arm-none-eabi/10.3.1/../../../../arm-none-eabi/lib/thumb/v6-m/nofp\libstdc++.a(cp-demangle.o)
                              c:/progra~2/gnuarm~1/102021~1.10/bin/../lib/gcc/arm-none-eabi/10.3.1/../../../../arm-none-eabi/lib/thumb/v6-m/nofp\libstdc++.a(vterminate.o) (__cxa_demangle)
c:/progra~2/gnuarm~1/102021~1.10/bin/../lib/gcc/arm-none-eabi/10.3.1/../../../../arm-none-eabi/lib/thumb/v6-m/nofp\libstdc++.a(eh_arm.o)
                              c:/progra~2/gnuarm~1/102021~1.10/bin/../lib/gcc/arm-none-eabi/10.3.1/../../../../arm-none-eabi/lib/thumb/v6-m/nofp\libstdc++.a(eh_terminate.o) (__cxa_end_cleanup)
c:/progra~2/gnuarm~1/102021~1.10/bin/../lib/gcc/arm-none-eabi/10.3.1/../../../../arm-none-eabi/lib/thumb/v6-m/nofp\libstdc++.a(eh_call.o)
[...]
Memory Configuration

Name             Origin             Length             Attributes
FLASH            0x10000000         0x00200000         xr
RAM              0x20000000         0x00040000         xrw
SCRATCH_X        0x20040000         0x00001000         xrw
SCRATCH_Y        0x20041000         0x00001000         xrw
*default*        0x00000000         0xffffffff

Linker script and memory map

LOAD c:/progra~2/gnuarm~1/102021~1.10/bin/../lib/gcc/arm-none-eabi/10.3.1/thumb/v6-m/nofp/crti.o
LOAD c:/progra~2/gnuarm~1/102021~1.10/bin/../lib/gcc/arm-none-eabi/10.3.1/thumb/v6-m/nofp/crtbegin.o
LOAD c:/progra~2/gnuarm~1/102021~1.10/bin/../lib/gcc/arm-none-eabi/10.3.1/../../../../arm-none-eabi/lib/thumb/v6-m/nofp/crt0.o

.flash_begin    0x10000000        0x0
                0x10000000                __flash_binary_start = .

.boot2          0x10000000      0x100
                0x10000000                __boot2_start__ = .
 *(.boot2)
 .boot2         0x10000000      0x100 C:\Users\aspen\AppData\Local\Temp\ccOPujlg.o
                0x10000100                __boot2_end__ = .
                0x00000001                ASSERT (((__boot2_end__ - __boot2_start__) == 0x100), ERROR: Pico second stage bootloader must be 256 bytes in size)

.text           0x10000100    0x11c58
                0x10000100                __logical_binary_start = .
 *(.vectors)
 .vectors       0x10000100       0xd4 CMakeFiles/pico_rc_link.dir/C_/Users/aspen/Code/pico-sdk/src/rp2_common/pico_standard_link/crt0.S.obj
                0x10000100                __VECTOR_TABLE
                0x10000100                __vectors
                0x100001c0                isr_invalid
                0x100001c0                __default_isrs_start
                0x100001c2                isr_nmi
                0x100001c4                isr_hardfault
                0x100001c6                isr_svcall
                0x100001c8                isr_pendsv
                0x100001ca                isr_systick
                0x100001cc                isr_irq23
                0x100001cc                isr_irq18
                0x100001cc                isr_irq11
                0x100001cc                isr_irq28
                0x100001cc                isr_irq19
                0x100001cc                isr_irq0
                0x100001cc                isr_irq6
                0x100001cc                isr_irq5
                0x100001cc                isr_irq12
                0x100001cc                isr_irq22
                0x100001cc                isr_irq31
                0x100001cc                isr_irq17
                0x100001cc                isr_irq27
                0x100001cc                isr_irq30
                0x100001cc                isr_irq2
                0x100001cc                isr_irq10
                0x100001cc                isr_irq8
                0x100001cc                isr_irq24
                0x100001cc                isr_irq1
                0x100001cc                isr_irq7
                0x100001cc                isr_irq21
                0x100001cc                isr_irq20
                0x100001cc                isr_irq15
                0x100001cc                isr_irq25
                0x100001cc                isr_irq13
                0x100001cc                __unhandled_user_irq
                0x100001cc                isr_irq4
                0x100001cc                isr_irq16
                0x100001cc                isr_irq29
                0x100001cc                isr_irq26
                0x100001cc                __default_isrs_end
                0x100001cc                isr_irq3
                0x100001cc                isr_irq14
                0x100001cc                isr_irq9
                0x100001d2                unhandled_user_irq_num_in_r0
 *(.binary_info_header)
 .binary_info_header
                0x100001d4       0x14 CMakeFiles/pico_rc_link.dir/C_/Users/aspen/Code/pico-sdk/src/rp2_common/pico_standard_link/crt0.S.obj
                0x100001e8                __binary_info_header_end = .
 *(.reset)
 .reset         0x100001e8       0xa0 CMakeFiles/pico_rc_link.dir/C_/Users/aspen/Code/pico-sdk/src/rp2_common/pico_standard_link/crt0.S.obj
                0x100001e8                _entry_point
 .reset         0x10000288       0x30 CMakeFiles/pico_rc_link.dir/C_/Users/aspen/Code/pico-sdk/src/rp2_common/pico_standard_link/binary_info.c.obj
 *(.init)
 .init          0x100002b8        0x4 c:/progra~2/gnuarm~1/102021~1.10/bin/../lib/gcc/arm-none-eabi/10.3.1/thumb/v6-m/nofp/crti.o
                0x100002b8                _init
 *(EXCLUDE_FILE(*libm.a: *libc.a:*lib_a-mem*.o *libgcc.a:) .text*)
 .text          0x100002bc       0x48 c:/progra~2/gnuarm~1/102021~1.10/bin/../lib/gcc/arm-none-eabi/10.3.1/thumb/v6-m/nofp/crtbegin.o
 .text._Z17core1_serial_loopv
                0x10000304      0x154 CMakeFiles/pico_rc_link.dir/pico_rc_link.cpp.obj
                0x10000304                core1_serial_loop()
 .text._Z11core1_entryv
                0x10000458       0x20 CMakeFiles/pico_rc_link.dir/pico_rc_link.cpp.obj
                0x10000458                core1_entry()
 .text._Z13core0_rf_loopv
                0x10000478      0x244 CMakeFiles/pico_rc_link.dir/pico_rc_link.cpp.obj
                0x10000478                core0_rf_loop()
 .text._Z11core0_entryv
                0x100006bc      0x134 CMakeFiles/pico_rc_link.dir/pico_rc_link.cpp.obj
                0x100006bc                core0_entry()
 .text.startup.main
                0x100007f0       0x28 CMakeFiles/pico_rc_link.dir/pico_rc_link.cpp.obj
                0x100007f0                main
 .text._ZN5Print17availableForWriteEv
                0x10000818        0x4 CMakeFiles/pico_rc_link.dir/LoRa-RP2040.cpp.obj
                0x10000818                Print::availableForWrite()
 .text._ZN9LoRaClass5flushEv
                0x1000081c        0x4 CMakeFiles/pico_rc_link.dir/LoRa-RP2040.cpp.obj
                0x1000081c                LoRaClass::flush()
 .text._ZN9LoRaClass9availableEv
                0x10000820       0x64 CMakeFiles/pico_rc_link.dir/LoRa-RP2040.cpp.obj
                0x10000820                LoRaClass::available()
 .text._ZN9LoRaClass4readEv
                0x10000884       0xbc CMakeFiles/pico_rc_link.dir/LoRa-RP2040.cpp.obj
                0x10000884                LoRaClass::read()
 .text._ZN9LoRaClass5writeEPKhj
                0x10000940      0x104 CMakeFiles/pico_rc_link.dir/LoRa-RP2040.cpp.obj
                0x10000940                LoRaClass::write(unsigned char const*, unsigned int)
 .text._ZN9LoRaClass4peekEv
                0x10000a44      0x120 CMakeFiles/pico_rc_link.dir/LoRa-RP2040.cpp.obj
                0x10000a44                LoRaClass::peek()
 .text._ZN9LoRaClass5writeEh
                0x10000b64       0xf8 CMakeFiles/pico_rc_link.dir/LoRa-RP2040.cpp.obj
                0x10000b64                LoRaClass::write(unsigned char)
 .text._ZN9LoRaClass5beginEl
                0x10000c5c      0x368 CMakeFiles/pico_rc_link.dir/LoRa-RP2040.cpp.obj
                0x10000c5c                LoRaClass::begin(long)
 .text._ZN9LoRaClass11beginPacketEi
                0x10000fc4      0x214 CMakeFiles/pico_rc_link.dir/LoRa-RP2040.cpp.obj
                0x10000fc4                LoRaClass::beginPacket(int)
 .text._ZN9LoRaClass9endPacketEb
                0x100011d8      0x16c CMakeFiles/pico_rc_link.dir/LoRa-RP2040.cpp.obj
                0x100011d8                LoRaClass::endPacket(bool)
 .text._ZN9LoRaClass11parsePacketEi
                0x10001344      0x314 CMakeFiles/pico_rc_link.dir/LoRa-RP2040.cpp.obj
                0x10001344                LoRaClass::parsePacket(int)
 .text._ZN9LoRaClass10setTxPowerEii
                0x10001658      0x184 CMakeFiles/pico_rc_link.dir/LoRa-RP2040.cpp.obj
                0x10001658                LoRaClass::setTxPower(int, int)
 .text._ZN9LoRaClass10setLdoFlagEv
                0x100017dc      0x14c CMakeFiles/pico_rc_link.dir/LoRa-RP2040.cpp.obj
                0x100017dc                LoRaClass::setLdoFlag()
 .text._ZN9LoRaClass18setSpreadingFactorEi
                0x10001928      0x188 CMakeFiles/pico_rc_link.dir/LoRa-RP2040.cpp.obj
                0x10001928                LoRaClass::setSpreadingFactor(int)
 .text._ZN9LoRaClass18setSignalBandwidthEl
                0x10001ab0      0x100 CMakeFiles/pico_rc_link.dir/LoRa-RP2040.cpp.obj
                0x10001ab0                LoRaClass::setSignalBandwidth(long)
 .text._ZN9LoRaClass11setSyncWordEi
                0x10001bb0       0x54 CMakeFiles/pico_rc_link.dir/LoRa-RP2040.cpp.obj
                0x10001bb0                LoRaClass::setSyncWord(int)
 .text._ZN9LoRaClass9enableCrcEv
                0x10001c04       0x88 CMakeFiles/pico_rc_link.dir/LoRa-RP2040.cpp.obj
                0x10001c04                LoRaClass::enableCrc()
 .text._ZN9LoRaClass7setPinsEiiii
                0x10001c8c        0xc CMakeFiles/pico_rc_link.dir/LoRa-RP2040.cpp.obj
                0x10001c8c                LoRaClass::setPins(int, int, int, int)
 .text.startup._GLOBAL__sub_I__ZN9LoRaClassC2Ev
                0x10001c98       0x5c CMakeFiles/pico_rc_link.dir/LoRa-RP2040.cpp.obj
 .text._ZN5Print5writeEPKhj
                0x10001cf4       0x28 CMakeFiles/pico_rc_link.dir/Print.cpp.obj
                0x10001cf4                Print::write(unsigned char const*, unsigned int)
 .text._ZN5Print5printEPKc
                0x10001d1c       0x60 CMakeFiles/pico_rc_link.dir/Print.cpp.obj
                0x10001d1c                Print::print(char const*)
 .text.gpio_set_function
                0x10001d7c       0x30 CMakeFiles/pico_rc_link.dir/C_/Users/aspen/Code/pico-sdk/src/rp2_common/hardware_gpio/gpio.c.obj
                0x10001d7c                gpio_set_function
 .text.gpio_init
                0x10001dac       0x3c CMakeFiles/pico_rc_link.dir/C_/Users/aspen/Code/pico-sdk/src/rp2_common/hardware_gpio/gpio.c.obj
                0x10001dac                gpio_init
 .text.running_on_fpga
                0x10001de8       0x10 CMakeFiles/pico_rc_link.dir/C_/Users/aspen/Code/pico-sdk/src/rp2_common/pico_platform/platform.c.obj
                0x10001de8                running_on_fpga
 .text.hw_claim_or_assert
                0x10001df8       0x44 CMakeFiles/pico_rc_link.dir/C_/Users/aspen/Code/pico-sdk/src/rp2_common/hardware_claim/claim.c.obj
                0x10001df8                hw_claim_or_assert
 .text.hw_claim_unused_from_range
                0x10001e3c       0x9c CMakeFiles/pico_rc_link.dir/C_/Users/aspen/Code/pico-sdk/src/rp2_common/hardware_claim/claim.c.obj
                0x10001e3c                hw_claim_unused_from_range
 .text.spin_locks_reset
                0x10001ed8       0x1c CMakeFiles/pico_rc_link.dir/C_/Users/aspen/Code/pico-sdk/src/rp2_common/hardware_sync/sync.c.obj
                0x10001ed8                spin_locks_reset
 .text.next_striped_spin_lock_num
                0x10001ef4       0x18 CMakeFiles/pico_rc_link.dir/C_/Users/aspen/Code/pico-sdk/src/rp2_common/hardware_sync/sync.c.obj
                0x10001ef4                next_striped_spin_lock_num
 .text.spin_lock_claim_unused
                0x10001f0c       0x20 CMakeFiles/pico_rc_link.dir/C_/Users/aspen/Code/pico-sdk/src/rp2_common/hardware_sync/sync.c.obj
                0x10001f0c                spin_lock_claim_unused
 .text.irq_set_enabled
                0x10001f2c       0x24 CMakeFiles/pico_rc_link.dir/C_/Users/aspen/Code/pico-sdk/src/rp2_common/hardware_irq/irq.c.obj
                0x10001f2c                irq_set_enabled
 .text.irq_is_enabled
                0x10001f50       0x18 CMakeFiles/pico_rc_link.dir/C_/Users/aspen/Code/pico-sdk/src/rp2_common/hardware_irq/irq.c.obj
                0x10001f50                irq_is_enabled
 .text.irq_set_pending
                0x10001f68       0x10 CMakeFiles/pico_rc_link.dir/C_/Users/aspen/Code/pico-sdk/src/rp2_common/hardware_irq/irq.c.obj
                0x10001f68                irq_set_pending
 .text.irq_has_shared_handler
                0x10001f78       0x2c CMakeFiles/pico_rc_link.dir/C_/Users/aspen/Code/pico-sdk/src/rp2_common/hardware_irq/irq.c.obj
                0x10001f78                irq_has_shared_handler
 .text.irq_get_vtable_handler
                0x10001fa4       0x10 CMakeFiles/pico_rc_link.dir/C_/Users/aspen/Code/pico-sdk/src/rp2_common/hardware_irq/irq.c.obj
                0x10001fa4                irq_get_vtable_handler
 .text.irq_set_exclusive_handler
                0x10001fb4       0x54 CMakeFiles/pico_rc_link.dir/C_/Users/aspen/Code/pico-sdk/src/rp2_common/hardware_irq/irq.c.obj
                0x10001fb4                irq_set_exclusive_handler
 .text.irq_add_shared_handler
                0x10002008      0x1e8 CMakeFiles/pico_rc_link.dir/C_/Users/aspen/Code/pico-sdk/src/rp2_common/hardware_irq/irq.c.obj
                0x10002008                irq_add_shared_handler
 .text.irq_remove_handler
                0x100021f0      0x1b0 CMakeFiles/pico_rc_link.dir/C_/Users/aspen/Code/pico-sdk/src/rp2_common/hardware_irq/irq.c.obj
                0x100021f0                irq_remove_handler
 .text.irq_add_tail_to_free_list
                0x100023a0       0xb4 CMakeFiles/pico_rc_link.dir/C_/Users/aspen/Code/pico-sdk/src/rp2_common/hardware_irq/irq.c.obj
                0x100023a0                irq_add_tail_to_free_list
 .text.irq_init_priorities
                0x10002454       0x24 CMakeFiles/pico_rc_link.dir/C_/Users/aspen/Code/pico-sdk/src/rp2_common/hardware_irq/irq.c.obj
                0x10002454                irq_init_priorities
 .text.user_irq_claim_unused
                0x10002478       0x28 CMakeFiles/pico_rc_link.dir/C_/Users/aspen/Code/pico-sdk/src/rp2_common/hardware_irq/irq.c.obj
                0x10002478                user_irq_claim_unused
 .text.lock_init
                0x100024a0       0x10 CMakeFiles/pico_rc_link.dir/C_/Users/aspen/Code/pico-sdk/src/common/pico_sync/lock_core.c.obj
                0x100024a0                lock_init
 .text.mutex_init
                0x100024b0       0x1c CMakeFiles/pico_rc_link.dir/C_/Users/aspen/Code/pico-sdk/src/common/pico_sync/mutex.c.obj
                0x100024b0                mutex_init
 .text.recursive_mutex_init
                0x100024cc       0x1c CMakeFiles/pico_rc_link.dir/C_/Users/aspen/Code/pico-sdk/src/common/pico_sync/mutex.c.obj
                0x100024cc                recursive_mutex_init
 .text.critical_section_init
                0x100024e8       0x20 CMakeFiles/pico_rc_link.dir/C_/Users/aspen/Code/pico-sdk/src/common/pico_sync/critical_section.c.obj
                0x100024e8                critical_section_init
 .text.critical_section_init_with_lock_num
                0x10002508       0x14 CMakeFiles/pico_rc_link.dir/C_/Users/aspen/Code/pico-sdk/src/common/pico_sync/critical_section.c.obj
                0x10002508                critical_section_init_with_lock_num
 .text.timer_pool_entry_comparator
                0x1000251c       0x34 CMakeFiles/pico_rc_link.dir/C_/Users/aspen/Code/pico-sdk/src/common/pico_time/time.c.obj
                0x1000251c                timer_pool_entry_comparator
 .text.sleep_until_callback
                0x10002550       0x30 CMakeFiles/pico_rc_link.dir/C_/Users/aspen/Code/pico-sdk/src/common/pico_time/time.c.obj
 .text.add_alarm_under_lock.isra.0
                0x10002580      0x100 CMakeFiles/pico_rc_link.dir/C_/Users/aspen/Code/pico-sdk/src/common/pico_time/time.c.obj
 .text.alarm_pool_alarm_callback
                0x10002680      0x1bc CMakeFiles/pico_rc_link.dir/C_/Users/aspen/Code/pico-sdk/src/common/pico_time/time.c.obj
 .text.alarm_pool_init_default
                0x1000283c       0x6c CMakeFiles/pico_rc_link.dir/C_/Users/aspen/Code/pico-sdk/src/common/pico_time/time.c.obj
                0x1000283c                alarm_pool_init_default
 .text.alarm_pool_get_default
                0x100028a8        0x8 CMakeFiles/pico_rc_link.dir/C_/Users/aspen/Code/pico-sdk/src/common/pico_time/time.c.obj
                0x100028a8                alarm_pool_get_default
 .text.alarm_pool_add_alarm_at
                0x100028b0      0x178 CMakeFiles/pico_rc_link.dir/C_/Users/aspen/Code/pico-sdk/src/common/pico_time/time.c.obj
                0x100028b0                alarm_pool_add_alarm_at
 .text.alarm_pool_core_num
                0x10002a28        0x4 CMakeFiles/pico_rc_link.dir/C_/Users/aspen/Code/pico-sdk/src/common/pico_time/time.c.obj
                0x10002a28                alarm_pool_core_num
 .text.sleep_until
                0x10002a2c       0xc4 CMakeFiles/pico_rc_link.dir/C_/Users/aspen/Code/pico-sdk/src/common/pico_time/time.c.obj
                0x10002a2c                sleep_until
 .text.sleep_us
                0x10002af0       0x24 CMakeFiles/pico_rc_link.dir/C_/Users/aspen/Code/pico-sdk/src/common/pico_time/time.c.obj
                0x10002af0                sleep_us
 .text.sleep_ms
                0x10002b14       0x34 CMakeFiles/pico_rc_link.dir/C_/Users/aspen/Code/pico-sdk/src/common/pico_time/time.c.obj
                0x10002b14                sleep_ms
 .text.best_effort_wfe_or_timeout
                0x10002b48       0xd4 CMakeFiles/pico_rc_link.dir/C_/Users/aspen/Code/pico-sdk/src/common/pico_time/time.c.obj
                0x10002b48                best_effort_wfe_or_timeout
 .text.hardware_alarm_irq_handler
                0x10002c1c       0xbc CMakeFiles/pico_rc_link.dir/C_/Users/aspen/Code/pico-sdk/src/rp2_common/hardware_timer/timer.c.obj
 .text.hardware_alarm_claim
                0x10002cd8       0x18 CMakeFiles/pico_rc_link.dir/C_/Users/aspen/Code/pico-sdk/src/rp2_common/hardware_timer/timer.c.obj
                0x10002cd8                hardware_alarm_claim
 .text.time_us_64
                0x10002cf0       0x14 CMakeFiles/pico_rc_link.dir/C_/Users/aspen/Code/pico-sdk/src/rp2_common/hardware_timer/timer.c.obj
                0x10002cf0                time_us_64
 .text.busy_wait_us
                0x10002d04       0x54 CMakeFiles/pico_rc_link.dir/C_/Users/aspen/Code/pico-sdk/src/rp2_common/hardware_timer/timer.c.obj
                0x10002d04                busy_wait_us
 .text.busy_wait_until
                0x10002d58       0x20 CMakeFiles/pico_rc_link.dir/C_/Users/aspen/Code/pico-sdk/src/rp2_common/hardware_timer/timer.c.obj
                0x10002d58                busy_wait_until
 .text.hardware_alarm_set_callback
                0x10002d78       0x8c CMakeFiles/pico_rc_link.dir/C_/Users/aspen/Code/pico-sdk/src/rp2_common/hardware_timer/timer.c.obj
                0x10002d78                hardware_alarm_set_callback
 .text.hardware_alarm_set_target
                0x10002e04       0xd4 CMakeFiles/pico_rc_link.dir/C_/Users/aspen/Code/pico-sdk/src/rp2_common/hardware_timer/timer.c.obj
                0x10002e04                hardware_alarm_set_target
 .text.hardware_alarm_cancel
                0x10002ed8       0x3c CMakeFiles/pico_rc_link.dir/C_/Users/aspen/Code/pico-sdk/src/rp2_common/hardware_timer/timer.c.obj
                0x10002ed8                hardware_alarm_cancel
 .text.ph_merge_nodes
                0x10002f14       0x68 CMakeFiles/pico_rc_link.dir/C_/Users/aspen/Code/pico-sdk/src/common/pico_util/pheap.c.obj
 .text.ph_post_alloc_init
                0x10002f7c       0x3c CMakeFiles/pico_rc_link.dir/C_/Users/aspen/Code/pico-sdk/src/common/pico_util/pheap.c.obj
                0x10002f7c                ph_post_alloc_init
 .text.ph_merge_two_pass
                0x10002fb8       0x90 CMakeFiles/pico_rc_link.dir/C_/Users/aspen/Code/pico-sdk/src/common/pico_util/pheap.c.obj
                0x10002fb8                ph_merge_two_pass
 .text.ph_remove_any_head
                0x10003048      0x100 CMakeFiles/pico_rc_link.dir/C_/Users/aspen/Code/pico-sdk/src/common/pico_util/pheap.c.obj
 .text.ph_remove_head
                0x10003148      0x104 CMakeFiles/pico_rc_link.dir/C_/Users/aspen/Code/pico-sdk/src/common/pico_util/pheap.c.obj
                0x10003148                ph_remove_head
 .text.ph_remove_and_free_node
                0x1000324c       0x7c CMakeFiles/pico_rc_link.dir/C_/Users/aspen/Code/pico-sdk/src/common/pico_util/pheap.c.obj
                0x1000324c                ph_remove_and_free_node
 .text.clocks_init
                0x100032c8      0x2d0 CMakeFiles/pico_rc_link.dir/C_/Users/aspen/Code/pico-sdk/src/rp2_common/hardware_clocks/clocks.c.obj
                0x100032c8                clocks_init
 .text.clock_get_hz
                0x10003598        0xc CMakeFiles/pico_rc_link.dir/C_/Users/aspen/Code/pico-sdk/src/rp2_common/hardware_clocks/clocks.c.obj
                0x10003598                clock_get_hz
 .text.pll_init
                0x100035a4       0xa0 CMakeFiles/pico_rc_link.dir/C_/Users/aspen/Code/pico-sdk/src/rp2_common/hardware_pll/pll.c.obj
                0x100035a4                pll_init
 .text.watchdog_start_tick
                0x10003644       0x10 CMakeFiles/pico_rc_link.dir/C_/Users/aspen/Code/pico-sdk/src/rp2_common/hardware_watchdog/watchdog.c.obj
                0x10003644                watchdog_start_tick
 .text.watchdog_reboot
                0x10003654       0x98 CMakeFiles/pico_rc_link.dir/C_/Users/aspen/Code/pico-sdk/src/rp2_common/hardware_watchdog/watchdog.c.obj
                0x10003654                watchdog_reboot
 .text.xosc_init
                0x100036ec       0x28 CMakeFiles/pico_rc_link.dir/C_/Users/aspen/Code/pico-sdk/src/rp2_common/hardware_xosc/xosc.c.obj
                0x100036ec                xosc_init
 .text.runtime_init
                0x10003714       0xf0 CMakeFiles/pico_rc_link.dir/C_/Users/aspen/Code/pico-sdk/src/rp2_common/pico_runtime/runtime.c.obj
                0x10003714                runtime_init
 .text._exit    0x10003804        0x4 CMakeFiles/pico_rc_link.dir/C_/Users/aspen/Code/pico-sdk/src/rp2_common/pico_runtime/runtime.c.obj
                0x10003804                _exit
 .text._sbrk    0x10003808       0x34 CMakeFiles/pico_rc_link.dir/C_/Users/aspen/Code/pico-sdk/src/rp2_common/pico_runtime/runtime.c.obj
                0x10003808                _sbrk
 .text._getpid  0x1000383c        0x4 CMakeFiles/pico_rc_link.dir/C_/Users/aspen/Code/pico-sdk/src/rp2_common/pico_runtime/runtime.c.obj
                0x1000383c                _getpid
 .text._kill    0x10003840        0x8 CMakeFiles/pico_rc_link.dir/C_/Users/aspen/Code/pico-sdk/src/rp2_common/pico_runtime/runtime.c.obj
                0x10003840                _kill
 .text.exit     0x10003848        0x8 CMakeFiles/pico_rc_link.dir/C_/Users/aspen/Code/pico-sdk/src/rp2_common/pico_runtime/runtime.c.obj
                0x10003848                exit
 .text.panic    0x10003850       0x30 CMakeFiles/pico_rc_link.dir/C_/Users/aspen/Code/pico-sdk/src/rp2_common/pico_runtime/runtime.c.obj
                0x10003850                panic
 .text.hard_assertion_failure
                0x10003880        0xc CMakeFiles/pico_rc_link.dir/C_/Users/aspen/Code/pico-sdk/src/rp2_common/pico_runtime/runtime.c.obj
                0x10003880                hard_assertion_failure
 .text._out_buffer
                0x1000388c        0x8 CMakeFiles/pico_rc_link.dir/C_/Users/aspen/Code/pico-sdk/src/rp2_common/pico_printf/printf.c.obj
 .text._out_null
                0x10003894        0x4 CMakeFiles/pico_rc_link.dir/C_/Users/aspen/Code/pico-sdk/src/rp2_common/pico_printf/printf.c.obj
 .text._out_rev
                0x10003898       0x9c CMakeFiles/pico_rc_link.dir/C_/Users/aspen/Code/pico-sdk/src/rp2_common/pico_printf/printf.c.obj
 .text._ntoa_format
                0x10003934      0x1cc CMakeFiles/pico_rc_link.dir/C_/Users/aspen/Code/pico-sdk/src/rp2_common/pico_printf/printf.c.obj
 .text._out_char
                0x10003b00       0x10 CMakeFiles/pico_rc_link.dir/C_/Users/aspen/Code/pico-sdk/src/rp2_common/pico_printf/printf.c.obj
 .text._etoa    0x10003b10      0x44c CMakeFiles/pico_rc_link.dir/C_/Users/aspen/Code/pico-sdk/src/rp2_common/pico_printf/printf.c.obj
 .text._ftoa    0x10003f5c      0x398 CMakeFiles/pico_rc_link.dir/C_/Users/aspen/Code/pico-sdk/src/rp2_common/pico_printf/printf.c.obj
 .text._vsnprintf
                0x100042f4      0xb04 CMakeFiles/pico_rc_link.dir/C_/Users/aspen/Code/pico-sdk/src/rp2_common/pico_printf/printf.c.obj
 .text.__wrap_sprintf
                0x10004df8       0x28 CMakeFiles/pico_rc_link.dir/C_/Users/aspen/Code/pico-sdk/src/rp2_common/pico_printf/printf.c.obj
                0x10004df8                __wrap_sprintf
 .text.weak_raw_vprintf
                0x10004e20       0x30 CMakeFiles/pico_rc_link.dir/C_/Users/aspen/Code/pico-sdk/src/rp2_common/pico_printf/printf.c.obj
                0x10004e20                weak_raw_vprintf
 .text          0x10004e50       0x10 CMakeFiles/pico_rc_link.dir/C_/Users/aspen/Code/pico-sdk/src/rp2_common/pico_bit_ops/bit_ops_aeabi.S.obj
 .text.rom_func_lookup
                0x10004e60       0x10 CMakeFiles/pico_rc_link.dir/C_/Users/aspen/Code/pico-sdk/src/rp2_common/pico_bootrom/bootrom.c.obj
                0x10004e60                rom_func_lookup
 .text.rom_data_lookup
                0x10004e70       0x10 CMakeFiles/pico_rc_link.dir/C_/Users/aspen/Code/pico-sdk/src/rp2_common/pico_bootrom/bootrom.c.obj
                0x10004e70                rom_data_lookup
 .text.rom_funcs_lookup
                0x10004e80       0x44 CMakeFiles/pico_rc_link.dir/C_/Users/aspen/Code/pico-sdk/src/rp2_common/pico_bootrom/bootrom.c.obj
                0x10004e80                rom_funcs_lookup
 .text.__wrap___aeabi_idiv
                0x10004ec4       0x50 CMakeFiles/pico_rc_link.dir/C_/Users/aspen/Code/pico-sdk/src/rp2_common/pico_divider/divider.S.obj
                0x10004ec4                __wrap___aeabi_idivmod
                0x10004ec4                divmod_s32s32
                0x10004ec4                div_s32s32
                0x10004ec4                __wrap___aeabi_idiv
                0x10004ecc                divmod_s32s32_unsafe
                0x10004ef8                divmod_s32s32_savestate
 .text.__wrap___aeabi_uidiv
                0x10004f14       0x4c CMakeFiles/pico_rc_link.dir/C_/Users/aspen/Code/pico-sdk/src/rp2_common/pico_divider/divider.S.obj
                0x10004f14                __wrap___aeabi_uidiv
                0x10004f14                __wrap___aeabi_uidivmod
                0x10004f14                div_u32u32
                0x10004f14                divmod_u32u32
                0x10004f1c                divmod_u32u32_unsafe
                0x10004f44                divmod_u32u32_savestate
 .text.__wrap___aeabi_ldiv
                0x10004f60      0x424 CMakeFiles/pico_rc_link.dir/C_/Users/aspen/Code/pico-sdk/src/rp2_common/pico_divider/divider.S.obj
                0x10004f60                div_s64s64
                0x10004f60                divmod_s64s64
                0x10004f60                __wrap___aeabi_ldivmod
                0x10004f90                divmod_u64u64
                0x10004f90                div_u64u64
                0x10004f90                __wrap___aeabi_uldivmod
                0x10004fa0                divmod_u64u64_savestate
                0x10004fc0                divmod_s64s64_unsafe
                0x10005048                divmod_u64u64_unsafe
 .text.__wrap___aeabi_darithmetic
                0x10005384       0x80 CMakeFiles/pico_rc_link.dir/C_/Users/aspen/Code/pico-sdk/src/rp2_common/pico_double/double_aeabi.S.obj
                0x10005384                __wrap___aeabi_drsub
                0x1000538a                __wrap___aeabi_dsub
                0x1000539c                __wrap___aeabi_dadd
                0x100053ae                __wrap___aeabi_ddiv
                0x100053ea                __wrap___aeabi_dmul
 .text.__wrap___aeabi_cdcmple
                0x10005404       0x6c CMakeFiles/pico_rc_link.dir/C_/Users/aspen/Code/pico-sdk/src/rp2_common/pico_double/double_aeabi.S.obj
                0x10005404                __wrap___aeabi_cdrcmple
                0x10005414                __wrap___aeabi_cdcmpeq
                0x10005414                __wrap___aeabi_cdcmple
 .text.__wrap___aeabi_dcmplt
                0x10005470        0xc CMakeFiles/pico_rc_link.dir/C_/Users/aspen/Code/pico-sdk/src/rp2_common/pico_double/double_aeabi.S.obj
                0x10005470                __wrap___aeabi_dcmplt
 .text.__wrap___aeabi_dcmple
                0x1000547c       0x10 CMakeFiles/pico_rc_link.dir/C_/Users/aspen/Code/pico-sdk/src/rp2_common/pico_double/double_aeabi.S.obj
                0x1000547c                __wrap___aeabi_dcmple
 .text.__wrap___aeabi_dcmpge
                0x1000548c       0x10 CMakeFiles/pico_rc_link.dir/C_/Users/aspen/Code/pico-sdk/src/rp2_common/pico_double/double_aeabi.S.obj
                0x1000548c                __wrap___aeabi_dcmpge
 .text.__wrap___aeabi_dcmpgt
                0x1000549c        0xa CMakeFiles/pico_rc_link.dir/C_/Users/aspen/Code/pico-sdk/src/rp2_common/pico_double/double_aeabi.S.obj
                0x1000549c                __wrap___aeabi_dcmpgt
 .text.__wrap___aeabi_dcmpun
                0x100054a6       0x1c CMakeFiles/pico_rc_link.dir/C_/Users/aspen/Code/pico-sdk/src/rp2_common/pico_double/double_aeabi.S.obj
                0x100054a6                __wrap___aeabi_dcmpun
 *fill*         0x100054c2        0x2 
 .text.__wrap___aeabi_i2d
                0x100054c4       0x38 CMakeFiles/pico_rc_link.dir/C_/Users/aspen/Code/pico-sdk/src/rp2_common/pico_double/double_aeabi.S.obj
                0x100054c4                __wrap___aeabi_ui2d
                0x100054cc                __wrap___aeabi_i2d
 .text.__wrap___aeabi_d2iz
                0x100054fc       0x48 CMakeFiles/pico_rc_link.dir/C_/Users/aspen/Code/pico-sdk/src/rp2_common/pico_double/double_aeabi.S.obj
                0x100054fc                double2int_z
                0x100054fc                __wrap___aeabi_d2iz
 .text.__wrap___aeabi_d2uiz
                0x10005544       0x18 CMakeFiles/pico_rc_link.dir/C_/Users/aspen/Code/pico-sdk/src/rp2_common/pico_double/double_aeabi.S.obj
                0x10005544                __wrap___aeabi_d2uiz
                0x10005544                double2uint
 .text.__aeabi_double_init
                0x1000555c       0x94 CMakeFiles/pico_rc_link.dir/C_/Users/aspen/Code/pico-sdk/src/rp2_common/pico_double/double_init_rom.c.obj
                0x1000555c                __aeabi_double_init
 .text.double_table_shim_on_use_helper
                0x100055f0       0x2c CMakeFiles/pico_rc_link.dir/C_/Users/aspen/Code/pico-sdk/src/rp2_common/pico_double/double_v1_rom_shim.S.obj
                0x100055f0                double_table_shim_on_use_helper
 .text.__wrap___aeabi_dsub
                0x1000561c       0x10 CMakeFiles/pico_rc_link.dir/C_/Users/aspen/Code/pico-sdk/src/rp2_common/pico_double/double_v1_rom_shim.S.obj
                0x1000561c                drsub_shim
                0x10005622                dsub_shim
 .text.dadd_shim
                0x1000562c      0x15c CMakeFiles/pico_rc_link.dir/C_/Users/aspen/Code/pico-sdk/src/rp2_common/pico_double/double_v1_rom_shim.S.obj
                0x1000562c                dadd_shim
 .text.dmul_shim
                0x10005788      0x15c CMakeFiles/pico_rc_link.dir/C_/Users/aspen/Code/pico-sdk/src/rp2_common/pico_double/double_v1_rom_shim.S.obj
                0x10005788                dmul_shim
 .text.ddiv_shim
                0x100058e4      0x1b0 CMakeFiles/pico_rc_link.dir/C_/Users/aspen/Code/pico-sdk/src/rp2_common/pico_double/double_v1_rom_shim.S.obj
                0x100058e4                ddiv_shim
 .text.double2uint_shim
                0x10005a94        0xe CMakeFiles/pico_rc_link.dir/C_/Users/aspen/Code/pico-sdk/src/rp2_common/pico_double/double_v1_rom_shim.S.obj
                0x10005a94                double2uint_shim
                0x10005a96                double2ufix_shim
 *fill*         0x10005aa2        0x2 
 .text.double2uint64_shim
                0x10005aa4       0x70 CMakeFiles/pico_rc_link.dir/C_/Users/aspen/Code/pico-sdk/src/rp2_common/pico_double/double_v1_rom_shim.S.obj
                0x10005aa4                double2uint64_shim
                0x10005aa6                double2ufix64_shim
                0x10005ac6                d2fix_a
 .text.dunpacks
                0x10005b14       0x3c CMakeFiles/pico_rc_link.dir/C_/Users/aspen/Code/pico-sdk/src/rp2_common/pico_double/double_v1_rom_shim.S.obj
                0x10005b14                dunpacks
 .text.__aeabi_lmul
                0x10005b50       0x32 CMakeFiles/pico_rc_link.dir/C_/Users/aspen/Code/pico-sdk/src/rp2_common/pico_int64_ops/pico_int64_ops_aeabi.S.obj
                0x10005b50                __wrap___aeabi_lmul
 *fill*         0x10005b82        0x2 
 .text.__aeabi_float_init
                0x10005b84       0x64 CMakeFiles/pico_rc_link.dir/C_/Users/aspen/Code/pico-sdk/src/rp2_common/pico_float/float_init_rom.c.obj
                0x10005b84                __aeabi_float_init
 .text.float_table_shim_on_use_helper
                0x10005be8       0x2c CMakeFiles/pico_rc_link.dir/C_/Users/aspen/Code/pico-sdk/src/rp2_common/pico_float/float_v1_rom_shim.S.obj
                0x10005be8                float_table_shim_on_use_helper
 .text.__wrap_malloc
                0x10005c14       0x3c CMakeFiles/pico_rc_link.dir/C_/Users/aspen/Code/pico-sdk/src/rp2_common/pico_malloc/pico_malloc.c.obj
                0x10005c14                __wrap_malloc
 .text.__wrap_realloc
                0x10005c50       0x40 CMakeFiles/pico_rc_link.dir/C_/Users/aspen/Code/pico-sdk/src/rp2_common/pico_malloc/pico_malloc.c.obj
                0x10005c50                __wrap_realloc
 .text.__wrap_free
                0x10005c90       0x20 CMakeFiles/pico_rc_link.dir/C_/Users/aspen/Code/pico-sdk/src/rp2_common/pico_malloc/pico_malloc.c.obj
                0x10005c90                __wrap_free
 .text          0x10005cb0       0x10 CMakeFiles/pico_rc_link.dir/C_/Users/aspen/Code/pico-sdk/src/rp2_common/pico_mem_ops/mem_ops_aeabi.S.obj
                0x10005cb0                __aeabi_mem_init
 .text.memset   0x10005cc0        0xc CMakeFiles/pico_rc_link.dir/C_/Users/aspen/Code/pico-sdk/src/rp2_common/pico_mem_ops/mem_ops_aeabi.S.obj
                0x10005cc0                __wrap_memset
 .text.memcpy   0x10005ccc        0xc CMakeFiles/pico_rc_link.dir/C_/Users/aspen/Code/pico-sdk/src/rp2_common/pico_mem_ops/mem_ops_aeabi.S.obj
                0x10005ccc                __wrap_memcpy
                0x10005ccc                __wrap___aeabi_memcpy
 .text._ZdlPvj  0x10005cd8        0x8 CMakeFiles/pico_rc_link.dir/C_/Users/aspen/Code/pico-sdk/src/rp2_common/pico_standard_link/new_delete.cpp.obj
                0x10005cd8                operator delete(void*, unsigned int)
 .text.stdio_out_chars_no_crlf
                0x10005ce0       0x10 CMakeFiles/pico_rc_link.dir/C_/Users/aspen/Code/pico-sdk/src/rp2_common/pico_stdio/stdio.c.obj
 .text.stdio_out_chars_crlf
                0x10005cf0       0xb4 CMakeFiles/pico_rc_link.dir/C_/Users/aspen/Code/pico-sdk/src/rp2_common/pico_stdio/stdio.c.obj
 .text.stdio_put_string.isra.0
                0x10005da4       0xfc CMakeFiles/pico_rc_link.dir/C_/Users/aspen/Code/pico-sdk/src/rp2_common/pico_stdio/stdio.c.obj
 .text.__wrap_putchar
                0x10005ea0       0x98 CMakeFiles/pico_rc_link.dir/C_/Users/aspen/Code/pico-sdk/src/rp2_common/pico_stdio/stdio.c.obj
                0x10005ea0                __wrap_putchar
 .text.__wrap_puts
                0x10005f38       0x3c CMakeFiles/pico_rc_link.dir/C_/Users/aspen/Code/pico-sdk/src/rp2_common/pico_stdio/stdio.c.obj
                0x10005f38                __wrap_puts
 .text._read    0x10005f74       0x94 CMakeFiles/pico_rc_link.dir/C_/Users/aspen/Code/pico-sdk/src/rp2_common/pico_stdio/stdio.c.obj
                0x10005f74                _read
 .text._write   0x10006008       0xac CMakeFiles/pico_rc_link.dir/C_/Users/aspen/Code/pico-sdk/src/rp2_common/pico_stdio/stdio.c.obj
                0x10006008                _write
 .text._close   0x100060b4        0x8 CMakeFiles/pico_rc_link.dir/C_/Users/aspen/Code/pico-sdk/src/rp2_common/pico_stdio/stdio.c.obj
                0x100060b4                _close
 .text._lseek   0x100060bc        0x8 CMakeFiles/pico_rc_link.dir/C_/Users/aspen/Code/pico-sdk/src/rp2_common/pico_stdio/stdio.c.obj
                0x100060bc                _lseek
 .text._fstat   0x100060c4        0x8 CMakeFiles/pico_rc_link.dir/C_/Users/aspen/Code/pico-sdk/src/rp2_common/pico_stdio/stdio.c.obj
                0x100060c4                _fstat
 .text._isatty  0x100060cc        0xc CMakeFiles/pico_rc_link.dir/C_/Users/aspen/Code/pico-sdk/src/rp2_common/pico_stdio/stdio.c.obj
                0x100060cc                _isatty
 .text.stdio_set_driver_enabled
                0x100060d8       0x30 CMakeFiles/pico_rc_link.dir/C_/Users/aspen/Code/pico-sdk/src/rp2_common/pico_stdio/stdio.c.obj
                0x100060d8                stdio_set_driver_enabled
 .text.stdio_init_all
                0x10006108        0x8 CMakeFiles/pico_rc_link.dir/C_/Users/aspen/Code/pico-sdk/src/rp2_common/pico_stdio/stdio.c.obj
                0x10006108                stdio_init_all
 .text.__wrap_getchar
                0x10006110       0x74 CMakeFiles/pico_rc_link.dir/C_/Users/aspen/Code/pico-sdk/src/rp2_common/pico_stdio/stdio.c.obj
                0x10006110                __wrap_getchar
 .text.resetd_init
                0x10006184        0x4 CMakeFiles/pico_rc_link.dir/C_/Users/aspen/Code/pico-sdk/src/rp2_common/pico_stdio_usb/reset_interface.c.obj
 .text.resetd_reset
                0x10006188        0xc CMakeFiles/pico_rc_link.dir/C_/Users/aspen/Code/pico-sdk/src/rp2_common/pico_stdio_usb/reset_interface.c.obj
 .text.resetd_open
                0x10006194       0x28 CMakeFiles/pico_rc_link.dir/C_/Users/aspen/Code/pico-sdk/src/rp2_common/pico_stdio_usb/reset_interface.c.obj
 .text.resetd_xfer_cb
                0x100061bc        0x4 CMakeFiles/pico_rc_link.dir/C_/Users/aspen/Code/pico-sdk/src/rp2_common/pico_stdio_usb/reset_interface.c.obj
 .text.resetd_control_xfer_cb
                0x100061c0       0x64 CMakeFiles/pico_rc_link.dir/C_/Users/aspen/Code/pico-sdk/src/rp2_common/pico_stdio_usb/reset_interface.c.obj
 .text.usbd_app_driver_get_cb
                0x10006224        0xc CMakeFiles/pico_rc_link.dir/C_/Users/aspen/Code/pico-sdk/src/rp2_common/pico_stdio_usb/reset_interface.c.obj
                0x10006224                usbd_app_driver_get_cb
 .text.tud_cdc_line_coding_cb
                0x10006230       0x34 CMakeFiles/pico_rc_link.dir/C_/Users/aspen/Code/pico-sdk/src/rp2_common/pico_stdio_usb/reset_interface.c.obj
                0x10006230                tud_cdc_line_coding_cb
 .text.stdio_usb_set_chars_available_callback
                0x10006264       0x14 CMakeFiles/pico_rc_link.dir/C_/Users/aspen/Code/pico-sdk/src/rp2_common/pico_stdio_usb/stdio_usb.c.obj
                0x10006264                stdio_usb_set_chars_available_callback
 .text.usb_irq  0x10006278       0x10 CMakeFiles/pico_rc_link.dir/C_/Users/aspen/Code/pico-sdk/src/rp2_common/pico_stdio_usb/stdio_usb.c.obj
 .text.timer_task
                0x10006288       0x54 CMakeFiles/pico_rc_link.dir/C_/Users/aspen/Code/pico-sdk/src/rp2_common/pico_stdio_usb/stdio_usb.c.obj
 .text.stdio_usb_in_chars
                0x100062dc       0x90 CMakeFiles/pico_rc_link.dir/C_/Users/aspen/Code/pico-sdk/src/rp2_common/pico_stdio_usb/stdio_usb.c.obj
                0x100062dc                stdio_usb_in_chars
 .text.stdio_usb_out_chars
                0x1000636c      0x100 CMakeFiles/pico_rc_link.dir/C_/Users/aspen/Code/pico-sdk/src/rp2_common/pico_stdio_usb/stdio_usb.c.obj
 .text.low_priority_worker_irq
                0x1000646c       0xa8 CMakeFiles/pico_rc_link.dir/C_/Users/aspen/Code/pico-sdk/src/rp2_common/pico_stdio_usb/stdio_usb.c.obj
 .text.tud_cdc_rx_cb
                0x10006514       0x20 CMakeFiles/pico_rc_link.dir/C_/Users/aspen/Code/pico-sdk/src/rp2_common/pico_stdio_usb/stdio_usb.c.obj
                0x10006514                tud_cdc_rx_cb
 .text.stdio_usb_init
                0x10006534       0xdc CMakeFiles/pico_rc_link.dir/C_/Users/aspen/Code/pico-sdk/src/rp2_common/pico_stdio_usb/stdio_usb.c.obj
                0x10006534                stdio_usb_init
 .text.tud_descriptor_device_cb
                0x10006610        0x8 CMakeFiles/pico_rc_link.dir/C_/Users/aspen/Code/pico-sdk/src/rp2_common/pico_stdio_usb/stdio_usb_descriptors.c.obj
                0x10006610                tud_descriptor_device_cb
 .text.tud_descriptor_configuration_cb
                0x10006618        0x8 CMakeFiles/pico_rc_link.dir/C_/Users/aspen/Code/pico-sdk/src/rp2_common/pico_stdio_usb/stdio_usb_descriptors.c.obj
                0x10006618                tud_descriptor_configuration_cb
 .text.tud_descriptor_string_cb
                0x10006620       0x74 CMakeFiles/pico_rc_link.dir/C_/Users/aspen/Code/pico-sdk/src/rp2_common/pico_stdio_usb/stdio_usb_descriptors.c.obj
                0x10006620                tud_descriptor_string_cb
 .text.startup._retrieve_unique_id_on_boot
                0x10006694       0x10 CMakeFiles/pico_rc_link.dir/C_/Users/aspen/Code/pico-sdk/src/rp2_common/pico_unique_id/unique_id.c.obj
 .text.pico_get_unique_board_id_string
                0x100066a4      0x1a8 CMakeFiles/pico_rc_link.dir/C_/Users/aspen/Code/pico-sdk/src/rp2_common/pico_unique_id/unique_id.c.obj
                0x100066a4                pico_get_unique_board_id_string
 .text.flash_get_unique_id
                0x1000684c       0x40 CMakeFiles/pico_rc_link.dir/C_/Users/aspen/Code/pico-sdk/src/rp2_common/hardware_flash/flash.c.obj
                0x1000684c                flash_get_unique_id
 .text.dcd_int_enable
                0x1000688c        0xc CMakeFiles/pico_rc_link.dir/C_/Users/aspen/Code/pico-sdk/lib/tinyusb/src/portable/raspberrypi/rp2040/dcd_rp2040.c.obj
                0x1000688c                dcd_int_enable
 .text.dcd_set_address
                0x10006898       0x14 CMakeFiles/pico_rc_link.dir/C_/Users/aspen/Code/pico-sdk/lib/tinyusb/src/portable/raspberrypi/rp2040/dcd_rp2040.c.obj
                0x10006898                dcd_set_address
 .text.dcd_connect
                0x100068ac       0x10 CMakeFiles/pico_rc_link.dir/C_/Users/aspen/Code/pico-sdk/lib/tinyusb/src/portable/raspberrypi/rp2040/dcd_rp2040.c.obj
                0x100068ac                dcd_connect
 .text.dcd_init
                0x100068bc       0x98 CMakeFiles/pico_rc_link.dir/C_/Users/aspen/Code/pico-sdk/lib/tinyusb/src/portable/raspberrypi/rp2040/dcd_rp2040.c.obj
                0x100068bc                dcd_init
 .text.dcd_edpt0_status_complete
                0x10006954       0x1c CMakeFiles/pico_rc_link.dir/C_/Users/aspen/Code/pico-sdk/lib/tinyusb/src/portable/raspberrypi/rp2040/dcd_rp2040.c.obj
                0x10006954                dcd_edpt0_status_complete
 .text.dcd_edpt_open
                0x10006970      0x108 CMakeFiles/pico_rc_link.dir/C_/Users/aspen/Code/pico-sdk/lib/tinyusb/src/portable/raspberrypi/rp2040/dcd_rp2040.c.obj
                0x10006970                dcd_edpt_open
 .text.dcd_edpt_close_all
                0x10006a78        0x8 CMakeFiles/pico_rc_link.dir/C_/Users/aspen/Code/pico-sdk/lib/tinyusb/src/portable/raspberrypi/rp2040/dcd_rp2040.c.obj
                0x10006a78                dcd_edpt_close_all
 .text.dcd_edpt_xfer
                0x10006a80       0x24 CMakeFiles/pico_rc_link.dir/C_/Users/aspen/Code/pico-sdk/lib/tinyusb/src/portable/raspberrypi/rp2040/dcd_rp2040.c.obj
                0x10006a80                dcd_edpt_xfer
 .text.dcd_edpt_stall
                0x10006aa4       0x38 CMakeFiles/pico_rc_link.dir/C_/Users/aspen/Code/pico-sdk/lib/tinyusb/src/portable/raspberrypi/rp2040/dcd_rp2040.c.obj
                0x10006aa4                dcd_edpt_stall
 .text.dcd_edpt_clear_stall
                0x10006adc       0x30 CMakeFiles/pico_rc_link.dir/C_/Users/aspen/Code/pico-sdk/lib/tinyusb/src/portable/raspberrypi/rp2040/dcd_rp2040.c.obj
                0x10006adc                dcd_edpt_clear_stall
 .text.rp2040_usb_init
                0x10006b0c       0x4c CMakeFiles/pico_rc_link.dir/C_/Users/aspen/Code/pico-sdk/lib/tinyusb/src/portable/raspberrypi/rp2040/rp2040_usb.c.obj
                0x10006b0c                rp2040_usb_init
 .text.hw_endpoint_xfer_start
                0x10006b58       0x50 CMakeFiles/pico_rc_link.dir/C_/Users/aspen/Code/pico-sdk/lib/tinyusb/src/portable/raspberrypi/rp2040/rp2040_usb.c.obj
                0x10006b58                hw_endpoint_xfer_start
 .text.tud_mounted
                0x10006ba8       0x10 CMakeFiles/pico_rc_link.dir/C_/Users/aspen/Code/pico-sdk/lib/tinyusb/src/device/usbd.c.obj
                0x10006ba8                tud_mounted
 .text.tud_suspended
                0x10006bb8       0x10 CMakeFiles/pico_rc_link.dir/C_/Users/aspen/Code/pico-sdk/lib/tinyusb/src/device/usbd.c.obj
                0x10006bb8                tud_suspended
 .text.tud_inited
                0x10006bc8       0x14 CMakeFiles/pico_rc_link.dir/C_/Users/aspen/Code/pico-sdk/lib/tinyusb/src/device/usbd.c.obj
                0x10006bc8                tud_inited
 .text.tud_init
                0x10006bdc       0xe4 CMakeFiles/pico_rc_link.dir/C_/Users/aspen/Code/pico-sdk/lib/tinyusb/src/device/usbd.c.obj
                0x10006bdc                tud_init
 .text.tud_task_ext
                0x10006cc0      0x854 CMakeFiles/pico_rc_link.dir/C_/Users/aspen/Code/pico-sdk/lib/tinyusb/src/device/usbd.c.obj
                0x10006cc0                tud_task_ext
 .text.usbd_open_edpt_pair
                0x10007514       0x9c CMakeFiles/pico_rc_link.dir/C_/Users/aspen/Code/pico-sdk/lib/tinyusb/src/device/usbd.c.obj
                0x10007514                usbd_open_edpt_pair
 .text.usbd_defer_func
                0x100075b0       0x48 CMakeFiles/pico_rc_link.dir/C_/Users/aspen/Code/pico-sdk/lib/tinyusb/src/device/usbd.c.obj
                0x100075b0                usbd_defer_func
 .text.usbd_edpt_open
                0x100075f8       0x34 CMakeFiles/pico_rc_link.dir/C_/Users/aspen/Code/pico-sdk/lib/tinyusb/src/device/usbd.c.obj
                0x100075f8                usbd_edpt_open
 .text.usbd_edpt_claim
                0x1000762c       0x28 CMakeFiles/pico_rc_link.dir/C_/Users/aspen/Code/pico-sdk/lib/tinyusb/src/device/usbd.c.obj
                0x1000762c                usbd_edpt_claim
 .text.usbd_edpt_release
                0x10007654       0x28 CMakeFiles/pico_rc_link.dir/C_/Users/aspen/Code/pico-sdk/lib/tinyusb/src/device/usbd.c.obj
                0x10007654                usbd_edpt_release
 .text.usbd_edpt_xfer
                0x1000767c       0x4c CMakeFiles/pico_rc_link.dir/C_/Users/aspen/Code/pico-sdk/lib/tinyusb/src/device/usbd.c.obj
                0x1000767c                usbd_edpt_xfer
 .text.tud_control_status
                0x100076c8       0x30 CMakeFiles/pico_rc_link.dir/C_/Users/aspen/Code/pico-sdk/lib/tinyusb/src/device/usbd_control.c.obj
                0x100076c8                tud_control_status
 .text.tud_control_xfer
                0x100076f8       0xbc CMakeFiles/pico_rc_link.dir/C_/Users/aspen/Code/pico-sdk/lib/tinyusb/src/device/usbd_control.c.obj
                0x100076f8                tud_control_xfer
 .text.usbd_control_reset
                0x100077b4       0x14 CMakeFiles/pico_rc_link.dir/C_/Users/aspen/Code/pico-sdk/lib/tinyusb/src/device/usbd_control.c.obj
                0x100077b4                usbd_control_reset
 .text.usbd_control_set_complete_callback
                0x100077c8        0xc CMakeFiles/pico_rc_link.dir/C_/Users/aspen/Code/pico-sdk/lib/tinyusb/src/device/usbd_control.c.obj
                0x100077c8                usbd_control_set_complete_callback
 .text.usbd_control_set_request
                0x100077d4       0x1c CMakeFiles/pico_rc_link.dir/C_/Users/aspen/Code/pico-sdk/lib/tinyusb/src/device/usbd_control.c.obj
                0x100077d4                usbd_control_set_request
 .text.usbd_control_xfer_cb
                0x100077f0       0xfc CMakeFiles/pico_rc_link.dir/C_/Users/aspen/Code/pico-sdk/lib/tinyusb/src/device/usbd_control.c.obj
                0x100077f0                usbd_control_xfer_cb
 .text.tud_cdc_n_connected
                0x100078ec       0x30 CMakeFiles/pico_rc_link.dir/C_/Users/aspen/Code/pico-sdk/lib/tinyusb/src/class/cdc/cdc_device.c.obj
                0x100078ec                tud_cdc_n_connected
 .text.tud_cdc_n_available
                0x1000791c       0x18 CMakeFiles/pico_rc_link.dir/C_/Users/aspen/Code/pico-sdk/lib/tinyusb/src/class/cdc/cdc_device.c.obj
                0x1000791c                tud_cdc_n_available
 .text.tud_cdc_n_read
                0x10007934       0x70 CMakeFiles/pico_rc_link.dir/C_/Users/aspen/Code/pico-sdk/lib/tinyusb/src/class/cdc/cdc_device.c.obj
                0x10007934                tud_cdc_n_read
 .text.tud_cdc_n_write_flush
                0x100079a4       0x78 CMakeFiles/pico_rc_link.dir/C_/Users/aspen/Code/pico-sdk/lib/tinyusb/src/class/cdc/cdc_device.c.obj
                0x100079a4                tud_cdc_n_write_flush
 .text.tud_cdc_n_write
                0x10007a1c       0x34 CMakeFiles/pico_rc_link.dir/C_/Users/aspen/Code/pico-sdk/lib/tinyusb/src/class/cdc/cdc_device.c.obj
                0x10007a1c                tud_cdc_n_write
 .text.tud_cdc_n_write_available
                0x10007a50       0x18 CMakeFiles/pico_rc_link.dir/C_/Users/aspen/Code/pico-sdk/lib/tinyusb/src/class/cdc/cdc_device.c.obj
                0x10007a50                tud_cdc_n_write_available
 .text.cdcd_init
                0x10007a68       0x7c CMakeFiles/pico_rc_link.dir/C_/Users/aspen/Code/pico-sdk/lib/tinyusb/src/class/cdc/cdc_device.c.obj
                0x10007a68                cdcd_init
 .text.cdcd_reset
                0x10007ae4       0x2c CMakeFiles/pico_rc_link.dir/C_/Users/aspen/Code/pico-sdk/lib/tinyusb/src/class/cdc/cdc_device.c.obj
                0x10007ae4                cdcd_reset
 .text.cdcd_open
                0x10007b10       0xe8 CMakeFiles/pico_rc_link.dir/C_/Users/aspen/Code/pico-sdk/lib/tinyusb/src/class/cdc/cdc_device.c.obj
                0x10007b10                cdcd_open
 .text.cdcd_control_xfer_cb
                0x10007bf8       0xe4 CMakeFiles/pico_rc_link.dir/C_/Users/aspen/Code/pico-sdk/lib/tinyusb/src/class/cdc/cdc_device.c.obj
                0x10007bf8                cdcd_control_xfer_cb
 .text.cdcd_xfer_cb
                0x10007cdc      0x148 CMakeFiles/pico_rc_link.dir/C_/Users/aspen/Code/pico-sdk/lib/tinyusb/src/class/cdc/cdc_device.c.obj
                0x10007cdc                cdcd_xfer_cb
 .text.tusb_init
                0x10007e24        0xc CMakeFiles/pico_rc_link.dir/C_/Users/aspen/Code/pico-sdk/lib/tinyusb/src/tusb.c.obj
                0x10007e24                tusb_init
 .text.tusb_inited
                0x10007e30        0x8 CMakeFiles/pico_rc_link.dir/C_/Users/aspen/Code/pico-sdk/lib/tinyusb/src/tusb.c.obj
                0x10007e30                tusb_inited
 .text.tu_edpt_claim
                0x10007e38       0x50 CMakeFiles/pico_rc_link.dir/C_/Users/aspen/Code/pico-sdk/lib/tinyusb/src/tusb.c.obj
                0x10007e38                tu_edpt_claim
 .text.tu_edpt_release
                0x10007e88       0x38 CMakeFiles/pico_rc_link.dir/C_/Users/aspen/Code/pico-sdk/lib/tinyusb/src/tusb.c.obj
                0x10007e88                tu_edpt_release
 .text.tu_edpt_validate
                0x10007ec0       0x78 CMakeFiles/pico_rc_link.dir/C_/Users/aspen/Code/pico-sdk/lib/tinyusb/src/tusb.c.obj
                0x10007ec0                tu_edpt_validate
 .text.tu_edpt_bind_driver
                0x10007f38       0x34 CMakeFiles/pico_rc_link.dir/C_/Users/aspen/Code/pico-sdk/lib/tinyusb/src/tusb.c.obj
                0x10007f38                tu_edpt_bind_driver
 .text.tu_fifo_config
                0x10007f6c       0x70 CMakeFiles/pico_rc_link.dir/C_/Users/aspen/Code/pico-sdk/lib/tinyusb/src/common/tusb_fifo.c.obj
                0x10007f6c                tu_fifo_config
 .text.tu_fifo_count
                0x10007fdc       0x2c CMakeFiles/pico_rc_link.dir/C_/Users/aspen/Code/pico-sdk/lib/tinyusb/src/common/tusb_fifo.c.obj
                0x10007fdc                tu_fifo_count
 .text.tu_fifo_empty
                0x10008008       0x10 CMakeFiles/pico_rc_link.dir/C_/Users/aspen/Code/pico-sdk/lib/tinyusb/src/common/tusb_fifo.c.obj
                0x10008008                tu_fifo_empty
 .text.tu_fifo_remaining
                0x10008018       0x2c CMakeFiles/pico_rc_link.dir/C_/Users/aspen/Code/pico-sdk/lib/tinyusb/src/common/tusb_fifo.c.obj
                0x10008018                tu_fifo_remaining
 .text.tu_fifo_read
                0x10008044       0xa0 CMakeFiles/pico_rc_link.dir/C_/Users/aspen/Code/pico-sdk/lib/tinyusb/src/common/tusb_fifo.c.obj
                0x10008044                tu_fifo_read
 .text.tu_fifo_read_n
                0x100080e4       0xec CMakeFiles/pico_rc_link.dir/C_/Users/aspen/Code/pico-sdk/lib/tinyusb/src/common/tusb_fifo.c.obj
                0x100080e4                tu_fifo_read_n
 .text.tu_fifo_write
                0x100081d0       0x88 CMakeFiles/pico_rc_link.dir/C_/Users/aspen/Code/pico-sdk/lib/tinyusb/src/common/tusb_fifo.c.obj
                0x100081d0                tu_fifo_write
 .text.tu_fifo_write_n
                0x10008258      0x168 CMakeFiles/pico_rc_link.dir/C_/Users/aspen/Code/pico-sdk/lib/tinyusb/src/common/tusb_fifo.c.obj
                0x10008258                tu_fifo_write_n
 .text.tu_fifo_clear
                0x100083c0       0x40 CMakeFiles/pico_rc_link.dir/C_/Users/aspen/Code/pico-sdk/lib/tinyusb/src/common/tusb_fifo.c.obj
                0x100083c0                tu_fifo_clear
 .text.tu_fifo_set_overwritable
                0x10008400       0x48 CMakeFiles/pico_rc_link.dir/C_/Users/aspen/Code/pico-sdk/lib/tinyusb/src/common/tusb_fifo.c.obj
                0x10008400                tu_fifo_set_overwritable
 .text.spi_init
                0x10008448      0x138 CMakeFiles/pico_rc_link.dir/C_/Users/aspen/Code/pico-sdk/src/rp2_common/hardware_spi/spi.c.obj
                0x10008448                spi_init
 .text.core1_trampoline
                0x10008580        0x4 CMakeFiles/pico_rc_link.dir/C_/Users/aspen/Code/pico-sdk/src/rp2_common/pico_multicore/multicore.c.obj
 .text.core1_wrapper
                0x10008584        0xc CMakeFiles/pico_rc_link.dir/C_/Users/aspen/Code/pico-sdk/src/rp2_common/pico_multicore/multicore.c.obj
                0x10008584                core1_wrapper
 .text.multicore_launch_core1_raw
                0x10008590       0x84 CMakeFiles/pico_rc_link.dir/C_/Users/aspen/Code/pico-sdk/src/rp2_common/pico_multicore/multicore.c.obj
                0x10008590                multicore_launch_core1_raw
 .text.multicore_launch_core1
                0x10008614       0x4c CMakeFiles/pico_rc_link.dir/C_/Users/aspen/Code/pico-sdk/src/rp2_common/pico_multicore/multicore.c.obj
                0x10008614                multicore_launch_core1
 .text.__cxa_guard_acquire
                0x10008660       0x38 c:/progra~2/gnuarm~1/102021~1.10/bin/../lib/gcc/arm-none-eabi/10.3.1/../../../../arm-none-eabi/lib/thumb/v6-m/nofp\libstdc++.a(guard.o)
                0x10008660                __cxa_guard_acquire
 .text.__cxa_guard_release
                0x10008698        0x8 c:/progra~2/gnuarm~1/102021~1.10/bin/../lib/gcc/arm-none-eabi/10.3.1/../../../../arm-none-eabi/lib/thumb/v6-m/nofp\libstdc++.a(guard.o)
                0x10008698                __cxa_guard_release
 .text._ZN9__gnu_cxx20recursive_init_errorD2Ev
                0x100086a0       0x18 c:/progra~2/gnuarm~1/102021~1.10/bin/../lib/gcc/arm-none-eabi/10.3.1/../../../../arm-none-eabi/lib/thumb/v6-m/nofp\libstdc++.a(guard_error.o)
                0x100086a0                __gnu_cxx::recursive_init_error::~recursive_init_error()
                0x100086a0                __gnu_cxx::recursive_init_error::~recursive_init_error()
 .text._ZN9__gnu_cxx20recursive_init_errorD0Ev
                0x100086b8       0x20 c:/progra~2/gnuarm~1/102021~1.10/bin/../lib/gcc/arm-none-eabi/10.3.1/../../../../arm-none-eabi/lib/thumb/v6-m/nofp\libstdc++.a(guard_error.o)
                0x100086b8                __gnu_cxx::recursive_init_error::~recursive_init_error()
 .text._ZN9__gnu_cxx20recursive_init_errorC2Ev
                0x100086d8        0xc c:/progra~2/gnuarm~1/102021~1.10/bin/../lib/gcc/arm-none-eabi/10.3.1/../../../../arm-none-eabi/lib/thumb/v6-m/nofp\libstdc++.a(guard_error.o)
                0x100086d8                __gnu_cxx::recursive_init_error::recursive_init_error()
                0x100086d8                __gnu_cxx::recursive_init_error::recursive_init_error()
 .text._ZN10__cxxabiv120__si_class_type_infoD2Ev
                0x100086e4       0x18 c:/progra~2/gnuarm~1/102021~1.10/bin/../lib/gcc/arm-none-eabi/10.3.1/../../../../arm-none-eabi/lib/thumb/v6-m/nofp\libstdc++.a(si_class_type_info.o)
                0x100086e4                __cxxabiv1::__si_class_type_info::~__si_class_type_info()
                0x100086e4                __cxxabiv1::__si_class_type_info::~__si_class_type_info()
 .text._ZN10__cxxabiv120__si_class_type_infoD0Ev
                0x100086fc       0x20 c:/progra~2/gnuarm~1/102021~1.10/bin/../lib/gcc/arm-none-eabi/10.3.1/../../../../arm-none-eabi/lib/thumb/v6-m/nofp\libstdc++.a(si_class_type_info.o)
                0x100086fc                __cxxabiv1::__si_class_type_info::~__si_class_type_info()
 .text._ZNK10__cxxabiv120__si_class_type_info20__do_find_public_srcEiPKvPKNS_17__class_type_infoES2_
                0x1000871c       0x38 c:/progra~2/gnuarm~1/102021~1.10/bin/../lib/gcc/arm-none-eabi/10.3.1/../../../../arm-none-eabi/lib/thumb/v6-m/nofp\libstdc++.a(si_class_type_info.o)
                0x1000871c                __cxxabiv1::__si_class_type_info::__do_find_public_src(int, void const*, __cxxabiv1::__class_type_info const*, void const*) const
 .text._ZNK10__cxxabiv120__si_class_type_info12__do_dyncastEiNS_17__class_type_info10__sub_kindEPKS1_PKvS4_S6_RNS1_16__dyncast_resultE
                0x10008754       0x9c c:/progra~2/gnuarm~1/102021~1.10/bin/../lib/gcc/arm-none-eabi/10.3.1/../../../../arm-none-eabi/lib/thumb/v6-m/nofp\libstdc++.a(si_class_type_info.o)
                0x10008754                __cxxabiv1::__si_class_type_info::__do_dyncast(int, __cxxabiv1::__class_type_info::__sub_kind, __cxxabiv1::__class_type_info const*, void const*, __cxxabiv1::__class_type_info const*, void const*, __cxxabiv1::__class_type_info::__dyncast_result&) const
 .text._ZNK10__cxxabiv120__si_class_type_info11__do_upcastEPKNS_17__class_type_infoEPKvRNS1_15__upcast_resultE
                0x100087f0       0x24 c:/progra~2/gnuarm~1/102021~1.10/bin/../lib/gcc/arm-none-eabi/10.3.1/../../../../arm-none-eabi/lib/thumb/v6-m/nofp\libstdc++.a(si_class_type_info.o)
                0x100087f0                __cxxabiv1::__si_class_type_info::__do_upcast(__cxxabiv1::__class_type_info const*, void const*, __cxxabiv1::__class_type_info::__upcast_result&) const
 .text._ZNSt9type_infoD2Ev
                0x10008814        0x4 c:/progra~2/gnuarm~1/102021~1.10/bin/../lib/gcc/arm-none-eabi/10.3.1/../../../../arm-none-eabi/lib/thumb/v6-m/nofp\libstdc++.a(tinfo.o)
                0x10008814                std::type_info::~type_info()
                0x10008814                std::type_info::~type_info()
 .text._ZNKSt9type_info14__is_pointer_pEv
                0x10008818        0x4 c:/progra~2/gnuarm~1/102021~1.10/bin/../lib/gcc/arm-none-eabi/10.3.1/../../../../arm-none-eabi/lib/thumb/v6-m/nofp\libstdc++.a(tinfo.o)
                0x10008818                std::type_info::__is_pointer_p() const
                0x10008818                std::type_info::__is_function_p() const
 .text._ZNKSt9type_infoeqERKS_
                0x1000881c       0x30 c:/progra~2/gnuarm~1/102021~1.10/bin/../lib/gcc/arm-none-eabi/10.3.1/../../../../arm-none-eabi/lib/thumb/v6-m/nofp\libstdc++.a(tinfo.o)
                0x1000881c                std::type_info::operator==(std::type_info const&) const
 .text._ZNK10__cxxabiv117__class_type_info11__do_upcastEPKS0_PPv
                0x1000884c       0x34 c:/progra~2/gnuarm~1/102021~1.10/bin/../lib/gcc/arm-none-eabi/10.3.1/../../../../arm-none-eabi/lib/thumb/v6-m/nofp\libstdc++.a(class_type_info.o)
                0x1000884c                __cxxabiv1::__class_type_info::__do_upcast(__cxxabiv1::__class_type_info const*, void**) const
 .text._ZNK10__cxxabiv117__class_type_info20__do_find_public_srcEiPKvPKS0_S2_
                0x10008880       0x14 c:/progra~2/gnuarm~1/102021~1.10/bin/../lib/gcc/arm-none-eabi/10.3.1/../../../../arm-none-eabi/lib/thumb/v6-m/nofp\libstdc++.a(class_type_info.o)
                0x10008880                __cxxabiv1::__class_type_info::__do_find_public_src(int, void const*, __cxxabiv1::__class_type_info const*, void const*) const
 .text._ZN10__cxxabiv117__class_type_infoD2Ev
                0x10008894       0x18 c:/progra~2/gnuarm~1/102021~1.10/bin/../lib/gcc/arm-none-eabi/10.3.1/../../../../arm-none-eabi/lib/thumb/v6-m/nofp\libstdc++.a(class_type_info.o)
                0x10008894                __cxxabiv1::__class_type_info::~__class_type_info()
                0x10008894                __cxxabiv1::__class_type_info::~__class_type_info()
 .text._ZN10__cxxabiv117__class_type_infoD0Ev
                0x100088ac       0x20 c:/progra~2/gnuarm~1/102021~1.10/bin/../lib/gcc/arm-none-eabi/10.3.1/../../../../arm-none-eabi/lib/thumb/v6-m/nofp\libstdc++.a(class_type_info.o)
                0x100088ac                __cxxabiv1::__class_type_info::~__class_type_info()
 .text._ZNK10__cxxabiv117__class_type_info12__do_dyncastEiNS0_10__sub_kindEPKS0_PKvS3_S5_RNS0_16__dyncast_resultE
                0x100088cc       0x40 c:/progra~2/gnuarm~1/102021~1.10/bin/../lib/gcc/arm-none-eabi/10.3.1/../../../../arm-none-eabi/lib/thumb/v6-m/nofp\libstdc++.a(class_type_info.o)
                0x100088cc                __cxxabiv1::__class_type_info::__do_dyncast(int, __cxxabiv1::__class_type_info::__sub_kind, __cxxabiv1::__class_type_info const*, void const*, __cxxabiv1::__class_type_info const*, void const*, __cxxabiv1::__class_type_info::__dyncast_result&) const
 .text._ZNK10__cxxabiv117__class_type_info11__do_upcastEPKS0_PKvRNS0_15__upcast_resultE
                0x1000890c       0x1c c:/progra~2/gnuarm~1/102021~1.10/bin/../lib/gcc/arm-none-eabi/10.3.1/../../../../arm-none-eabi/lib/thumb/v6-m/nofp\libstdc++.a(class_type_info.o)
                0x1000890c                __cxxabiv1::__class_type_info::__do_upcast(__cxxabiv1::__class_type_info const*, void const*, __cxxabiv1::__class_type_info::__upcast_result&) const
 .text._ZNK10__cxxabiv117__class_type_info10__do_catchEPKSt9type_infoPPvj
                0x10008928       0x24 c:/progra~2/gnuarm~1/102021~1.10/bin/../lib/gcc/arm-none-eabi/10.3.1/../../../../arm-none-eabi/lib/thumb/v6-m/nofp\libstdc++.a(class_type_info.o)
                0x10008928                __cxxabiv1::__class_type_info::__do_catch(std::type_info const*, void**, unsigned int) const
 .text._ZN12_GLOBAL__N_14pool4freeEPv.constprop.0
                0x1000894c       0x78 c:/progra~2/gnuarm~1/102021~1.10/bin/../lib/gcc/arm-none-eabi/10.3.1/../../../../arm-none-eabi/lib/thumb/v6-m/nofp\libstdc++.a(eh_alloc.o)
 .text._ZN12_GLOBAL__N_14pool8allocateEj.constprop.0
                0x100089c4       0x54 c:/progra~2/gnuarm~1/102021~1.10/bin/../lib/gcc/arm-none-eabi/10.3.1/../../../../arm-none-eabi/lib/thumb/v6-m/nofp\libstdc++.a(eh_alloc.o)
 .text.__cxa_allocate_exception
                0x10008a18       0x2c c:/progra~2/gnuarm~1/102021~1.10/bin/../lib/gcc/arm-none-eabi/10.3.1/../../../../arm-none-eabi/lib/thumb/v6-m/nofp\libstdc++.a(eh_alloc.o)
                0x10008a18                __cxa_allocate_exception
 .text.__cxa_free_exception
                0x10008a44       0x24 c:/progra~2/gnuarm~1/102021~1.10/bin/../lib/gcc/arm-none-eabi/10.3.1/../../../../arm-none-eabi/lib/thumb/v6-m/nofp\libstdc++.a(eh_alloc.o)
                0x10008a44                __cxa_free_exception
 .text.startup._GLOBAL__sub_I__ZN9__gnu_cxx9__freeresEv
                0x10008a68       0x2c c:/progra~2/gnuarm~1/102021~1.10/bin/../lib/gcc/arm-none-eabi/10.3.1/../../../../arm-none-eabi/lib/thumb/v6-m/nofp\libstdc++.a(eh_alloc.o)
 .text._ZNSt9exceptionD2Ev
                0x10008a94        0x4 c:/progra~2/gnuarm~1/102021~1.10/bin/../lib/gcc/arm-none-eabi/10.3.1/../../../../arm-none-eabi/lib/thumb/v6-m/nofp\libstdc++.a(eh_exception.o)
                0x10008a94                std::exception::~exception()
                0x10008a94                std::exception::~exception()
 .text._ZNSt13bad_exceptionD2Ev
                0x10008a98        0x4 c:/progra~2/gnuarm~1/102021~1.10/bin/../lib/gcc/arm-none-eabi/10.3.1/../../../../arm-none-eabi/lib/thumb/v6-m/nofp\libstdc++.a(eh_exception.o)
                0x10008a98                std::bad_exception::~bad_exception()
                0x10008a98                std::bad_exception::~bad_exception()
 .text._ZNKSt9exception4whatEv
                0x10008a9c        0x8 c:/progra~2/gnuarm~1/102021~1.10/bin/../lib/gcc/arm-none-eabi/10.3.1/../../../../arm-none-eabi/lib/thumb/v6-m/nofp\libstdc++.a(eh_exception.o)
                0x10008a9c                std::exception::what() const
                0x10008a9c                transaction clone for std::exception::what() const
 .text._ZNKSt13bad_exception4whatEv
                0x10008aa4        0x8 c:/progra~2/gnuarm~1/102021~1.10/bin/../lib/gcc/arm-none-eabi/10.3.1/../../../../arm-none-eabi/lib/thumb/v6-m/nofp\libstdc++.a(eh_exception.o)
                0x10008aa4                std::bad_exception::what() const
                0x10008aa4                transaction clone for std::bad_exception::what() const
 .text._ZNSt13bad_exceptionD0Ev
                0x10008aac       0x10 c:/progra~2/gnuarm~1/102021~1.10/bin/../lib/gcc/arm-none-eabi/10.3.1/../../../../arm-none-eabi/lib/thumb/v6-m/nofp\libstdc++.a(eh_exception.o)
                0x10008aac                std::bad_exception::~bad_exception()
 .text._ZN10__cxxabiv111__terminateEPFvvE
                0x10008abc       0x28 c:/progra~2/gnuarm~1/102021~1.10/bin/../lib/gcc/arm-none-eabi/10.3.1/../../../../arm-none-eabi/lib/thumb/v6-m/nofp\libstdc++.a(eh_terminate.o)
                0x10008abc                __cxxabiv1::__terminate(void (*)())
 .text._ZSt9terminatev
                0x10008ae4       0x10 c:/progra~2/gnuarm~1/102021~1.10/bin/../lib/gcc/arm-none-eabi/10.3.1/../../../../arm-none-eabi/lib/thumb/v6-m/nofp\libstdc++.a(eh_terminate.o)
                0x10008ae4                std::terminate()
 .text._ZN10__cxxabiv112__unexpectedEPFvvE
                0x10008af4        0x8 c:/progra~2/gnuarm~1/102021~1.10/bin/../lib/gcc/arm-none-eabi/10.3.1/../../../../arm-none-eabi/lib/thumb/v6-m/nofp\libstdc++.a(eh_terminate.o)
                0x10008af4                __cxxabiv1::__unexpected(void (*)())
 .text._ZSt10unexpectedv
                0x10008afc       0x10 c:/progra~2/gnuarm~1/102021~1.10/bin/../lib/gcc/arm-none-eabi/10.3.1/../../../../arm-none-eabi/lib/thumb/v6-m/nofp\libstdc++.a(eh_terminate.o)
                0x10008afc                std::unexpected()
 .text._ZSt13get_terminatev
                0x10008b0c        0xc c:/progra~2/gnuarm~1/102021~1.10/bin/../lib/gcc/arm-none-eabi/10.3.1/../../../../arm-none-eabi/lib/thumb/v6-m/nofp\libstdc++.a(eh_terminate.o)
                0x10008b0c                std::get_terminate()
 .text._ZSt14get_unexpectedv
                0x10008b18        0xc c:/progra~2/gnuarm~1/102021~1.10/bin/../lib/gcc/arm-none-eabi/10.3.1/../../../../arm-none-eabi/lib/thumb/v6-m/nofp\libstdc++.a(eh_terminate.o)
                0x10008b18                std::get_unexpected()
 .text._ZL23__gxx_exception_cleanup19_Unwind_Reason_CodeP21_Unwind_Control_Block
                0x10008b24       0x34 c:/progra~2/gnuarm~1/102021~1.10/bin/../lib/gcc/arm-none-eabi/10.3.1/../../../../arm-none-eabi/lib/thumb/v6-m/nofp\libstdc++.a(eh_throw.o)
 .text.__cxa_init_primary_exception
                0x10008b58       0x4c c:/progra~2/gnuarm~1/102021~1.10/bin/../lib/gcc/arm-none-eabi/10.3.1/../../../../arm-none-eabi/lib/thumb/v6-m/nofp\libstdc++.a(eh_throw.o)
                0x10008b58                __cxa_init_primary_exception
 .text.__cxa_throw
                0x10008ba4       0x34 c:/progra~2/gnuarm~1/102021~1.10/bin/../lib/gcc/arm-none-eabi/10.3.1/../../../../arm-none-eabi/lib/thumb/v6-m/nofp\libstdc++.a(eh_throw.o)
                0x10008ba4                __cxa_throw
 .text.__cxa_rethrow
                0x10008bd8       0x70 c:/progra~2/gnuarm~1/102021~1.10/bin/../lib/gcc/arm-none-eabi/10.3.1/../../../../arm-none-eabi/lib/thumb/v6-m/nofp\libstdc++.a(eh_throw.o)
                0x10008bd8                __cxa_rethrow
 .text._ZN9__gnu_cxx27__verbose_terminate_handlerEv
                0x10008c48      0x114 c:/progra~2/gnuarm~1/102021~1.10/bin/../lib/gcc/arm-none-eabi/10.3.1/../../../../arm-none-eabi/lib/thumb/v6-m/nofp\libstdc++.a(vterminate.o)
                0x10008c48                __gnu_cxx::__verbose_terminate_handler()
 .text          0x10008d5c     0x67e4 c:/progra~2/gnuarm~1/102021~1.10/bin/../lib/gcc/arm-none-eabi/10.3.1/../../../../arm-none-eabi/lib/thumb/v6-m/nofp\libstdc++.a(cp-demangle.o)
                0x1000f44c                __cxa_demangle
                0x1000f520                __gcclibcxx_demangle_callback
 .text.__cxa_end_cleanup
                0x1000f540        0xc c:/progra~2/gnuarm~1/102021~1.10/bin/../lib/gcc/arm-none-eabi/10.3.1/../../../../arm-none-eabi/lib/thumb/v6-m/nofp\libstdc++.a(eh_arm.o)
                0x1000f540                __cxa_end_cleanup
 .text.__cxa_type_match
                0x1000f54c       0xc0 c:/progra~2/gnuarm~1/102021~1.10/bin/../lib/gcc/arm-none-eabi/10.3.1/../../../../arm-none-eabi/lib/thumb/v6-m/nofp\libstdc++.a(eh_arm.o)
                0x1000f54c                __cxa_type_match
 .text.__cxa_begin_cleanup
                0x1000f60c       0x60 c:/progra~2/gnuarm~1/102021~1.10/bin/../lib/gcc/arm-none-eabi/10.3.1/../../../../arm-none-eabi/lib/thumb/v6-m/nofp\libstdc++.a(eh_arm.o)
                0x1000f60c                __cxa_begin_cleanup
 .text.__gnu_end_cleanup
                0x1000f66c       0x70 c:/progra~2/gnuarm~1/102021~1.10/bin/../lib/gcc/arm-none-eabi/10.3.1/../../../../arm-none-eabi/lib/thumb/v6-m/nofp\libstdc++.a(eh_arm.o)
                0x1000f66c                __gnu_end_cleanup
 .text._ZN10__cxxabiv1L24__is_gxx_exception_classEPc
                0x1000f6dc       0x3c c:/progra~2/gnuarm~1/102021~1.10/bin/../lib/gcc/arm-none-eabi/10.3.1/../../../../arm-none-eabi/lib/thumb/v6-m/nofp\libstdc++.a(eh_call.o)
 .text.__cxa_call_terminate
                0x1000f718       0x20 c:/progra~2/gnuarm~1/102021~1.10/bin/../lib/gcc/arm-none-eabi/10.3.1/../../../../arm-none-eabi/lib/thumb/v6-m/nofp\libstdc++.a(eh_call.o)
                0x1000f718                __cxa_call_terminate
 .text.unlikely.__cxa_call_unexpected
                0x1000f738      0x100 c:/progra~2/gnuarm~1/102021~1.10/bin/../lib/gcc/arm-none-eabi/10.3.1/../../../../arm-none-eabi/lib/thumb/v6-m/nofp\libstdc++.a(eh_call.o)
                0x1000f738                __cxa_call_unexpected
 .text.__cxa_begin_catch
                0x1000f838       0x74 c:/progra~2/gnuarm~1/102021~1.10/bin/../lib/gcc/arm-none-eabi/10.3.1/../../../../arm-none-eabi/lib/thumb/v6-m/nofp\libstdc++.a(eh_catch.o)
                0x1000f838                __cxa_begin_catch
 .text.__cxa_end_catch
                0x1000f8ac       0x90 c:/progra~2/gnuarm~1/102021~1.10/bin/../lib/gcc/arm-none-eabi/10.3.1/../../../../arm-none-eabi/lib/thumb/v6-m/nofp\libstdc++.a(eh_catch.o)
                0x1000f8ac                __cxa_end_catch
 .text.__cxa_get_globals_fast
                0x1000f93c        0x8 c:/progra~2/gnuarm~1/102021~1.10/bin/../lib/gcc/arm-none-eabi/10.3.1/../../../../arm-none-eabi/lib/thumb/v6-m/nofp\libstdc++.a(eh_globals.o)
                0x1000f93c                __cxa_get_globals_fast
 .text.__cxa_get_globals
                0x1000f944        0x8 c:/progra~2/gnuarm~1/102021~1.10/bin/../lib/gcc/arm-none-eabi/10.3.1/../../../../arm-none-eabi/lib/thumb/v6-m/nofp\libstdc++.a(eh_globals.o)
                0x1000f944                __cxa_get_globals
 .text._ZL28read_encoded_value_with_basehjPKhPj
                0x1000f94c      0x114 c:/progra~2/gnuarm~1/102021~1.10/bin/../lib/gcc/arm-none-eabi/10.3.1/../../../../arm-none-eabi/lib/thumb/v6-m/nofp\libstdc++.a(eh_personality.o)
 .text._ZL21base_of_encoded_valuehP15_Unwind_Context
                0x1000fa60       0x48 c:/progra~2/gnuarm~1/102021~1.10/bin/../lib/gcc/arm-none-eabi/10.3.1/../../../../arm-none-eabi/lib/thumb/v6-m/nofp\libstdc++.a(eh_personality.o)
 .text._ZL17parse_lsda_headerP15_Unwind_ContextPKhP16lsda_header_info
                0x1000faa8       0x98 c:/progra~2/gnuarm~1/102021~1.10/bin/../lib/gcc/arm-none-eabi/10.3.1/../../../../arm-none-eabi/lib/thumb/v6-m/nofp\libstdc++.a(eh_personality.o)
 .text.__gxx_personality_v0
                0x1000fb40      0x4c8 c:/progra~2/gnuarm~1/102021~1.10/bin/../lib/gcc/arm-none-eabi/10.3.1/../../../../arm-none-eabi/lib/thumb/v6-m/nofp\libstdc++.a(eh_personality.o)
                0x1000fb40                __gxx_personality_v0
 .text.__cxa_current_exception_type
                0x10010008       0x20 c:/progra~2/gnuarm~1/102021~1.10/bin/../lib/gcc/arm-none-eabi/10.3.1/../../../../arm-none-eabi/lib/thumb/v6-m/nofp\libstdc++.a(eh_type.o)
                0x10010008                __cxa_current_exception_type
 .text.abort    0x10010028       0x10 c:/progra~2/gnuarm~1/102021~1.10/bin/../lib/gcc/arm-none-eabi/10.3.1/../../../../arm-none-eabi/lib/thumb/v6-m/nofp\libc.a(lib_a-abort.o)
                0x10010028                abort
 .text.fputc    0x10010038       0x58 c:/progra~2/gnuarm~1/102021~1.10/bin/../lib/gcc/arm-none-eabi/10.3.1/../../../../arm-none-eabi/lib/thumb/v6-m/nofp\libc.a(lib_a-fputc.o)
                0x10010038                fputc
 .text._fputs_r
                0x10010090       0x8c c:/progra~2/gnuarm~1/102021~1.10/bin/../lib/gcc/arm-none-eabi/10.3.1/../../../../arm-none-eabi/lib/thumb/v6-m/nofp\libc.a(lib_a-fputs.o)
                0x10010090                _fputs_r
 .text.fputs    0x1001011c       0x18 c:/progra~2/gnuarm~1/102021~1.10/bin/../lib/gcc/arm-none-eabi/10.3.1/../../../../arm-none-eabi/lib/thumb/v6-m/nofp\libc.a(lib_a-fputs.o)
                0x1001011c                fputs
 .text.__sfvwrite_r
                0x10010134      0x2f4 c:/progra~2/gnuarm~1/102021~1.10/bin/../lib/gcc/arm-none-eabi/10.3.1/../../../../arm-none-eabi/lib/thumb/v6-m/nofp\libc.a(lib_a-fvwrite.o)
                0x10010134                __sfvwrite_r
 .text._fwrite_r
                0x10010428       0xb0 c:/progra~2/gnuarm~1/102021~1.10/bin/../lib/gcc/arm-none-eabi/10.3.1/../../../../arm-none-eabi/lib/thumb/v6-m/nofp\libc.a(lib_a-fwrite.o)
                0x10010428                _fwrite_r
 .text.fwrite   0x100104d8       0x20 c:/progra~2/gnuarm~1/102021~1.10/bin/../lib/gcc/arm-none-eabi/10.3.1/../../../../arm-none-eabi/lib/thumb/v6-m/nofp\libc.a(lib_a-fwrite.o)
                0x100104d8                fwrite
 .text.__retarget_lock_init_recursive
                0x100104f8        0x4 c:/progra~2/gnuarm~1/102021~1.10/bin/../lib/gcc/arm-none-eabi/10.3.1/../../../../arm-none-eabi/lib/thumb/v6-m/nofp\libc.a(lib_a-lock.o)
                0x100104f8                __retarget_lock_init_recursive
 .text.__retarget_lock_close_recursive
                0x100104fc        0x4 c:/progra~2/gnuarm~1/102021~1.10/bin/../lib/gcc/arm-none-eabi/10.3.1/../../../../arm-none-eabi/lib/thumb/v6-m/nofp\libc.a(lib_a-lock.o)
                0x100104fc                __retarget_lock_close_recursive
 .text.__retarget_lock_acquire_recursive
                0x10010500        0x4 c:/progra~2/gnuarm~1/102021~1.10/bin/../lib/gcc/arm-none-eabi/10.3.1/../../../../arm-none-eabi/lib/thumb/v6-m/nofp\libc.a(lib_a-lock.o)
                0x10010500                __retarget_lock_acquire_recursive
 .text.__retarget_lock_release_recursive
                0x10010504        0x4 c:/progra~2/gnuarm~1/102021~1.10/bin/../lib/gcc/arm-none-eabi/10.3.1/../../../../arm-none-eabi/lib/thumb/v6-m/nofp\libc.a(lib_a-lock.o)
                0x10010504                __retarget_lock_release_recursive
 .text.malloc   0x10010508       0x14 c:/progra~2/gnuarm~1/102021~1.10/bin/../lib/gcc/arm-none-eabi/10.3.1/../../../../arm-none-eabi/lib/thumb/v6-m/nofp\libc.a(lib_a-malloc.o)
                0x10010508                malloc
 .text.free     0x1001051c       0x14 c:/progra~2/gnuarm~1/102021~1.10/bin/../lib/gcc/arm-none-eabi/10.3.1/../../../../arm-none-eabi/lib/thumb/v6-m/nofp\libc.a(lib_a-malloc.o)
                0x1001051c                free
 .text._malloc_r
                0x10010530      0x584 c:/progra~2/gnuarm~1/102021~1.10/bin/../lib/gcc/arm-none-eabi/10.3.1/../../../../arm-none-eabi/lib/thumb/v6-m/nofp\libc.a(lib_a-mallocr.o)
                0x10010530                _malloc_r
 .text.__malloc_lock
                0x10010ab4       0x10 c:/progra~2/gnuarm~1/102021~1.10/bin/../lib/gcc/arm-none-eabi/10.3.1/../../../../arm-none-eabi/lib/thumb/v6-m/nofp\libc.a(lib_a-mlock.o)
                0x10010ab4                __malloc_lock
 .text.__malloc_unlock
                0x10010ac4       0x10 c:/progra~2/gnuarm~1/102021~1.10/bin/../lib/gcc/arm-none-eabi/10.3.1/../../../../arm-none-eabi/lib/thumb/v6-m/nofp\libc.a(lib_a-mlock.o)
                0x10010ac4                __malloc_unlock
 .text._putc_r  0x10010ad4       0x74 c:/progra~2/gnuarm~1/102021~1.10/bin/../lib/gcc/arm-none-eabi/10.3.1/../../../../arm-none-eabi/lib/thumb/v6-m/nofp\libc.a(lib_a-putc.o)
                0x10010ad4                _putc_r
 .text.realloc  0x10010b48       0x18 c:/progra~2/gnuarm~1/102021~1.10/bin/../lib/gcc/arm-none-eabi/10.3.1/../../../../arm-none-eabi/lib/thumb/v6-m/nofp\libc.a(lib_a-realloc.o)
                0x10010b48                realloc
 .text._realloc_r
                0x10010b60      0x354 c:/progra~2/gnuarm~1/102021~1.10/bin/../lib/gcc/arm-none-eabi/10.3.1/../../../../arm-none-eabi/lib/thumb/v6-m/nofp\libc.a(lib_a-reallocr.o)
                0x10010b60                _realloc_r
 .text._sbrk_r  0x10010eb4       0x24 c:/progra~2/gnuarm~1/102021~1.10/bin/../lib/gcc/arm-none-eabi/10.3.1/../../../../arm-none-eabi/lib/thumb/v6-m/nofp\libc.a(lib_a-sbrkr.o)
                0x10010eb4                _sbrk_r
 .text.raise    0x10010ed8       0x60 c:/progra~2/gnuarm~1/102021~1.10/bin/../lib/gcc/arm-none-eabi/10.3.1/../../../../arm-none-eabi/lib/thumb/v6-m/nofp\libc.a(lib_a-signal.o)
                0x10010ed8                raise
 .text._kill_r  0x10010f38       0x28 c:/progra~2/gnuarm~1/102021~1.10/bin/../lib/gcc/arm-none-eabi/10.3.1/../../../../arm-none-eabi/lib/thumb/v6-m/nofp\libc.a(lib_a-signalr.o)
                0x10010f38                _kill_r
 .text._getpid_r
                0x10010f60        0x8 c:/progra~2/gnuarm~1/102021~1.10/bin/../lib/gcc/arm-none-eabi/10.3.1/../../../../arm-none-eabi/lib/thumb/v6-m/nofp\libc.a(lib_a-signalr.o)
                0x10010f60                _getpid_r
 .text          0x10010f68       0x88 c:/progra~2/gnuarm~1/102021~1.10/bin/../lib/gcc/arm-none-eabi/10.3.1/../../../../arm-none-eabi/lib/thumb/v6-m/nofp\libc.a(lib_a-strcmp.o)
                0x10010f68                strcmp
 .text.strcpy   0x10010ff0       0x10 c:/progra~2/gnuarm~1/102021~1.10/bin/../lib/gcc/arm-none-eabi/10.3.1/../../../../arm-none-eabi/lib/thumb/v6-m/nofp\libc.a(lib_a-strcpy.o)
                0x10010ff0                strcpy
 .text.strlen   0x10011000       0x5c c:/progra~2/gnuarm~1/102021~1.10/bin/../lib/gcc/arm-none-eabi/10.3.1/../../../../arm-none-eabi/lib/thumb/v6-m/nofp\libc.a(lib_a-strlen-stub.o)
                0x10011000                strlen
 .text.strncmp  0x1001105c       0x74 c:/progra~2/gnuarm~1/102021~1.10/bin/../lib/gcc/arm-none-eabi/10.3.1/../../../../arm-none-eabi/lib/thumb/v6-m/nofp\libc.a(lib_a-strncmp.o)
                0x1001105c                strncmp
 .text.__swbuf_r
                0x100110d0       0xc8 c:/progra~2/gnuarm~1/102021~1.10/bin/../lib/gcc/arm-none-eabi/10.3.1/../../../../arm-none-eabi/lib/thumb/v6-m/nofp\libc.a(lib_a-wbuf.o)
                0x100110d0                __swbuf_r
 .text._write_r
                0x10011198       0x28 c:/progra~2/gnuarm~1/102021~1.10/bin/../lib/gcc/arm-none-eabi/10.3.1/../../../../arm-none-eabi/lib/thumb/v6-m/nofp\libc.a(lib_a-writer.o)
                0x10011198                _write_r
 .text.__swsetup_r
                0x100111c0       0xdc c:/progra~2/gnuarm~1/102021~1.10/bin/../lib/gcc/arm-none-eabi/10.3.1/../../../../arm-none-eabi/lib/thumb/v6-m/nofp\libc.a(lib_a-wsetup.o)
                0x100111c0                __swsetup_r
 .text.__sflush_r
                0x1001129c      0x140 c:/progra~2/gnuarm~1/102021~1.10/bin/../lib/gcc/arm-none-eabi/10.3.1/../../../../arm-none-eabi/lib/thumb/v6-m/nofp\libc.a(lib_a-fflush.o)
                0x1001129c                __sflush_r
 .text._fflush_r
                0x100113dc       0x6c c:/progra~2/gnuarm~1/102021~1.10/bin/../lib/gcc/arm-none-eabi/10.3.1/../../../../arm-none-eabi/lib/thumb/v6-m/nofp\libc.a(lib_a-fflush.o)
                0x100113dc                _fflush_r
 .text._cleanup_r
                0x10011448       0x10 c:/progra~2/gnuarm~1/102021~1.10/bin/../lib/gcc/arm-none-eabi/10.3.1/../../../../arm-none-eabi/lib/thumb/v6-m/nofp\libc.a(lib_a-findfp.o)
                0x10011448                _cleanup_r
 .text.__sinit  0x10011458      0x120 c:/progra~2/gnuarm~1/102021~1.10/bin/../lib/gcc/arm-none-eabi/10.3.1/../../../../arm-none-eabi/lib/thumb/v6-m/nofp\libc.a(lib_a-findfp.o)
                0x10011458                __sinit
 .text.__sfp_lock_acquire
                0x10011578       0x10 c:/progra~2/gnuarm~1/102021~1.10/bin/../lib/gcc/arm-none-eabi/10.3.1/../../../../arm-none-eabi/lib/thumb/v6-m/nofp\libc.a(lib_a-findfp.o)
                0x10011578                __sfp_lock_acquire
 .text.__sfp_lock_release
                0x10011588       0x10 c:/progra~2/gnuarm~1/102021~1.10/bin/../lib/gcc/arm-none-eabi/10.3.1/../../../../arm-none-eabi/lib/thumb/v6-m/nofp\libc.a(lib_a-findfp.o)
                0x10011588                __sfp_lock_release
 .text._malloc_trim_r
                0x10011598       0x9c c:/progra~2/gnuarm~1/102021~1.10/bin/../lib/gcc/arm-none-eabi/10.3.1/../../../../arm-none-eabi/lib/thumb/v6-m/nofp\libc.a(lib_a-freer.o)
                0x10011598                _malloc_trim_r
 .text._free_r  0x10011634      0x1c4 c:/progra~2/gnuarm~1/102021~1.10/bin/../lib/gcc/arm-none-eabi/10.3.1/../../../../arm-none-eabi/lib/thumb/v6-m/nofp\libc.a(lib_a-freer.o)
                0x10011634                _free_r
 .text._fwalk_reent
                0x100117f8       0x48 c:/progra~2/gnuarm~1/102021~1.10/bin/../lib/gcc/arm-none-eabi/10.3.1/../../../../arm-none-eabi/lib/thumb/v6-m/nofp\libc.a(lib_a-fwalk.o)
                0x100117f8                _fwalk_reent
 .text.__smakebuf_r
                0x10011840       0xe4 c:/progra~2/gnuarm~1/102021~1.10/bin/../lib/gcc/arm-none-eabi/10.3.1/../../../../arm-none-eabi/lib/thumb/v6-m/nofp\libc.a(lib_a-makebuf.o)
                0x10011840                __smakebuf_r
 .text.__sread  0x10011924       0x28 c:/progra~2/gnuarm~1/102021~1.10/bin/../lib/gcc/arm-none-eabi/10.3.1/../../../../arm-none-eabi/lib/thumb/v6-m/nofp\libc.a(lib_a-stdio.o)
                0x10011924                __sread
 .text.__swrite
                0x1001194c       0x40 c:/progra~2/gnuarm~1/102021~1.10/bin/../lib/gcc/arm-none-eabi/10.3.1/../../../../arm-none-eabi/lib/thumb/v6-m/nofp\libc.a(lib_a-stdio.o)
                0x1001194c                __swrite
 .text.__sseek  0x1001198c       0x2c c:/progra~2/gnuarm~1/102021~1.10/bin/../lib/gcc/arm-none-eabi/10.3.1/../../../../arm-none-eabi/lib/thumb/v6-m/nofp\libc.a(lib_a-stdio.o)
                0x1001198c                __sseek
 .text.__sclose
                0x100119b8        0xc c:/progra~2/gnuarm~1/102021~1.10/bin/../lib/gcc/arm-none-eabi/10.3.1/../../../../arm-none-eabi/lib/thumb/v6-m/nofp\libc.a(lib_a-stdio.o)
                0x100119b8                __sclose
 .text._close_r
                0x100119c4       0x24 c:/progra~2/gnuarm~1/102021~1.10/bin/../lib/gcc/arm-none-eabi/10.3.1/../../../../arm-none-eabi/lib/thumb/v6-m/nofp\libc.a(lib_a-closer.o)
                0x100119c4                _close_r
 .text._fclose_r
                0x100119e8       0xdc c:/progra~2/gnuarm~1/102021~1.10/bin/../lib/gcc/arm-none-eabi/10.3.1/../../../../arm-none-eabi/lib/thumb/v6-m/nofp\libc.a(lib_a-fclose.o)
                0x100119e8                _fclose_r
 .text._fstat_r
                0x10011ac4       0x28 c:/progra~2/gnuarm~1/102021~1.10/bin/../lib/gcc/arm-none-eabi/10.3.1/../../../../arm-none-eabi/lib/thumb/v6-m/nofp\libc.a(lib_a-fstatr.o)
                0x10011ac4                _fstat_r
 .text._isatty_r
                0x10011aec       0x24 c:/progra~2/gnuarm~1/102021~1.10/bin/../lib/gcc/arm-none-eabi/10.3.1/../../../../arm-none-eabi/lib/thumb/v6-m/nofp\libc.a(lib_a-isattyr.o)
                0x10011aec                _isatty_r
 .text._lseek_r
                0x10011b10       0x28 c:/progra~2/gnuarm~1/102021~1.10/bin/../lib/gcc/arm-none-eabi/10.3.1/../../../../arm-none-eabi/lib/thumb/v6-m/nofp\libc.a(lib_a-lseekr.o)
                0x10011b10                _lseek_r
 .text._read_r  0x10011b38       0x28 c:/progra~2/gnuarm~1/102021~1.10/bin/../lib/gcc/arm-none-eabi/10.3.1/../../../../arm-none-eabi/lib/thumb/v6-m/nofp\libc.a(lib_a-readr.o)
                0x10011b38                _read_r
 *(.fini)
 .fini          0x10011b60        0x4 c:/progra~2/gnuarm~1/102021~1.10/bin/../lib/gcc/arm-none-eabi/10.3.1/thumb/v6-m/nofp/crti.o
                0x10011b60                _fini
 *fill*         0x10011b64        0x4 
 .fini.__stub   0x10011b68      0x1f0 linker stubs
 *crtbegin.o(.ctors)
 *crtbegin?.o(.ctors)
 *(EXCLUDE_FILE(*crtend.o *crtend?.o) .ctors)
 *(SORT_BY_NAME(.ctors.*))
 *(.ctors)
 *crtbegin.o(.dtors)
 *crtbegin?.o(.dtors)
 *(EXCLUDE_FILE(*crtend.o *crtend?.o) .dtors)
 *(SORT_BY_NAME(.dtors.*))
 *(.dtors)
 *(.eh_frame*)
 .eh_frame      0x10011d58        0x0 c:/progra~2/gnuarm~1/102021~1.10/bin/../lib/gcc/arm-none-eabi/10.3.1/thumb/v6-m/nofp/crtbegin.o
                0x10011d58                . = ALIGN (0x4)

.glue_7         0x10011d58        0x0
 .glue_7        0x10011d58        0x0 linker stubs

.glue_7t        0x10011d58        0x0
 .glue_7t       0x10011d58        0x0 linker stubs

.vfp11_veneer   0x10011d58        0x0
 .vfp11_veneer  0x10011d58        0x0 linker stubs

.v4_bx          0x10011d58        0x0
 .v4_bx         0x10011d58        0x0 linker stubs

.iplt           0x10011d58        0x0
 .iplt          0x10011d58        0x0 c:/progra~2/gnuarm~1/102021~1.10/bin/../lib/gcc/arm-none-eabi/10.3.1/thumb/v6-m/nofp/crtbegin.o

.rodata         0x10011d58     0x22b0
 *(EXCLUDE_FILE(*libm.a: *libc.a:*lib_a-mem*.o *libgcc.a:) .rodata*)
 .rodata._Z17core1_serial_loopv.str1.4
                0x10011d58       0x3a CMakeFiles/pico_rc_link.dir/pico_rc_link.cpp.obj
 *fill*         0x10011d92        0x2 
 .rodata._Z13core0_rf_loopv.str1.4
                0x10011d94       0x17 CMakeFiles/pico_rc_link.dir/pico_rc_link.cpp.obj
 *fill*         0x10011dab        0x1 
 .rodata._Z11core0_entryv.str1.4
                0x10011dac       0x48 CMakeFiles/pico_rc_link.dir/pico_rc_link.cpp.obj
 .rodata.str1.4
                0x10011df4        0x7 CMakeFiles/pico_rc_link.dir/LoRa-RP2040.cpp.obj
 *fill*         0x10011dfb        0x1 
 .rodata.CSWTCH.43
                0x10011dfc       0x28 CMakeFiles/pico_rc_link.dir/LoRa-RP2040.cpp.obj
 .rodata._ZTV9LoRaClass
                0x10011e24       0x24 CMakeFiles/pico_rc_link.dir/LoRa-RP2040.cpp.obj
                0x10011e24                vtable for LoRaClass
 .rodata._ZZN9LoRaClass5beginElE8__bi_111
                0x10011e48        0x8 CMakeFiles/pico_rc_link.dir/LoRa-RP2040.cpp.obj
 .rodata.spin_lock_claim_unused.str1.4
                0x10011e50       0x1b CMakeFiles/pico_rc_link.dir/C_/Users/aspen/Code/pico-sdk/src/rp2_common/hardware_sync/sync.c.obj
 *fill*         0x10011e6b        0x1 
 .rodata.user_irq_claim_unused.str1.4
                0x10011e6c       0x1b CMakeFiles/pico_rc_link.dir/C_/Users/aspen/Code/pico-sdk/src/rp2_common/hardware_irq/irq.c.obj
 *fill*         0x10011e87        0x1 
 .rodata.at_the_end_of_time
                0x10011e88        0x8 CMakeFiles/pico_rc_link.dir/C_/Users/aspen/Code/pico-sdk/src/common/pico_time/time.c.obj
                0x10011e88                at_the_end_of_time
 .rodata.hardware_alarm_claim.str1.4
                0x10011e90       0x22 CMakeFiles/pico_rc_link.dir/C_/Users/aspen/Code/pico-sdk/src/rp2_common/hardware_timer/timer.c.obj
 *fill*         0x10011eb2        0x2 
 .rodata.panic.str1.4
                0x10011eb4       0x10 CMakeFiles/pico_rc_link.dir/C_/Users/aspen/Code/pico-sdk/src/rp2_common/pico_runtime/runtime.c.obj
                                 0x12 (size before relaxing)
 .rodata.hard_assertion_failure.str1.4
                0x10011ec4        0xc CMakeFiles/pico_rc_link.dir/C_/Users/aspen/Code/pico-sdk/src/rp2_common/pico_runtime/runtime.c.obj
 .rodata._ftoa.str1.4
                0x10011ed0       0x15 CMakeFiles/pico_rc_link.dir/C_/Users/aspen/Code/pico-sdk/src/rp2_common/pico_printf/printf.c.obj
 *fill*         0x10011ee5        0x3 
 .rodata._vsnprintf
                0x10011ee8      0x1e0 CMakeFiles/pico_rc_link.dir/C_/Users/aspen/Code/pico-sdk/src/rp2_common/pico_printf/printf.c.obj
 .rodata.pow10.0
                0x100120c8       0x50 CMakeFiles/pico_rc_link.dir/C_/Users/aspen/Code/pico-sdk/src/rp2_common/pico_printf/printf.c.obj
 .rodata.__wrap_malloc.str1.4
                0x10012118        0xe CMakeFiles/pico_rc_link.dir/C_/Users/aspen/Code/pico-sdk/src/rp2_common/pico_malloc/pico_malloc.c.obj
 *fill*         0x10012126        0x2 
 .rodata.str1.4
                0x10012128       0x44 CMakeFiles/pico_rc_link.dir/C_/Users/aspen/Code/pico-sdk/src/rp2_common/pico_standard_link/binary_info.c.obj
 .rodata.__bi_44
                0x1001216c        0xc CMakeFiles/pico_rc_link.dir/C_/Users/aspen/Code/pico-sdk/src/rp2_common/pico_standard_link/binary_info.c.obj
 .rodata.__bi_75
                0x10012178        0xc CMakeFiles/pico_rc_link.dir/C_/Users/aspen/Code/pico-sdk/src/rp2_common/pico_standard_link/binary_info.c.obj
 .rodata.__bi_81
                0x10012184        0xc CMakeFiles/pico_rc_link.dir/C_/Users/aspen/Code/pico-sdk/src/rp2_common/pico_standard_link/binary_info.c.obj
 .rodata.crlf_str.0
                0x10012190        0x2 CMakeFiles/pico_rc_link.dir/C_/Users/aspen/Code/pico-sdk/src/rp2_common/pico_stdio/stdio.c.obj
 *fill*         0x10012192        0x2 
 .rodata._resetd_driver
                0x10012194       0x18 CMakeFiles/pico_rc_link.dir/C_/Users/aspen/Code/pico-sdk/src/rp2_common/pico_stdio_usb/reset_interface.c.obj
 .rodata.str1.4
                0x100121ac       0x13 CMakeFiles/pico_rc_link.dir/C_/Users/aspen/Code/pico-sdk/src/rp2_common/pico_stdio_usb/stdio_usb.c.obj
 *fill*         0x100121bf        0x1 
 .rodata.__bi_182.0
                0x100121c0        0xc CMakeFiles/pico_rc_link.dir/C_/Users/aspen/Code/pico-sdk/src/rp2_common/pico_stdio_usb/stdio_usb.c.obj
 .rodata.str1.4
                0x100121cc       0x2a CMakeFiles/pico_rc_link.dir/C_/Users/aspen/Code/pico-sdk/src/rp2_common/pico_stdio_usb/stdio_usb_descriptors.c.obj
 *fill*         0x100121f6        0x2 
 .rodata.usbd_desc_cfg
                0x100121f8       0x54 CMakeFiles/pico_rc_link.dir/C_/Users/aspen/Code/pico-sdk/src/rp2_common/pico_stdio_usb/stdio_usb_descriptors.c.obj
 .rodata.usbd_desc_device
                0x1001224c       0x12 CMakeFiles/pico_rc_link.dir/C_/Users/aspen/Code/pico-sdk/src/rp2_common/pico_stdio_usb/stdio_usb_descriptors.c.obj
 *fill*         0x1001225e        0x2 
 .rodata.usbd_desc_str
                0x10012260       0x18 CMakeFiles/pico_rc_link.dir/C_/Users/aspen/Code/pico-sdk/src/rp2_common/pico_stdio_usb/stdio_usb_descriptors.c.obj
 .rodata.str1.4
                0x10012278       0x14 CMakeFiles/pico_rc_link.dir/C_/Users/aspen/Code/pico-sdk/lib/tinyusb/src/portable/raspberrypi/rp2040/dcd_rp2040.c.obj
 .rodata.str1.4
                0x1001228c       0x53 CMakeFiles/pico_rc_link.dir/C_/Users/aspen/Code/pico-sdk/lib/tinyusb/src/portable/raspberrypi/rp2040/rp2040_usb.c.obj
 *fill*         0x100122df        0x1 
 .rodata.tud_task_ext
                0x100122e0       0x8c CMakeFiles/pico_rc_link.dir/C_/Users/aspen/Code/pico-sdk/lib/tinyusb/src/device/usbd.c.obj
 .rodata._usbd_driver
                0x1001236c       0x18 CMakeFiles/pico_rc_link.dir/C_/Users/aspen/Code/pico-sdk/lib/tinyusb/src/device/usbd.c.obj
 .rodata._ZTIN9__gnu_cxx20recursive_init_errorE
                0x10012384        0xc c:/progra~2/gnuarm~1/102021~1.10/bin/../lib/gcc/arm-none-eabi/10.3.1/../../../../arm-none-eabi/lib/thumb/v6-m/nofp\libstdc++.a(guard_error.o)
                0x10012384                typeinfo for __gnu_cxx::recursive_init_error
 .rodata._ZTSN9__gnu_cxx20recursive_init_errorE
                0x10012390       0x23 c:/progra~2/gnuarm~1/102021~1.10/bin/../lib/gcc/arm-none-eabi/10.3.1/../../../../arm-none-eabi/lib/thumb/v6-m/nofp\libstdc++.a(guard_error.o)
                0x10012390                typeinfo name for __gnu_cxx::recursive_init_error
 *fill*         0x100123b3        0x1 
 .rodata._ZTVN9__gnu_cxx20recursive_init_errorE
                0x100123b4       0x14 c:/progra~2/gnuarm~1/102021~1.10/bin/../lib/gcc/arm-none-eabi/10.3.1/../../../../arm-none-eabi/lib/thumb/v6-m/nofp\libstdc++.a(guard_error.o)
                0x100123b4                vtable for __gnu_cxx::recursive_init_error
 .rodata._ZTIN10__cxxabiv120__si_class_type_infoE
                0x100123c8        0xc c:/progra~2/gnuarm~1/102021~1.10/bin/../lib/gcc/arm-none-eabi/10.3.1/../../../../arm-none-eabi/lib/thumb/v6-m/nofp\libstdc++.a(si_class_type_info.o)
                0x100123c8                typeinfo for __cxxabiv1::__si_class_type_info
 .rodata._ZTSN10__cxxabiv120__si_class_type_infoE
                0x100123d4       0x25 c:/progra~2/gnuarm~1/102021~1.10/bin/../lib/gcc/arm-none-eabi/10.3.1/../../../../arm-none-eabi/lib/thumb/v6-m/nofp\libstdc++.a(si_class_type_info.o)
                0x100123d4                typeinfo name for __cxxabiv1::__si_class_type_info
 *fill*         0x100123f9        0x3 
 .rodata._ZTVN10__cxxabiv120__si_class_type_infoE
                0x100123fc       0x2c c:/progra~2/gnuarm~1/102021~1.10/bin/../lib/gcc/arm-none-eabi/10.3.1/../../../../arm-none-eabi/lib/thumb/v6-m/nofp\libstdc++.a(si_class_type_info.o)